05-27 18:16:26.037  1183  1183 W FrameTracker: Missed SF frame:PREDICTION_ERROR, 397435, 8456062, CUJ=J<LAUNCHER_APP_LAUNCH_FROM_ICON>
05-27 18:16:26.037  1183  1183 W FrameTracker: Missed SF frame:PREDICTION_ERROR, 397443, 6972896, CUJ=J<LAUNCHER_APP_LAUNCH_FROM_ICON>
05-27 18:16:26.037  1183  1183 W FrameTracker: Missed SF frame:PREDICTION_ERROR, 397451, 8162630, CUJ=J<LAUNCHER_APP_LAUNCH_FROM_ICON>
05-27 18:16:26.037  1183  1183 W FrameTracker: Missed SF frame:PREDICTION_ERROR, 397459, 7293864, CUJ=J<LAUNCHER_APP_LAUNCH_FROM_ICON>
05-27 18:16:26.037  1183  1183 W FrameTracker: Missed SF frame:PREDICTION_ERROR, 397467, 7861698, CUJ=J<LAUNCHER_APP_LAUNCH_FROM_ICON>
05-27 18:16:26.038  1183  1183 W FrameTracker: Missing HWUI jank callback for vsyncId: 397491, CUJ=J<LAUNCHER_APP_LAUNCH_FROM_ICON>
05-27 18:16:26.041  1183  1201 V PerfettoTrigger: Not triggering com.android.telemetry.interaction-jank-monitor-8 - not enough time since last trigger
05-27 18:16:26.112  6998  6998 D AppCompatDelegate: Checking for metadata for AppLocalesMetadataHolderService : Service not found
05-27 18:16:26.172  6998  6998 D nativeloader: Load /data/app/~~sWDLQGqH5Xbz1m-W7wvIGw==/com.smartservicehub-9zVoBYxA7GWKFLbzCUbTeg==/base.apk!/lib/x86_64/libhermes.so using ns clns-7 from class loader (caller=/data/app/~~sWDLQGqH5Xbz1m-W7wvIGw==/com.smartservicehub-9zVoBYxA7GWKFLbzCUbTeg==/base.apk): ok
05-27 18:16:26.175  6998  6998 D nativeloader: Load /data/app/~~sWDLQGqH5Xbz1m-W7wvIGw==/com.smartservicehub-9zVoBYxA7GWKFLbzCUbTeg==/base.apk!/lib/x86_64/libhermestooling.so using ns clns-7 from class loader (caller=/data/app/~~sWDLQGqH5Xbz1m-W7wvIGw==/com.smartservicehub-9zVoBYxA7GWKFLbzCUbTeg==/base.apk): ok
05-27 18:16:26.175  6998  6998 D jni_lib_merge: Entering merged library JNI_OnLoad.
05-27 18:16:26.175  6998  6998 D jni_lib_merge: Preparing 4 pre-merged libs (including stub)
05-27 18:16:26.175  6998  6998 D jni_lib_merge: Preparing to register libhermes_executor_so.  onload_func: 0x798b18328750
05-27 18:16:26.175  6998  6998 D jni_lib_merge: Preparing to register libhermesinstancejni_so.  onload_func: 0x798b18361100
05-27 18:16:26.175  6998  6998 D jni_lib_merge: Preparing to register libjsijniprofiler_so.  onload_func: 0x798b18363180
05-27 18:16:26.175  6998  6998 D jni_lib_merge: About to register 3 actual methods.
05-27 18:16:26.419  6998  6998 W unknown:BridgelessReact: ReactHost{0}.startSurface(surfaceId = 0): Schedule
05-27 18:16:26.419  6998  6998 W unknown:BridgelessReact: ReactHost{0}.attachSurface(surfaceId = 0)
05-27 18:16:26.421  6998  7022 W unknown:BridgelessReact: ReactHost{0}.getOrCreateReactInstanceTask()
05-27 18:16:26.421  6998  7022 W unknown:BridgelessReact: ReactHost{0}.getOrCreateReactInstanceTask(): Start
05-27 18:16:26.421  6998  7022 W unknown:BridgelessReact: ReactHost{0}.getJSBundleLoader()
05-27 18:16:26.421  6998  7022 W unknown:BridgelessReact: ReactHost{0}.isMetroRunning()
05-27 18:16:26.424  6998  6998 D CompatChangeReporter: Compat change id reported: 309578419; UID 10157; state: ENABLED
05-27 18:16:26.443   392  7025 I resolv  : GetAddrInfoHandler::run: {100 100 100 983140 10157 0}
05-27 18:16:26.443   392  7026 I resolv  : GetAddrInfoHandler::run: {100 100 100 983140 10157 0}
05-27 18:16:26.450  6998  7024 D TrafficStats: tagSocket(86) with statsTag=0xffffffff, statsUid=-1
05-27 18:16:26.450  6998  7023 D TrafficStats: tagSocket(84) with statsTag=0xffffffff, statsUid=-1
05-27 18:16:26.454  6998  6998 E TransactionExecutor: Failed to execute the transaction: tId:-930521473 ClientTransaction{
05-27 18:16:26.454  6998  6998 E TransactionExecutor: tId:-930521473   transactionItems=[
05-27 18:16:26.454  6998  6998 E TransactionExecutor: tId:-930521473     LaunchActivityItem{activityToken=android.os.BinderProxy@5e5fbee,intent=Intent { act=android.intent.action.MAIN cat=[android.intent.category.LAUNCHER] flg=0x10200000 cmp=com.smartservicehub/.MainActivity bnds=[648,928][864,1243] },ident=266975905,info=ActivityInfo{4c65f10 com.smartservicehub.MainActivity},curConfig={1.0 310mcc260mnc [en_US] ldltr sw411dp w411dp h914dp 420dpi nrml long port finger qwerty/v/v dpad/v winConfig={ mBounds=Rect(0, 0 - 1080, 2400) mAppBounds=Rect(0, 0 - 1080, 2400) mMaxBounds=Rect(0, 0 - 1080, 2400) mDisplayRotation=ROTATION_0 mWindowingMode=fullscreen mActivityType=undefined mAlwaysOnTop=undefined mRotation=ROTATION_0} as.3 s.205 fontWeightAdjustment=0},overrideConfig={1.0 310mcc260mnc [en_US] ldltr sw411dp w411dp h914dp 420dpi nrml long port finger qwerty/v/v dpad/v winConfig={ mBounds=Rect(0, 0 - 1080, 2400) mAppBounds=Rect(0, 0 - 1080, 2400) mMaxBounds=Rect(0, 0 - 1080, 2400) mDisplayRotation=ROTATION_0 mWindowingMode=fullscreen mActivityType=standard mAlwaysOnTop=undefined mRotation=ROTATION_0} as.3 s.2 fontWeightAdjustment=0},deviceId=0,referrer=null,procState=2,state=null,persistentState=null,pendingResults=null,pendingNewIntents=null,sceneTransitionInfo=null,profilerInfo=null,assistToken=android.os.BinderProxy@3e85a0d,shareableActivityToken=android.os.BinderProxy@86c7dc2,activityWindowInfo=ActivityWindowInfo{isEmbedded=false, taskBounds=Rect(0, 0 - 1080, 2400), taskFragmentBounds=Rect(0, 0 - 1080, 2400)}}
05-27 18:16:26.454  6998  6998 E TransactionExecutor: tId:-930521473     ResumeActivityItem{mActivityToken=android.os.BinderProxy@5e5fbee,procState=-1,updateProcState=false,isForward=true,shouldSendCompatFakeFocus=false}
05-27 18:16:26.454  6998  6998 E TransactionExecutor: tId:-930521473     Target activity: com.smartservicehub.MainActivity
05-27 18:16:26.454  6998  6998 E TransactionExecutor: tId:-930521473   ]
05-27 18:16:26.454  6998  6998 E TransactionExecutor: tId:-930521473 }
05-27 18:16:26.454  6998  6998 D AndroidRuntime: Shutting down VM
05-27 18:16:26.455  6998  6998 E AndroidRuntime: FATAL EXCEPTION: main
05-27 18:16:26.455  6998  6998 E AndroidRuntime: Process: com.smartservicehub, PID: 6998
05-27 18:16:26.455  6998  6998 E AndroidRuntime: java.lang.RuntimeException: Unable to start activity ComponentInfo{com.smartservicehub/com.smartservicehub.MainActivity}: java.lang.IllegalStateException: You need to use a Theme.AppCompat theme (or descendant) with this activity.
05-27 18:16:26.455  6998  6998 E AndroidRuntime: 	at android.app.ActivityThread.performLaunchActivity(ActivityThread.java:4048)
05-27 18:16:26.455  6998  6998 E AndroidRuntime: 	at android.app.ActivityThread.handleLaunchActivity(ActivityThread.java:4235)
05-27 18:16:26.455  6998  6998 E AndroidRuntime: 	at android.app.servertransaction.LaunchActivityItem.execute(LaunchActivityItem.java:112)
05-27 18:16:26.455  6998  6998 E AndroidRuntime: 	at android.app.servertransaction.TransactionExecutor.executeNonLifecycleItem(TransactionExecutor.java:174)
05-27 18:16:26.455  6998  6998 E AndroidRuntime: 	at android.app.servertransaction.TransactionExecutor.executeTransactionItems(TransactionExecutor.java:109)
05-27 18:16:26.455  6998  6998 E AndroidRuntime: 	at android.app.servertransaction.TransactionExecutor.execute(TransactionExecutor.java:81)
05-27 18:16:26.455  6998  6998 E AndroidRuntime: 	at android.app.ActivityThread$H.handleMessage(ActivityThread.java:2636)
05-27 18:16:26.455  6998  6998 E AndroidRuntime: 	at android.os.Handler.dispatchMessage(Handler.java:107)
05-27 18:16:26.455  6998  6998 E AndroidRuntime: 	at android.os.Looper.loopOnce(Looper.java:232)
05-27 18:16:26.455  6998  6998 E AndroidRuntime: 	at android.os.Looper.loop(Looper.java:317)
05-27 18:16:26.455  6998  6998 E AndroidRuntime: 	at android.app.ActivityThread.main(ActivityThread.java:8705)
05-27 18:16:26.455  6998  6998 E AndroidRuntime: 	at java.lang.reflect.Method.invoke(Native Method)
05-27 18:16:26.455  6998  6998 E AndroidRuntime: 	at com.android.internal.os.RuntimeInit$MethodAndArgsCaller.run(RuntimeInit.java:580)
05-27 18:16:26.455  6998  6998 E AndroidRuntime: 	at com.android.internal.os.ZygoteInit.main(ZygoteInit.java:886)
05-27 18:16:26.455  6998  6998 E AndroidRuntime: Caused by: java.lang.IllegalStateException: You need to use a Theme.AppCompat theme (or descendant) with this activity.
05-27 18:16:26.455  6998  6998 E AndroidRuntime: 	at androidx.appcompat.app.AppCompatDelegateImpl.createSubDecor(AppCompatDelegateImpl.java:902)
05-27 18:16:26.455  6998  6998 E AndroidRuntime: 	at androidx.appcompat.app.AppCompatDelegateImpl.ensureSubDecor(AppCompatDelegateImpl.java:865)
05-27 18:16:26.455  6998  6998 E AndroidRuntime: 	at androidx.appcompat.app.AppCompatDelegateImpl.setContentView(AppCompatDelegateImpl.java:739)
05-27 18:16:26.455  6998  6998 E AndroidRuntime: 	at androidx.appcompat.app.AppCompatActivity.setContentView(AppCompatActivity.java:203)
05-27 18:16:26.455  6998  6998 E AndroidRuntime: 	at com.facebook.react.ReactActivityDelegate.loadApp(ReactActivityDelegate.java:157)
05-27 18:16:26.455  6998  6998 E AndroidRuntime: 	at com.facebook.react.ReactActivityDelegate.lambda$onCreate$0(ReactActivityDelegate.java:150)
05-27 18:16:26.455  6998  6998 E AndroidRuntime: 	at com.facebook.react.ReactActivityDelegate.$r8$lambda$HPdXfLmAU1y4Wc1XbwAHziPP2WA(Unknown Source:0)
05-27 18:16:26.455  6998  6998 E AndroidRuntime: 	at com.facebook.react.ReactActivityDelegate$$ExternalSyntheticLambda0.run(D8$$SyntheticClass:0)
05-27 18:16:26.455  6998  6998 E AndroidRuntime: 	at com.facebook.systrace.Systrace.traceSection(Systrace.kt:39)
05-27 18:16:26.455  6998  6998 E AndroidRuntime: 	at com.facebook.react.ReactActivityDelegate.onCreate(ReactActivityDelegate.java:118)
05-27 18:16:26.455  6998  6998 E AndroidRuntime: 	at com.facebook.react.ReactActivity.onCreate(ReactActivity.java:47)
05-27 18:16:26.455  6998  6998 E AndroidRuntime: 	at com.smartservicehub.MainActivity.onCreate(MainActivity.kt:12)
05-27 18:16:26.455  6998  6998 E AndroidRuntime: 	at android.app.Activity.performCreate(Activity.java:9002)
05-27 18:16:26.455  6998  6998 E AndroidRuntime: 	at android.app.Activity.performCreate(Activity.java:8980)
05-27 18:16:26.455  6998  6998 E AndroidRuntime: 	at android.app.Instrumentation.callActivityOnCreate(Instrumentation.java:1526)
05-27 18:16:26.455  6998  6998 E AndroidRuntime: 	at android.app.ActivityThread.performLaunchActivity(ActivityThread.java:4030)
05-27 18:16:26.455  6998  6998 E AndroidRuntime: 	... 13 more
05-27 18:16:26.458   639  6169 W ActivityTaskManager:   Force finishing activity com.smartservicehub/.MainActivity
05-27 18:16:26.459   903   945 V WindowManagerShell: Transition requested (#250): android.os.BinderProxy@9f58c95 TransitionRequestInfo { type = CLOSE, triggerTask = null, pipTask = null, remoteTransition = null, displayChange = null, flags = 16, debugId = 250 }
05-27 18:16:26.462  6998  6998 I Process : Sending signal. PID: 6998 SIG: 9
05-27 18:16:26.464  1183  1183 D VRI[QuickstepLauncher]: visibilityChanged oldVisibility=false newVisibility=true
05-27 18:16:26.464  1183  1183 I TopTaskTracker: onTaskMovedToFront: (moved taskInfo to front) taskId=7, baseIntent=Intent { act=android.intent.action.MAIN cat=[android.intent.category.HOME] flg=0x10000100 cmp=com.android.launcher3/.uioverrides.QuickstepLauncher }
05-27 18:16:26.471   639  6169 I ActivityManager: Process com.smartservicehub (pid 6998) has died: fg  TOP 
05-27 18:16:26.471   473   473 I adbd    : Remote process closed the socket (on MSG_PEEK)
--------- beginning of kernel
05-27 18:16:26.445     0     0 I binder  : undelivered transaction 1210607, process died.
05-27 18:16:26.473   639   666 D DisplayManagerService: Drop pending events for gone uid 10157
05-27 18:16:26.474   393   393 I Zygote  : Process 6998 exited due to signal 9 (Killed)
05-27 18:16:26.475   639   681 I libprocessgroup: Removed cgroup /sys/fs/cgroup/uid_10157/pid_6998
05-27 18:16:26.475   639   814 D InetDiagMessage: Destroyed 0 sockets, proto=IPPROTO_TCP, family=AF_INET, states=14
05-27 18:16:26.476   639   814 D InetDiagMessage: Destroyed 0 sockets, proto=IPPROTO_TCP, family=AF_INET6, states=14
05-27 18:16:26.476   464   464 I BpBinder: onLastStrongRef automatically unlinking death recipients: 
05-27 18:16:26.476   639   814 D InetDiagMessage: Destroyed live tcp sockets for uids={10157} in 2ms
05-27 18:16:26.477   639   814 D InetDiagMessage: Destroyed 0 sockets, proto=IPPROTO_TCP, family=AF_INET, states=14
05-27 18:16:26.477   639   814 D InetDiagMessage: Destroyed 0 sockets, proto=IPPROTO_TCP, family=AF_INET6, states=14
05-27 18:16:26.477   639   814 D InetDiagMessage: Destroyed live tcp sockets for uids={20157} in 1ms
05-27 18:16:26.480  1183  1183 D BaseDepthController: mSurface is not valid
05-27 18:16:26.486  1183  1183 D BaseDepthController: setSurface:
05-27 18:16:26.486  1183  1183 D BaseDepthController: 	mWaitingOnSurfaceValidity: true
05-27 18:16:26.486  1183  1183 D BaseDepthController: 	mSurface: Surface(name=com.android.launcher3/com.android.launcher3.uioverrides.QuickstepLauncher)/@0xc46be3c
05-27 18:16:26.498   392   392 I netd    : tetherGetStats() -> {[]} <0.64ms>
05-27 18:16:26.557  1183  1183 D StatsLog: LAUNCHER_ONRESUME
05-27 18:16:26.563  1183  4158 E FrameEvents: addRelease: Did not find frame.
05-27 18:16:26.564   903  1298 V WindowManagerShell: onTransitionReady(transaction=2744484112759)
05-27 18:16:26.564   903   945 V WindowManagerShell: onTransitionReady (#250) android.os.BinderProxy@9f58c95: {id=250 t=CLOSE f=0x10 trk=0 r=[0@Point(0, 0)] c=[{WCT{android.window.IWindowContainerToken$Stub$Proxy@d6bfe76} m=TO_FRONT f=SHOW_WALLPAPER|MOVE_TO_TOP leash=Surface(name=Task=1)/@0xea071aa sb=Rect(0, 0 - 1080, 2400) eb=Rect(0, 0 - 1080, 2400) d=0 taskParent=-1},{WCT{android.window.IWindowContainerToken$Stub$Proxy@3c77c77} m=CLOSE f=NONE leash=Surface(name=Task=94)/@0x6e619b sb=Rect(0, 0 - 1080, 2400) eb=Rect(0, 0 - 1080, 2400) d=0 taskParent=-1},{null m=TO_FRONT f=IS_WALLPAPER leash=Surface(name=WallpaperWindowToken{40e9598 token=android.os.Binder@463337b})/@0x99ef938 sb=Rect(0, 0 - 1080, 2400) eb=Rect(0, 0 - 1080, 2400) d=0}]}
05-27 18:16:26.565   903   945 V WindowManagerShell: Playing animation for (#250) android.os.BinderProxy@9f58c95@0
05-27 18:16:26.566   903   945 V WindowManagerShell:  try handler com.android.wm.shell.transition.DefaultMixedHandler@4ef87
05-27 18:16:26.566   903   945 V WindowManagerShell:  try handler com.android.wm.shell.keyguard.KeyguardTransitionHandler@c7f4eb4
05-27 18:16:26.566   903   945 V WindowManagerShell:  try handler com.android.wm.shell.pip.PipTransition@f678add
05-27 18:16:26.566   903   945 V WindowManagerShell:  try handler com.android.wm.shell.activityembedding.ActivityEmbeddingController@31ca220
05-27 18:16:26.566   903   945 V WindowManagerShell:  try handler com.android.wm.shell.recents.RecentsTransitionHandler@156f7d9
05-27 18:16:26.566   903   945 V ShellRecents: RecentsTransitionHandler.startAnimation: no controller found
05-27 18:16:26.566   903   945 V WindowManagerShell:  try handler com.android.wm.shell.splitscreen.StageCoordinator@c61d59e
05-27 18:16:26.566   903   945 V WindowManagerShell:  try handler com.android.wm.shell.transition.RemoteTransitionHandler@af2487f
05-27 18:16:26.566   903   945 V WindowManagerShell: Transition doesn't have explicit remote, search filters for match for {id=250 t=CLOSE f=0x10 trk=0 r=[0@Point(0, 0)] c=[{WCT{android.window.IWindowContainerToken$Stub$Proxy@d6bfe76} m=TO_FRONT f=SHOW_WALLPAPER|MOVE_TO_TOP leash=Surface(name=Task=1)/@0xea071aa sb=Rect(0, 0 - 1080, 2400) eb=Rect(0, 0 - 1080, 2400) d=0 taskParent=-1},{WCT{android.window.IWindowContainerToken$Stub$Proxy@3c77c77} m=CLOSE f=NONE leash=Surface(name=Task=94)/@0x6e619b sb=Rect(0, 0 - 1080, 2400) eb=Rect(0, 0 - 1080, 2400) d=0 taskParent=-1},{null m=TO_FRONT f=IS_WALLPAPER leash=Surface(name=WallpaperWindowToken{40e9598 token=android.os.Binder@463337b})/@0x99ef938 sb=Rect(0, 0 - 1080, 2400) eb=Rect(0, 0 - 1080, 2400) d=0}]}
05-27 18:16:26.567   903   945 V WindowManagerShell:  Checking filter Pair{{types=[] flags=0x0] notFlags=0x100 checks=[{atype=home independent=true modes=[OPEN,TO_FRONT] flags=NONE mustBeTask=false order=TOP topActivity=ComponentInfo{com.android.launcher3/com.android.launcher3.uioverrides.QuickstepLauncher} launchCookie=null},{atype=standard independent=true modes=[CLOSE,TO_BACK] flags=NONE mustBeTask=false order=ANY topActivity=null launchCookie=null}]} RemoteTransition { remoteTransition = android.window.IRemoteTransition$Stub$Proxy@b9b1a9b, appThread = android.app.IApplicationThread$Stub$Proxy@207be38, debugName = QuickstepLaunchHome }}
05-27 18:16:26.568   903   945 D RemoteTransitionHandler: Found filterPair{{types=[] flags=0x0] notFlags=0x100 checks=[{atype=home independent=true modes=[OPEN,TO_FRONT] flags=NONE mustBeTask=false order=TOP topActivity=ComponentInfo{com.android.launcher3/com.android.launcher3.uioverrides.QuickstepLauncher} launchCookie=null},{atype=standard independent=true modes=[CLOSE,TO_BACK] flags=NONE mustBeTask=false order=ANY topActivity=null launchCookie=null}]} RemoteTransition { remoteTransition = android.window.IRemoteTransition$Stub$Proxy@b9b1a9b, appThread = android.app.IApplicationThread$Stub$Proxy@207be38, debugName = QuickstepLaunchHome }}
05-27 18:16:26.568   903   945 V WindowManagerShell:  Delegate animation for (#250) to RemoteTransition { remoteTransition = android.window.IRemoteTransition$Stub$Proxy@b9b1a9b, appThread = android.app.IApplicationThread$Stub$Proxy@207be38, debugName = QuickstepLaunchHome }
05-27 18:16:26.598   639   665 V WindowManager: Sent Transition (#250) createdAt=05-27 18:16:26.458 via request=TransitionRequestInfo { type = CLOSE, triggerTask = null, pipTask = null, remoteTransition = null, displayChange = null, flags = 16, debugId = 250 }
05-27 18:16:26.598   639   665 V WindowManager:     startWCT=WindowContainerTransaction { changes = {} hops = [] errorCallbackToken=null taskFragmentOrganizer=null }
05-27 18:16:26.598   639   665 V WindowManager:     info={id=250 t=CLOSE f=0x10 trk=0 r=[0@Point(0, 0)] c=[
05-27 18:16:26.598   639   665 V WindowManager:         {WCT{RemoteToken{154c72 Task{44cfd8e #1 type=home}}} m=TO_FRONT f=SHOW_WALLPAPER|MOVE_TO_TOP leash=Surface(name=Task=1)/@0x383cb91 sb=Rect(0, 0 - 1080, 2400) eb=Rect(0, 0 - 1080, 2400) d=0 taskParent=-1},
05-27 18:16:26.598   639   665 V WindowManager:         {WCT{RemoteToken{258e11 Task{6e7b4c6 #94 type=standard A=10157:com.smartservicehub}}} m=CLOSE f=NONE leash=Surface(name=Task=94)/@0xe7aad95 sb=Rect(0, 0 - 1080, 2400) eb=Rect(0, 0 - 1080, 2400) d=0 taskParent=-1},
05-27 18:16:26.598   639   665 V WindowManager:         {null m=TO_FRONT f=IS_WALLPAPER leash=Surface(name=WallpaperWindowToken{40e9598 token=android.os.Binder@463337b})/@0xf1da354 sb=Rect(0, 0 - 1080, 2400) eb=Rect(0, 0 - 1080, 2400) d=0}
05-27 18:16:26.598   639   665 V WindowManager:     ]}
05-27 18:16:26.600   903   945 V WindowManagerShell:  animated by com.android.wm.shell.transition.RemoteTransitionHandler@af2487f
05-27 18:16:26.600   903   945 W Looper  : Slow dispatch took 36ms wmshell.main h=android.os.Handler c=com.android.wm.shell.transition.Transitions$TransitionPlayerImpl$$ExternalSyntheticLambda0@2dbb94d m=0
05-27 18:16:26.601   639  3072 W UserManagerService: Requested status bar icon for non-badged user 0
05-27 18:16:26.610   464   464 E SurfaceFlinger: Out of order buffers detected for RequestedLayerState{com.android.launcher3/com.android.launcher3.uioverrides.QuickstepLauncher#2762 parentId=1419} producedId=85 frameNumber=76 -> producedId=85 frameNumber=2
05-27 18:16:26.610   464   464 D SurfaceFlinger: TransactionTraceWriter: file=/data/misc/wmtrace/out_of_order_buffers_transactions_trace.winscope already exists
05-27 18:16:26.611   424   519 I RanchuHwc: logCompositionFallbackIfChanged: layer 667 CompositionType fallback from 2 to 1
05-27 18:16:26.615   903   980 W WindowOnBackDispatcher: sendCancelIfRunning: isInProgress=false callback=android.view.ViewRootImpl$$ExternalSyntheticLambda11@87695fa
05-27 18:16:26.616   639  3072 D CoreBackPreview: Window{4153b20 u0 Splash Screen com.smartservicehub EXITING}: Setting back callback null
05-27 18:16:26.617   639  1661 W InputManager-JNI: Input channel object '4153b20 Splash Screen com.smartservicehub (client)' was disposed without first being removed with the input manager!
05-27 18:16:26.621  1183  1467 D EGL_emulation: app_time_stats: avg=30.55ms min=1.37ms max=557.01ms count=38
05-27 18:16:26.625   464   464 E SurfaceFlinger: Out of order buffers detected for RequestedLayerState{com.android.launcher3/com.android.launcher3.uioverrides.QuickstepLauncher#2762 parentId=1419} producedId=85 frameNumber=76 -> producedId=85 frameNumber=3
05-27 18:16:26.625   464   464 D SurfaceFlinger: TransactionTraceWriter: file=/data/misc/wmtrace/out_of_order_buffers_transactions_trace.winscope already exists
05-27 18:16:26.634   639   774 I ImeTracker: com.android.launcher3:9515dc71: onRequestHide at ORIGIN_SERVER reason HIDE_SAME_WINDOW_FOCUSED_WITHOUT_EDITOR fromUser false
05-27 18:16:26.635   639   774 I ImeTracker: com.android.launcher3:9515dc71: onCancelled at PHASE_SERVER_SHOULD_HIDE
05-27 18:16:26.641   464   464 E SurfaceFlinger: Out of order buffers detected for RequestedLayerState{com.android.launcher3/com.android.launcher3.uioverrides.QuickstepLauncher#2762 parentId=1419} producedId=85 frameNumber=76 -> producedId=85 frameNumber=4
05-27 18:16:26.641   464   464 D SurfaceFlinger: TransactionTraceWriter: file=/data/misc/wmtrace/out_of_order_buffers_transactions_trace.winscope already exists
05-27 18:16:26.658   464   464 E SurfaceFlinger: Out of order buffers detected for RequestedLayerState{com.android.launcher3/com.android.launcher3.uioverrides.QuickstepLauncher#2762 parentId=1419} producedId=85 frameNumber=76 -> producedId=85 frameNumber=5
05-27 18:16:26.658   464   464 D SurfaceFlinger: TransactionTraceWriter: file=/data/misc/wmtrace/out_of_order_buffers_transactions_trace.winscope already exists
05-27 18:16:26.676   464   464 E SurfaceFlinger: Out of order buffers detected for RequestedLayerState{com.android.launcher3/com.android.launcher3.uioverrides.QuickstepLauncher#2762 parentId=1419} producedId=85 frameNumber=76 -> producedId=85 frameNumber=6
05-27 18:16:26.676   464   464 D SurfaceFlinger: TransactionTraceWriter: file=/data/misc/wmtrace/out_of_order_buffers_transactions_trace.winscope already exists
05-27 18:16:26.693   464   464 E SurfaceFlinger: Out of order buffers detected for RequestedLayerState{com.android.launcher3/com.android.launcher3.uioverrides.QuickstepLauncher#2762 parentId=1419} producedId=85 frameNumber=76 -> producedId=85 frameNumber=7
05-27 18:16:26.693   464   464 D SurfaceFlinger: TransactionTraceWriter: file=/data/misc/wmtrace/out_of_order_buffers_transactions_trace.winscope already exists
05-27 18:16:26.710   464   464 E SurfaceFlinger: Out of order buffers detected for RequestedLayerState{com.android.launcher3/com.android.launcher3.uioverrides.QuickstepLauncher#2762 parentId=1419} producedId=85 frameNumber=76 -> producedId=85 frameNumber=8
05-27 18:16:26.710   464   464 D SurfaceFlinger: TransactionTraceWriter: file=/data/misc/wmtrace/out_of_order_buffers_transactions_trace.winscope already exists
05-27 18:16:26.726   464   464 E SurfaceFlinger: Out of order buffers detected for RequestedLayerState{com.android.launcher3/com.android.launcher3.uioverrides.QuickstepLauncher#2762 parentId=1419} producedId=85 frameNumber=76 -> producedId=85 frameNumber=9
05-27 18:16:26.726   464   464 D SurfaceFlinger: TransactionTraceWriter: file=/data/misc/wmtrace/out_of_order_buffers_transactions_trace.winscope already exists
05-27 18:16:26.742   464   464 E SurfaceFlinger: Out of order buffers detected for RequestedLayerState{com.android.launcher3/com.android.launcher3.uioverrides.QuickstepLauncher#2762 parentId=1419} producedId=85 frameNumber=76 -> producedId=85 frameNumber=10
05-27 18:16:26.742   464   464 D SurfaceFlinger: TransactionTraceWriter: file=/data/misc/wmtrace/out_of_order_buffers_transactions_trace.winscope already exists
05-27 18:16:26.759   464   464 E SurfaceFlinger: Out of order buffers detected for RequestedLayerState{com.android.launcher3/com.android.launcher3.uioverrides.QuickstepLauncher#2762 parentId=1419} producedId=85 frameNumber=76 -> producedId=85 frameNumber=11
05-27 18:16:26.759   464   464 D SurfaceFlinger: TransactionTraceWriter: file=/data/misc/wmtrace/out_of_order_buffers_transactions_trace.winscope already exists
05-27 18:16:26.775   464   464 E SurfaceFlinger: Out of order buffers detected for RequestedLayerState{com.android.launcher3/com.android.launcher3.uioverrides.QuickstepLauncher#2762 parentId=1419} producedId=85 frameNumber=76 -> producedId=85 frameNumber=12
05-27 18:16:26.775   464   464 D SurfaceFlinger: TransactionTraceWriter: file=/data/misc/wmtrace/out_of_order_buffers_transactions_trace.winscope already exists
05-27 18:16:26.791   464   464 E SurfaceFlinger: Out of order buffers detected for RequestedLayerState{com.android.launcher3/com.android.launcher3.uioverrides.QuickstepLauncher#2762 parentId=1419} producedId=85 frameNumber=76 -> producedId=85 frameNumber=13
05-27 18:16:26.792   464   464 D SurfaceFlinger: TransactionTraceWriter: file=/data/misc/wmtrace/out_of_order_buffers_transactions_trace.winscope already exists
05-27 18:16:26.810   464   464 E SurfaceFlinger: Out of order buffers detected for RequestedLayerState{com.android.launcher3/com.android.launcher3.uioverrides.QuickstepLauncher#2762 parentId=1419} producedId=85 frameNumber=76 -> producedId=85 frameNumber=14
05-27 18:16:26.810   464   464 D SurfaceFlinger: TransactionTraceWriter: file=/data/misc/wmtrace/out_of_order_buffers_transactions_trace.winscope already exists
05-27 18:16:26.826   464   464 E SurfaceFlinger: Out of order buffers detected for RequestedLayerState{com.android.launcher3/com.android.launcher3.uioverrides.QuickstepLauncher#2762 parentId=1419} producedId=85 frameNumber=76 -> producedId=85 frameNumber=15
05-27 18:16:26.826   464   464 D SurfaceFlinger: TransactionTraceWriter: file=/data/misc/wmtrace/out_of_order_buffers_transactions_trace.winscope already exists
05-27 18:16:26.842   464   464 E SurfaceFlinger: Out of order buffers detected for RequestedLayerState{com.android.launcher3/com.android.launcher3.uioverrides.QuickstepLauncher#2762 parentId=1419} producedId=85 frameNumber=76 -> producedId=85 frameNumber=16
05-27 18:16:26.842   464   464 D SurfaceFlinger: TransactionTraceWriter: file=/data/misc/wmtrace/out_of_order_buffers_transactions_trace.winscope already exists
05-27 18:16:26.859   464   464 E SurfaceFlinger: Out of order buffers detected for RequestedLayerState{com.android.launcher3/com.android.launcher3.uioverrides.QuickstepLauncher#2762 parentId=1419} producedId=85 frameNumber=76 -> producedId=85 frameNumber=17
05-27 18:16:26.860   464   464 D SurfaceFlinger: TransactionTraceWriter: file=/data/misc/wmtrace/out_of_order_buffers_transactions_trace.winscope already exists
05-27 18:16:26.876   464   464 E SurfaceFlinger: Out of order buffers detected for RequestedLayerState{com.android.launcher3/com.android.launcher3.uioverrides.QuickstepLauncher#2762 parentId=1419} producedId=85 frameNumber=76 -> producedId=85 frameNumber=18
05-27 18:16:26.876   464   464 D SurfaceFlinger: TransactionTraceWriter: file=/data/misc/wmtrace/out_of_order_buffers_transactions_trace.winscope already exists
05-27 18:16:26.893   464   464 E SurfaceFlinger: Out of order buffers detected for RequestedLayerState{com.android.launcher3/com.android.launcher3.uioverrides.QuickstepLauncher#2762 parentId=1419} producedId=85 frameNumber=76 -> producedId=85 frameNumber=19
05-27 18:16:26.893   464   464 D SurfaceFlinger: TransactionTraceWriter: file=/data/misc/wmtrace/out_of_order_buffers_transactions_trace.winscope already exists
05-27 18:16:26.900   903   945 V WindowManagerShell: Transition animation finished (aborted=false), notifying core (#250) android.os.BinderProxy@9f58c95@0
05-27 18:16:26.901   639   665 V WindowManager: Finish Transition (#250): created at 05-27 18:16:26.458 collect-started=0.032ms request-sent=0.058ms started=2.853ms ready=15.73ms sent=99.779ms finished=442.803ms
05-27 18:16:26.905   903   945 V WindowManagerShell: Track 0 became idle
05-27 18:16:26.905   903   945 V WindowManagerShell: All active transition animations finished
05-27 18:16:26.906   639  1435 W UserManagerService: Requested status bar icon for non-badged user 0
05-27 18:16:26.906  1183  1183 I TopTaskTracker: onTaskRemoved: taskId=94
05-27 18:16:26.907  1183  1183 I TopTaskTracker: onTaskRemoved: taskId=94
05-27 18:16:26.907   639  3072 W UserManagerService: Requested status bar icon for non-badged user 0
05-27 18:16:26.909   464   464 E SurfaceFlinger: Out of order buffers detected for RequestedLayerState{com.android.launcher3/com.android.launcher3.uioverrides.QuickstepLauncher#2762 parentId=1419} producedId=85 frameNumber=76 -> producedId=85 frameNumber=20
05-27 18:16:26.909   464   464 D SurfaceFlinger: TransactionTraceWriter: file=/data/misc/wmtrace/out_of_order_buffers_transactions_trace.winscope already exists
05-27 18:16:26.926   464   464 E SurfaceFlinger: Out of order buffers detected for RequestedLayerState{com.android.launcher3/com.android.launcher3.uioverrides.QuickstepLauncher#2762 parentId=1419} producedId=85 frameNumber=76 -> producedId=85 frameNumber=21
05-27 18:16:26.926   464   464 D SurfaceFlinger: TransactionTraceWriter: file=/data/misc/wmtrace/out_of_order_buffers_transactions_trace.winscope already exists
05-27 18:16:26.942   464   464 E SurfaceFlinger: Out of order buffers detected for RequestedLayerState{com.android.launcher3/com.android.launcher3.uioverrides.QuickstepLauncher#2762 parentId=1419} producedId=85 frameNumber=76 -> producedId=85 frameNumber=22
05-27 18:16:26.942   464   464 D SurfaceFlinger: TransactionTraceWriter: file=/data/misc/wmtrace/out_of_order_buffers_transactions_trace.winscope already exists
05-27 18:16:26.949  1183  1183 W FrameTracker: Missed SF frame:UNKNOWN: 80, 397653, 0, CUJ=J<LAUNCHER_APP_CLOSE_TO_HOME>
05-27 18:16:26.949  1183  1183 W FrameTracker: Missing HWUI jank callback for vsyncId: 397653, CUJ=J<LAUNCHER_APP_CLOSE_TO_HOME>
05-27 18:16:26.949  1183  1183 W FrameTracker: Missed SF frame:UNKNOWN: 80, 397682, 0, CUJ=J<LAUNCHER_APP_CLOSE_TO_HOME>
05-27 18:16:26.949  1183  1183 W FrameTracker: Missing HWUI jank callback for vsyncId: 397682, CUJ=J<LAUNCHER_APP_CLOSE_TO_HOME>
05-27 18:16:26.949  1183  1183 W FrameTracker: Missed SF frame:UNKNOWN: 80, 397704, 24647194, CUJ=J<LAUNCHER_APP_CLOSE_TO_HOME>
05-27 18:16:26.949  1183  1183 W FrameTracker: Missed App frame:UNKNOWN: 88, 397726, 35287928, CUJ=J<LAUNCHER_APP_CLOSE_TO_HOME>
05-27 18:16:26.949  1183  1183 W FrameTracker: Missed SF frame:UNKNOWN: 88, 397726, 35287928, CUJ=J<LAUNCHER_APP_CLOSE_TO_HOME>
05-27 18:16:26.949  1183  1183 W FrameTracker: Missed SF frame:UNKNOWN: 80, 397734, 35714462, CUJ=J<LAUNCHER_APP_CLOSE_TO_HOME>
05-27 18:16:26.949  1183  1183 W FrameTracker: Missed SF frame:UNKNOWN: 80, 397742, 35544696, CUJ=J<LAUNCHER_APP_CLOSE_TO_HOME>
05-27 18:16:26.949  1183  1183 W FrameTracker: Missed SF frame:UNKNOWN: 80, 397750, 34973130, CUJ=J<LAUNCHER_APP_CLOSE_TO_HOME>
05-27 18:16:26.949  1183  1183 W FrameTracker: Missed SF frame:UNKNOWN: 80, 397758, 34891464, CUJ=J<LAUNCHER_APP_CLOSE_TO_HOME>
05-27 18:16:26.949  1183  1183 W FrameTracker: Missed SF frame:UNKNOWN: 80, 397766, 34691198, CUJ=J<LAUNCHER_APP_CLOSE_TO_HOME>
05-27 18:16:26.949  1183  1183 W FrameTracker: Missed SF frame:UNKNOWN: 80, 397774, 34184732, CUJ=J<LAUNCHER_APP_CLOSE_TO_HOME>
05-27 18:16:26.950  1183  1183 W FrameTracker: Missed SF frame:UNKNOWN: 80, 397782, 33951266, CUJ=J<LAUNCHER_APP_CLOSE_TO_HOME>
05-27 18:16:26.950  1183  1183 W FrameTracker: Missed App frame:UNKNOWN: 88, 397790, 35727000, CUJ=J<LAUNCHER_APP_CLOSE_TO_HOME>
05-27 18:16:26.950  1183  1183 W FrameTracker: Missed SF frame:UNKNOWN: 88, 397790, 35727000, CUJ=J<LAUNCHER_APP_CLOSE_TO_HOME>
05-27 18:16:26.950  1183  1183 W FrameTracker: Missed SF frame:UNKNOWN: 80, 397798, 35033734, CUJ=J<LAUNCHER_APP_CLOSE_TO_HOME>
05-27 18:16:26.950  1183  1183 W FrameTracker: Missed SF frame:UNKNOWN: 80, 397806, 34557168, CUJ=J<LAUNCHER_APP_CLOSE_TO_HOME>
05-27 18:16:26.950  1183  1183 W FrameTracker: Missed App frame:UNKNOWN: 88, 397814, 35348202, CUJ=J<LAUNCHER_APP_CLOSE_TO_HOME>
05-27 18:16:26.950  1183  1183 W FrameTracker: Missed SF frame:UNKNOWN: 88, 397814, 35348202, CUJ=J<LAUNCHER_APP_CLOSE_TO_HOME>
05-27 18:16:26.950  1183  1183 W FrameTracker: Missed SF frame:UNKNOWN: 80, 397822, 35147036, CUJ=J<LAUNCHER_APP_CLOSE_TO_HOME>
05-27 18:16:26.950  1183  1183 W FrameTracker: Missed App frame:UNKNOWN: 88, 397830, 35566670, CUJ=J<LAUNCHER_APP_CLOSE_TO_HOME>
05-27 18:16:26.950  1183  1183 W FrameTracker: Missed SF frame:UNKNOWN: 88, 397830, 35566670, CUJ=J<LAUNCHER_APP_CLOSE_TO_HOME>
05-27 18:16:26.950  1183  1183 W FrameTracker: Missed SF frame:UNKNOWN: 80, 397838, 28470504, CUJ=J<LAUNCHER_APP_CLOSE_TO_HOME>
05-27 18:16:26.950  1183  1183 W FrameTracker: Missed SF frame:UNKNOWN: 80, 397846, 31118038, CUJ=J<LAUNCHER_APP_CLOSE_TO_HOME>
05-27 18:16:26.950  1183  1201 V PerfettoTrigger: Not triggering com.android.telemetry.interaction-jank-monitor-9 - not enough time since last trigger
05-27 18:16:26.960   464   464 E SurfaceFlinger: Out of order buffers detected for RequestedLayerState{com.android.launcher3/com.android.launcher3.uioverrides.QuickstepLauncher#2762 parentId=1419} producedId=85 frameNumber=76 -> producedId=85 frameNumber=23
05-27 18:16:26.960   464   464 D SurfaceFlinger: TransactionTraceWriter: file=/data/misc/wmtrace/out_of_order_buffers_transactions_trace.winscope already exists
05-27 18:16:26.960   639   668 W ActivityTaskManager: Activity top resumed state loss timeout for ActivityRecord{fe9baa1 u0 com.smartservicehub/.MainActivity t-1 f}}
05-27 18:16:26.975   464   464 E SurfaceFlinger: Out of order buffers detected for RequestedLayerState{com.android.launcher3/com.android.launcher3.uioverrides.QuickstepLauncher#2762 parentId=1419} producedId=85 frameNumber=76 -> producedId=85 frameNumber=24
05-27 18:16:26.976   464   464 D SurfaceFlinger: TransactionTraceWriter: file=/data/misc/wmtrace/out_of_order_buffers_transactions_trace.winscope already exists
05-27 18:16:26.993   464   464 E SurfaceFlinger: Out of order buffers detected for RequestedLayerState{com.android.launcher3/com.android.launcher3.uioverrides.QuickstepLauncher#2762 parentId=1419} producedId=85 frameNumber=76 -> producedId=85 frameNumber=25
05-27 18:16:26.993   464   464 D SurfaceFlinger: TransactionTraceWriter: file=/data/misc/wmtrace/out_of_order_buffers_transactions_trace.winscope already exists
05-27 18:16:27.008   464   464 E SurfaceFlinger: Out of order buffers detected for RequestedLayerState{com.android.launcher3/com.android.launcher3.uioverrides.QuickstepLauncher#2762 parentId=1419} producedId=85 frameNumber=76 -> producedId=85 frameNumber=26
05-27 18:16:27.008   464   464 D SurfaceFlinger: TransactionTraceWriter: file=/data/misc/wmtrace/out_of_order_buffers_transactions_trace.winscope already exists
05-27 18:16:27.025   464   464 E SurfaceFlinger: Out of order buffers detected for RequestedLayerState{com.android.launcher3/com.android.launcher3.uioverrides.QuickstepLauncher#2762 parentId=1419} producedId=85 frameNumber=76 -> producedId=85 frameNumber=27
05-27 18:16:27.025   464   464 D SurfaceFlinger: TransactionTraceWriter: file=/data/misc/wmtrace/out_of_order_buffers_transactions_trace.winscope already exists
05-27 18:16:27.041   464   464 E SurfaceFlinger: Out of order buffers detected for RequestedLayerState{com.android.launcher3/com.android.launcher3.uioverrides.QuickstepLauncher#2762 parentId=1419} producedId=85 frameNumber=76 -> producedId=85 frameNumber=28
05-27 18:16:27.041   464   464 D SurfaceFlinger: TransactionTraceWriter: file=/data/misc/wmtrace/out_of_order_buffers_transactions_trace.winscope already exists
05-27 18:16:27.052   401  2223 D android.hardware.audio@7.1-impl.ranchu: threadLoop: entering standby, frames: 38850304
05-27 18:16:27.059   464   464 E SurfaceFlinger: Out of order buffers detected for RequestedLayerState{com.android.launcher3/com.android.launcher3.uioverrides.QuickstepLauncher#2762 parentId=1419} producedId=85 frameNumber=76 -> producedId=85 frameNumber=29
05-27 18:16:27.059   464   464 D SurfaceFlinger: TransactionTraceWriter: file=/data/misc/wmtrace/out_of_order_buffers_transactions_trace.winscope already exists
05-27 18:16:27.075   464   464 E SurfaceFlinger: Out of order buffers detected for RequestedLayerState{com.android.launcher3/com.android.launcher3.uioverrides.QuickstepLauncher#2762 parentId=1419} producedId=85 frameNumber=76 -> producedId=85 frameNumber=30
05-27 18:16:27.076   464   464 D SurfaceFlinger: TransactionTraceWriter: file=/data/misc/wmtrace/out_of_order_buffers_transactions_trace.winscope already exists
05-27 18:16:27.093   464   464 E SurfaceFlinger: Out of order buffers detected for RequestedLayerState{com.android.launcher3/com.android.launcher3.uioverrides.QuickstepLauncher#2762 parentId=1419} producedId=85 frameNumber=76 -> producedId=85 frameNumber=31
05-27 18:16:27.093   464   464 D SurfaceFlinger: TransactionTraceWriter: file=/data/misc/wmtrace/out_of_order_buffers_transactions_trace.winscope already exists
05-27 18:16:27.110   464   464 E SurfaceFlinger: Out of order buffers detected for RequestedLayerState{com.android.launcher3/com.android.launcher3.uioverrides.QuickstepLauncher#2762 parentId=1419} producedId=85 frameNumber=76 -> producedId=85 frameNumber=32
05-27 18:16:27.110   464   464 D SurfaceFlinger: TransactionTraceWriter: file=/data/misc/wmtrace/out_of_order_buffers_transactions_trace.winscope already exists
05-27 18:16:27.126   464   464 E SurfaceFlinger: Out of order buffers detected for RequestedLayerState{com.android.launcher3/com.android.launcher3.uioverrides.QuickstepLauncher#2762 parentId=1419} producedId=85 frameNumber=76 -> producedId=85 frameNumber=33
05-27 18:16:27.126   464   464 D SurfaceFlinger: TransactionTraceWriter: file=/data/misc/wmtrace/out_of_order_buffers_transactions_trace.winscope already exists
05-27 18:16:27.141   464   464 E SurfaceFlinger: Out of order buffers detected for RequestedLayerState{com.android.launcher3/com.android.launcher3.uioverrides.QuickstepLauncher#2762 parentId=1419} producedId=85 frameNumber=76 -> producedId=85 frameNumber=34
05-27 18:16:27.142   464   464 D SurfaceFlinger: TransactionTraceWriter: file=/data/misc/wmtrace/out_of_order_buffers_transactions_trace.winscope already exists
05-27 18:16:27.160   464   464 E SurfaceFlinger: Out of order buffers detected for RequestedLayerState{com.android.launcher3/com.android.launcher3.uioverrides.QuickstepLauncher#2762 parentId=1419} producedId=85 frameNumber=76 -> producedId=85 frameNumber=35
05-27 18:16:27.160   464   464 D SurfaceFlinger: TransactionTraceWriter: file=/data/misc/wmtrace/out_of_order_buffers_transactions_trace.winscope already exists
05-27 18:16:27.175   464   464 E SurfaceFlinger: Out of order buffers detected for RequestedLayerState{com.android.launcher3/com.android.launcher3.uioverrides.QuickstepLauncher#2762 parentId=1419} producedId=85 frameNumber=76 -> producedId=85 frameNumber=36
05-27 18:16:27.176   464   464 D SurfaceFlinger: TransactionTraceWriter: file=/data/misc/wmtrace/out_of_order_buffers_transactions_trace.winscope already exists
05-27 18:16:27.920   639  1465 E TaskPersister: File error accessing recents directory (directory doesn't exist?).
05-27 18:16:31.239     0     0 I logd    : logdr: UID=2000 GID=2000 PID=7029 b tail=0 logMask=99 pid=0 start=0ns deadline=0ns
05-27 18:16:36.011  1183  1467 D EGL_emulation: app_time_stats: avg=255.69ms min=1.53ms max=8847.07ms count=36
05-27 18:16:36.025   464   464 E SurfaceFlinger: Out of order buffers detected for RequestedLayerState{com.android.launcher3/com.android.launcher3.uioverrides.QuickstepLauncher#2762 parentId=1419} producedId=85 frameNumber=76 -> producedId=85 frameNumber=37
05-27 18:16:36.025   464   464 D SurfaceFlinger: TransactionTraceWriter: file=/data/misc/wmtrace/out_of_order_buffers_transactions_trace.winscope already exists
05-27 18:16:36.294   639  1661 W OptProp : Cannot read opt property android.window.PROPERTY_COMPAT_ALLOW_ORIENTATION_OVERRIDE
05-27 18:16:36.294   639  1661 V GrammaticalInflectionUtils: AttributionSource: AttributionSource { uid = 10157, packageName = null, attributionTag = null, token = android.os.Binder@1e22126, deviceId = 0, next = null } does not have READ_SYSTEM_GRAMMATICAL_GENDER permission.
05-27 18:16:36.294   639  1661 W OptProp : Cannot read opt property android.window.PROPERTY_COMPAT_ALLOW_RESIZEABLE_ACTIVITY_OVERRIDES
05-27 18:16:36.295   639  1661 W OptProp : Cannot read opt property android.window.PROPERTY_COMPAT_ALLOW_MIN_ASPECT_RATIO_OVERRIDE
05-27 18:16:36.297   460   723 D audioserver: logFgsApiBegin: FGS Logger Transaction failed, -129
05-27 18:16:36.298   639  1041 W AS.PlaybackActivityMon: No piid assigned for invalid/internal port id 16
05-27 18:16:36.301   460   557 D AudioFlinger: mixer(0x752b0e7de8e0) throttle end: throttle time(8)
05-27 18:16:36.303   639  1661 V SplashScreenExceptionList: SplashScreen checking exception for package com.smartservicehub (target sdk:35) -> false
05-27 18:16:36.305   639  1661 I ActivityTaskManager: START u0 {act=android.intent.action.MAIN cat=[android.intent.category.LAUNCHER] flg=0x10200000 cmp=com.smartservicehub/.MainActivity bnds=[648,928][864,1243]} with LAUNCH_SINGLE_TASK from uid 10120 (BAL_ALLOW_VISIBLE_WINDOW) result code=0
05-27 18:16:36.305  1183  1183 D StatsLog: LAUNCHER_APP_LAUNCH_TAP
05-27 18:16:36.309   464   464 E SurfaceFlinger: Out of order buffers detected for RequestedLayerState{com.android.launcher3/com.android.launcher3.uioverrides.QuickstepLauncher#2762 parentId=1419} producedId=85 frameNumber=76 -> producedId=85 frameNumber=38
05-27 18:16:36.310   464   464 D SurfaceFlinger: TransactionTraceWriter: file=/data/misc/wmtrace/out_of_order_buffers_transactions_trace.winscope already exists
05-27 18:16:36.311  1183  1183 W SplitSelectStateCtor: Missing session instanceIds
05-27 18:16:36.311  1183  1183 D StatsLog: LAUNCHER_SPLIT_SELECTION_EXIT_INTERRUPTED
05-27 18:16:36.315   639  1661 I ActivityManager: PendingStartActivityUids startActivity to updateOomAdj delay:9354ms, uid:10120
05-27 18:16:36.320   903   945 V WindowManagerShell: Transition requested (#251): android.os.BinderProxy@c53c505 TransitionRequestInfo { type = OPEN, triggerTask = TaskInfo{userId=0 taskId=95 displayId=0 isRunning=true baseIntent=Intent { act=android.intent.action.MAIN cat=[android.intent.category.LAUNCHER] flg=0x10200000 cmp=com.smartservicehub/.MainActivity } baseActivity=ComponentInfo{com.smartservicehub/com.smartservicehub.MainActivity} topActivity=ComponentInfo{com.smartservicehub/com.smartservicehub.MainActivity} origActivity=null realActivity=ComponentInfo{com.smartservicehub/com.smartservicehub.MainActivity} numActivities=1 lastActiveTime=8976796 supportsMultiWindow=true resizeMode=1 isResizeable=true minWidth=-1 minHeight=-1 defaultMinSize=220 token=WCT{android.window.IWindowContainerToken$Stub$Proxy@c90995a} topActivityType=1 pictureInPictureParams=null shouldDockBigOverlays=false launchIntoPipHostTaskId=-1 lastParentTaskIdBeforePip=-1 displayCutoutSafeInsets=Rect(0, 132 - 0, 0) topActivityInfo=ActivityInfo{de6e78b com.smartservicehub.MainActivity} launchCookies=[android.os.BinderProxy@65f2068] positionInParent=Point(0, 0) parentTaskId=-1 isFocused=false isVisible=false isVisibleRequested=false isSleeping=false locusId=null displayAreaFeatureId=1 isTopActivityTransparent=false appCompatTaskInfo=AppCompatTaskInfo { topActivityInSizeCompat=false topActivityEligibleForLetterboxEducation= falseisLetterboxEducationEnabled= false isLetterboxDoubleTapEnabled= false topActivityEligibleForUserAspectRatioButton= false topActivityBoundsLetterboxed= false isFromLetterboxDoubleTap= false topActivityLetterboxVerticalPosition= -1 topActivityLetterboxHorizontalPosition= -1 topActivityLetterboxWidth=1080 topActivityLetterboxHeight=2400 isUserFullscreenOverrideEnabled=false isSystemFullscreenOverrideEnabled=false cameraCompatTaskInfo=CameraCompatTaskInfo { cameraCompatControlState=hidden freeformCameraCompatMode=inactive}}}, pipTask = null, remoteTransition = RemoteTransition { remoteTransition = android.window.IRemoteTransition$Stub$Proxy@ad0ac81, appThread = android.app.IApplicationThread$Stub$Proxy@c2ef126, debugName = QuickstepLaunch }, displayChange = null, flags = 0, debugId = 251 }
05-27 18:16:36.320   903   945 V WindowManagerShell: RemoteTransition directly requested for (#251) android.os.BinderProxy@c53c505: RemoteTransition { remoteTransition = android.window.IRemoteTransition$Stub$Proxy@ad0ac81, appThread = android.app.IApplicationThread$Stub$Proxy@c2ef126, debugName = QuickstepLaunch }
05-27 18:16:36.320   903   981 D SplashScreenView: Build android.window.SplashScreenView{639db14 V.E...... ......ID 0,0-0,0}
05-27 18:16:36.320   903   981 D SplashScreenView: Icon: view: android.widget.ImageView{cda8fbd V.ED..... ......I. 0,0-0,0 #1020504 android:id/splashscreen_icon_view} drawable: com.android.wm.shell.startingsurface.SplashscreenIconDrawableFactory$ImmobileIconDrawable@a08f9b2 size: 420
05-27 18:16:36.320   903   981 D SplashScreenView: Branding: view: android.view.View{392bd03 G.ED..... ......I. 0,0-0,0 #1020503 android:id/splashscreen_branding_view} drawable: null size w: 0 h: 0
05-27 18:16:36.320   639   668 V GrammaticalInflectionUtils: AttributionSource: AttributionSource { uid = 10157, packageName = null, attributionTag = null, token = android.os.Binder@1e22126, deviceId = 0, next = null } does not have READ_SYSTEM_GRAMMATICAL_GENDER permission.
05-27 18:16:36.323  1183  1183 I TopTaskTracker: onTaskMovedToFront: (moved taskInfo to front) taskId=95, baseIntent=Intent { act=android.intent.action.MAIN cat=[android.intent.category.LAUNCHER] flg=0x10200000 cmp=com.smartservicehub/.MainActivity }
05-27 18:16:36.336   460   723 D audioserver: logFgsApiBegin: FGS Logger Transaction failed, -129
05-27 18:16:36.337   639  1661 D CoreBackPreview: Window{220a612 u0 Splash Screen com.smartservicehub}: Setting back callback OnBackInvokedCallbackInfo{mCallback=android.window.IOnBackInvokedCallback$Stub$Proxy@28b07e0, mPriority=0, mIsAnimationCallback=false}
05-27 18:16:36.341   639  1041 W AS.PlaybackActivityMon: No piid assigned for invalid/internal port id 21
05-27 18:16:36.342   464   464 E SurfaceFlinger: Out of order buffers detected for RequestedLayerState{com.android.launcher3/com.android.launcher3.uioverrides.QuickstepLauncher#2762 parentId=1419} producedId=85 frameNumber=76 -> producedId=85 frameNumber=39
05-27 18:16:36.342   464   464 D SurfaceFlinger: TransactionTraceWriter: file=/data/misc/wmtrace/out_of_order_buffers_transactions_trace.winscope already exists
05-27 18:16:36.343   464   464 I BpBinder: onLastStrongRef automatically unlinking death recipients: 
05-27 18:16:36.347   393   393 D Zygote  : Forked child process 7034
05-27 18:16:36.359  7034  7034 I smartservicehub: Late-enabling -Xcheck:jni
05-27 18:16:36.370   460   557 D AudioFlinger: mixer(0x752b0e7de8e0) throttle end: throttle time(31)
05-27 18:16:36.372   639   680 W ActivityManager: Slow operation: 51ms so far, now at startProcess: building log message
05-27 18:16:36.373   639   680 I ActivityManager: Start proc 7034:com.smartservicehub/u0a157 for next-top-activity {com.smartservicehub/com.smartservicehub.MainActivity}
05-27 18:16:36.373   639   680 W ActivityManager: Slow operation: 51ms so far, now at startProcess: starting to update pids map
05-27 18:16:36.374   392   392 I netd    : tetherGetStats() -> {[]} <2.61ms>
05-27 18:16:36.385   639   680 W ActivityManager: Slow operation: 64ms so far, now at startProcess: done updating pids map
05-27 18:16:36.389  7034  7034 I smartservicehub: Using CollectorTypeCMC GC.
05-27 18:16:36.390  7034  7034 W smartservicehub: Unexpected CPU variant for x86: x86_64.
05-27 18:16:36.390  7034  7034 W smartservicehub: Known variants: atom, sandybridge, silvermont, goldmont, goldmont-plus, goldmont-without-sha-xsaves, tremont, kabylake, default
05-27 18:16:36.425  7034  7034 D nativeloader: Load libframework-connectivity-tiramisu-jni.so using APEX ns com_android_tethering for caller /apex/com.android.tethering/javalib/framework-connectivity-t.jar: ok
05-27 18:16:36.470   460   557 D audioserver: logFgsApiEnd: FGS Logger Transaction failed, -129
05-27 18:16:36.471   473   489 I adbd    : jdwp connection from 7034
05-27 18:16:36.477   464   464 E SurfaceFlinger: Out of order buffers detected for RequestedLayerState{com.android.launcher3/com.android.launcher3.uioverrides.QuickstepLauncher#2762 parentId=1419} producedId=85 frameNumber=76 -> producedId=85 frameNumber=40
05-27 18:16:36.477   464   464 D SurfaceFlinger: TransactionTraceWriter: file=/data/misc/wmtrace/out_of_order_buffers_transactions_trace.winscope already exists
05-27 18:16:36.489  7034  7034 W ziparchive: Unable to open '/data/app/~~sWDLQGqH5Xbz1m-W7wvIGw==/com.smartservicehub-9zVoBYxA7GWKFLbzCUbTeg==/base.dm': No such file or directory
05-27 18:16:36.493  7034  7034 W ziparchive: Unable to open '/data/app/~~sWDLQGqH5Xbz1m-W7wvIGw==/com.smartservicehub-9zVoBYxA7GWKFLbzCUbTeg==/base.dm': No such file or directory
05-27 18:16:36.553   460   557 D audioserver: logFgsApiEnd: FGS Logger Transaction failed, -129
05-27 18:16:36.559   464   464 E SurfaceFlinger: Out of order buffers detected for RequestedLayerState{com.android.launcher3/com.android.launcher3.uioverrides.QuickstepLauncher#2762 parentId=1419} producedId=85 frameNumber=76 -> producedId=85 frameNumber=41
05-27 18:16:36.559   464   464 D SurfaceFlinger: TransactionTraceWriter: file=/data/misc/wmtrace/out_of_order_buffers_transactions_trace.winscope already exists
05-27 18:16:36.563   903  1236 V WindowManagerShell: onTransitionReady(transaction=2744484112785)
