05-27 18:16:43.637  7098  7098 D nativeloader: Load /data/app/~~sWDLQGqH5Xbz1m-W7wvIGw==/com.smartservicehub-9zVoBYxA7GWKFLbzCUbTeg==/base.apk!/lib/x86_64/libjsi.so using ns clns-7 from class loader (caller=/data/app/~~sWDLQGqH5Xbz1m-W7wvIGw==/com.smartservicehub-9zVoBYxA7GWKFLbzCUbTeg==/base.apk): ok
05-27 18:16:43.671  7098  7098 D nativeloader: Load /data/app/~~sWDLQGqH5Xbz1m-W7wvIGw==/com.smartservicehub-9zVoBYxA7GWKFLbzCUbTeg==/base.apk!/lib/x86_64/libfbjni.so using ns clns-7 from class loader (caller=/data/app/~~sWDLQGqH5Xbz1m-W7wvIGw==/com.smartservicehub-9zVoBYxA7GWKFLbzCUbTeg==/base.apk): ok
05-27 18:16:43.691  7098  7098 D nativeloader: Load /data/app/~~sWDLQGqH5Xbz1m-W7wvIGw==/com.smartservicehub-9zVoBYxA7GWKFLbzCUbTeg==/base.apk!/lib/x86_64/libreactnative.so using ns clns-7 from class loader (caller=/data/app/~~sWDLQGqH5Xbz1m-W7wvIGw==/com.smartservicehub-9zVoBYxA7GWKFLbzCUbTeg==/base.apk): ok
05-27 18:16:43.691  7098  7098 D jni_lib_merge: Entering merged library JNI_OnLoad.
05-27 18:16:43.691  7098  7098 D jni_lib_merge: Preparing 11 pre-merged libs (including stub)
05-27 18:16:43.692  7098  7098 D jni_lib_merge: Preparing to register libfabricjni_so.  onload_func: 0x798b165992b0
05-27 18:16:43.693  7098  7098 D jni_lib_merge: Preparing to register libreact_devsupportjni_so.  onload_func: 0x798b167f2580
05-27 18:16:43.693  7098  7098 D jni_lib_merge: Preparing to register libreact_featureflagsjni_so.  onload_func: 0x798b167fe9d0
05-27 18:16:43.693  7098  7098 D jni_lib_merge: Preparing to register libreact_newarchdefaults_so.  onload_func: 0x798b168726f0
05-27 18:16:43.694  7098  7098 D jni_lib_merge: Preparing to register libreactnativeblob_so.  onload_func: 0x798b16a84e00
05-27 18:16:43.694  7098  7098 D jni_lib_merge: Preparing to register libreactnativejni_so.  onload_func: 0x798b16ae1780
05-27 18:16:43.694  7098  7098 D jni_lib_merge: Preparing to register librninstance_so.  onload_func: 0x798b16b2d420
05-27 18:16:43.694  7098  7098 D jni_lib_merge: Preparing to register libturbomodulejsijni_so.  onload_func: 0x798b16c6ff80
05-27 18:16:43.695  7098  7098 D jni_lib_merge: Preparing to register libuimanagerjni_so.  onload_func: 0x798b16c8b3b0
05-27 18:16:43.695  7098  7098 D jni_lib_merge: Preparing to register libyoga_so.  onload_func: 0x798b16c99410
05-27 18:16:43.695  7098  7098 D jni_lib_merge: About to register 10 actual methods.
05-27 18:16:43.769   903   945 V WindowManagerShell: Transition animation finished (aborted=false), notifying core (#255) android.os.BinderProxy@625be8d@0
05-27 18:16:43.769  7098  7098 D nativeloader: Load /data/app/~~sWDLQGqH5Xbz1m-W7wvIGw==/com.smartservicehub-9zVoBYxA7GWKFLbzCUbTeg==/base.apk!/lib/x86_64/libreact_codegen_rnscreens.so using ns clns-7 from class loader (caller=/data/app/~~sWDLQGqH5Xbz1m-W7wvIGw==/com.smartservicehub-9zVoBYxA7GWKFLbzCUbTeg==/base.apk): ok
05-27 18:16:43.770  7098  7098 D jni_lib_merge: Entering merged library JNI_OnLoad.
05-27 18:16:43.770  7098  7098 D jni_lib_merge: Preparing 11 pre-merged libs (including stub)
05-27 18:16:43.770  7098  7098 D jni_lib_merge: Preparing to register libfabricjni_so.  onload_func: 0x798b165992b0
05-27 18:16:43.770  7098  7098 D jni_lib_merge: Preparing to register libreact_devsupportjni_so.  onload_func: 0x798b167f2580
05-27 18:16:43.770  7098  7098 D jni_lib_merge: Preparing to register libreact_featureflagsjni_so.  onload_func: 0x798b167fe9d0
05-27 18:16:43.771  7098  7098 D jni_lib_merge: Preparing to register libreact_newarchdefaults_so.  onload_func: 0x798b168726f0
05-27 18:16:43.771  7098  7098 D jni_lib_merge: Preparing to register libreactnativeblob_so.  onload_func: 0x798b16a84e00
05-27 18:16:43.771  7098  7098 D jni_lib_merge: Preparing to register libreactnativejni_so.  onload_func: 0x798b16ae1780
05-27 18:16:43.771  7098  7098 D jni_lib_merge: Preparing to register librninstance_so.  onload_func: 0x798b16b2d420
05-27 18:16:43.771  7098  7098 D jni_lib_merge: Preparing to register libturbomodulejsijni_so.  onload_func: 0x798b16c6ff80
05-27 18:16:43.772  7098  7098 D jni_lib_merge: Preparing to register libuimanagerjni_so.  onload_func: 0x798b16c8b3b0
05-27 18:16:43.772  7098  7098 D jni_lib_merge: Preparing to register libyoga_so.  onload_func: 0x798b16c99410
05-27 18:16:43.773  7098  7098 D jni_lib_merge: About to register 10 actual methods.
05-27 18:16:43.775   639   665 V WindowManager: Finish Transition (#255): created at 05-27 18:16:43.080 collect-started=0.031ms request-sent=7.913ms started=9.92ms ready=128.574ms sent=136.852ms finished=694.825ms
05-27 18:16:43.778   639  1052 W UserManagerService: Requested status bar icon for non-badged user 0
05-27 18:16:43.779   903   945 V WindowManagerShell: Track 0 became idle
05-27 18:16:43.779   903   945 V WindowManagerShell: All active transition animations finished
05-27 18:16:43.781   639  1042 W UserManagerService: Requested status bar icon for non-badged user 0
05-27 18:16:43.788  1183  1183 D VRI[QuickstepLauncher]: visibilityChanged oldVisibility=true newVisibility=false
05-27 18:16:43.810  7098  7098 D nativeloader: Load /data/app/~~sWDLQGqH5Xbz1m-W7wvIGw==/com.smartservicehub-9zVoBYxA7GWKFLbzCUbTeg==/base.apk!/lib/x86_64/libreact_codegen_safeareacontext.so using ns clns-7 from class loader (caller=/data/app/~~sWDLQGqH5Xbz1m-W7wvIGw==/com.smartservicehub-9zVoBYxA7GWKFLbzCUbTeg==/base.apk): ok
05-27 18:16:43.813  7098  7098 D nativeloader: Load /data/app/~~sWDLQGqH5Xbz1m-W7wvIGw==/com.smartservicehub-9zVoBYxA7GWKFLbzCUbTeg==/base.apk!/lib/x86_64/libappmodules.so using ns clns-7 from class loader (caller=/data/app/~~sWDLQGqH5Xbz1m-W7wvIGw==/com.smartservicehub-9zVoBYxA7GWKFLbzCUbTeg==/base.apk): ok
05-27 18:16:43.817   639  1042 I AppsFilter: interaction: PackageSetting{e3ef783 com.smartservicehub/10157} -> PackageSetting{a209f33 com.android.launcher3/10120} BLOCKED
05-27 18:16:43.818  1183  1183 W FrameTracker: Missed SF frame:UNKNOWN: 80, 400660, 35505026, CUJ=J<LAUNCHER_APP_LAUNCH_FROM_ICON>
05-27 18:16:43.818  1183  1183 W FrameTracker: Missed SF frame:UNKNOWN: 80, 400675, 0, CUJ=J<LAUNCHER_APP_LAUNCH_FROM_ICON>
05-27 18:16:43.818  1183  1183 W FrameTracker: Missing HWUI jank callback for vsyncId: 400675, CUJ=J<LAUNCHER_APP_LAUNCH_FROM_ICON>
05-27 18:16:43.818  1183  1183 W FrameTracker: Missed SF frame:UNKNOWN: 80, 400683, 0, CUJ=J<LAUNCHER_APP_LAUNCH_FROM_ICON>
05-27 18:16:43.818  1183  1183 W FrameTracker: Missing HWUI jank callback for vsyncId: 400683, CUJ=J<LAUNCHER_APP_LAUNCH_FROM_ICON>
05-27 18:16:43.818  1183  1183 W FrameTracker: Missed SF frame:UNKNOWN: 80, 400698, 33837428, CUJ=J<LAUNCHER_APP_LAUNCH_FROM_ICON>
05-27 18:16:43.818  1183  1183 W FrameTracker: Missed App frame:UNKNOWN: 88, 400706, 35429162, CUJ=J<LAUNCHER_APP_LAUNCH_FROM_ICON>
05-27 18:16:43.818  1183  1183 W FrameTracker: Missed SF frame:UNKNOWN: 88, 400706, 35429162, CUJ=J<LAUNCHER_APP_LAUNCH_FROM_ICON>
05-27 18:16:43.819  1183  1183 W FrameTracker: Missed SF frame:UNKNOWN: 80, 400714, 34983696, CUJ=J<LAUNCHER_APP_LAUNCH_FROM_ICON>
05-27 18:16:43.819  1183  1183 W FrameTracker: Missed SF frame:UNKNOWN: 80, 400722, 34699830, CUJ=J<LAUNCHER_APP_LAUNCH_FROM_ICON>
05-27 18:16:43.819  1183  1183 W FrameTracker: Missed SF frame:UNKNOWN: 80, 400730, 28429064, CUJ=J<LAUNCHER_APP_LAUNCH_FROM_ICON>
05-27 18:16:43.819  1183  1183 W FrameTracker: Missed SF frame:UNKNOWN: 80, 400738, 34849998, CUJ=J<LAUNCHER_APP_LAUNCH_FROM_ICON>
05-27 18:16:43.819  1183  1183 W FrameTracker: Missed App frame:UNKNOWN: 88, 400746, 35286732, CUJ=J<LAUNCHER_APP_LAUNCH_FROM_ICON>
05-27 18:16:43.819  1183  1183 W FrameTracker: Missed SF frame:UNKNOWN: 88, 400746, 35286732, CUJ=J<LAUNCHER_APP_LAUNCH_FROM_ICON>
05-27 18:16:43.819  1183  1183 W FrameTracker: Missed SF frame:UNKNOWN: 80, 400754, 34172766, CUJ=J<LAUNCHER_APP_LAUNCH_FROM_ICON>
05-27 18:16:43.819  1183  1183 W FrameTracker: Missed App frame:UNKNOWN: 88, 400762, 34586600, CUJ=J<LAUNCHER_APP_LAUNCH_FROM_ICON>
05-27 18:16:43.819  1183  1183 W FrameTracker: Missed SF frame:UNKNOWN: 88, 400762, 34586600, CUJ=J<LAUNCHER_APP_LAUNCH_FROM_ICON>
05-27 18:16:43.819  1183  1183 W FrameTracker: Missed SF frame:UNKNOWN: 80, 400777, 34773634, CUJ=J<LAUNCHER_APP_LAUNCH_FROM_ICON>
05-27 18:16:43.819  1183  1183 W FrameTracker: Missed SF frame:UNKNOWN: 80, 400785, 27102168, CUJ=J<LAUNCHER_APP_LAUNCH_FROM_ICON>
05-27 18:16:43.819  1183  1183 W FrameTracker: Missed SF frame:UNKNOWN: 80, 400793, 34137202, CUJ=J<LAUNCHER_APP_LAUNCH_FROM_ICON>
05-27 18:16:43.819  1183  1183 W FrameTracker: Missed App frame:UNKNOWN: 88, 400801, 35309836, CUJ=J<LAUNCHER_APP_LAUNCH_FROM_ICON>
05-27 18:16:43.819  1183  1183 W FrameTracker: Missed SF frame:UNKNOWN: 88, 400801, 35309836, CUJ=J<LAUNCHER_APP_LAUNCH_FROM_ICON>
05-27 18:16:43.819  1183  1183 W FrameTracker: Missed App frame:UNKNOWN: 88, 400809, 35638570, CUJ=J<LAUNCHER_APP_LAUNCH_FROM_ICON>
05-27 18:16:43.819  1183  1183 W FrameTracker: Missed SF frame:UNKNOWN: 88, 400809, 35638570, CUJ=J<LAUNCHER_APP_LAUNCH_FROM_ICON>
05-27 18:16:43.819  1183  1183 W FrameTracker: Missed SF frame:UNKNOWN: 80, 400817, 34759804, CUJ=J<LAUNCHER_APP_LAUNCH_FROM_ICON>
05-27 18:16:43.819  1183  1183 W FrameTracker: Missed SF frame:UNKNOWN: 80, 400825, 34061838, CUJ=J<LAUNCHER_APP_LAUNCH_FROM_ICON>
05-27 18:16:43.819  1183  1183 W FrameTracker: Missed App frame:UNKNOWN: 88, 400833, 36159572, CUJ=J<LAUNCHER_APP_LAUNCH_FROM_ICON>
05-27 18:16:43.819  1183  1183 W FrameTracker: Missed SF frame:UNKNOWN: 88, 400833, 36159572, CUJ=J<LAUNCHER_APP_LAUNCH_FROM_ICON>
05-27 18:16:43.820  1183  1183 W FrameTracker: Missed SF frame:UNKNOWN: 80, 400841, 33924606, CUJ=J<LAUNCHER_APP_LAUNCH_FROM_ICON>
05-27 18:16:43.820  1183  1183 W FrameTracker: Missed SF frame:UNKNOWN: 80, 400849, 34084540, CUJ=J<LAUNCHER_APP_LAUNCH_FROM_ICON>
05-27 18:16:43.820  1183  1183 W FrameTracker: Missed SF frame:UNKNOWN: 80, 400857, 34059674, CUJ=J<LAUNCHER_APP_LAUNCH_FROM_ICON>
05-27 18:16:43.820  1183  1183 W FrameTracker: Missed App frame:UNKNOWN: 88, 400865, 34896008, CUJ=J<LAUNCHER_APP_LAUNCH_FROM_ICON>
05-27 18:16:43.820  1183  1183 W FrameTracker: Missed SF frame:UNKNOWN: 88, 400865, 34896008, CUJ=J<LAUNCHER_APP_LAUNCH_FROM_ICON>
05-27 18:16:43.820  1183  1183 W FrameTracker: Missed SF frame:UNKNOWN: 80, 400873, 27278842, CUJ=J<LAUNCHER_APP_LAUNCH_FROM_ICON>
05-27 18:16:43.820  1183  1183 W FrameTracker: Missed SF frame:UNKNOWN: 80, 400881, 29124076, CUJ=J<LAUNCHER_APP_LAUNCH_FROM_ICON>
05-27 18:16:43.820  1183  1183 W FrameTracker: Missed SF frame:UNKNOWN: 80, 400889, 33659910, CUJ=J<LAUNCHER_APP_LAUNCH_FROM_ICON>
05-27 18:16:43.821  1183  1183 W FrameTracker: Missed App frame:UNKNOWN: 88, 400897, 34157744, CUJ=J<LAUNCHER_APP_LAUNCH_FROM_ICON>
05-27 18:16:43.821  1183  1183 W FrameTracker: Missed SF frame:UNKNOWN: 88, 400897, 34157744, CUJ=J<LAUNCHER_APP_LAUNCH_FROM_ICON>
05-27 18:16:43.822  1183  1183 W FrameTracker: Missed App frame:UNKNOWN: 88, 400905, 35300778, CUJ=J<LAUNCHER_APP_LAUNCH_FROM_ICON>
05-27 18:16:43.822  1183  1183 W FrameTracker: Missed SF frame:UNKNOWN: 88, 400905, 35300778, CUJ=J<LAUNCHER_APP_LAUNCH_FROM_ICON>
05-27 18:16:43.823  1183  1183 W FrameTracker: Missed SF frame:UNKNOWN: 80, 400913, 34217712, CUJ=J<LAUNCHER_APP_LAUNCH_FROM_ICON>
05-27 18:16:43.823  1183  1183 W FrameTracker: Missed App frame:UNKNOWN: 88, 400921, 34856346, CUJ=J<LAUNCHER_APP_LAUNCH_FROM_ICON>
05-27 18:16:43.824  1183  1183 W FrameTracker: Missed SF frame:UNKNOWN: 88, 400921, 34856346, CUJ=J<LAUNCHER_APP_LAUNCH_FROM_ICON>
05-27 18:16:43.824  1183  1201 V PerfettoTrigger: Not triggering com.android.telemetry.interaction-jank-monitor-8 - not enough time since last trigger
05-27 18:16:43.901  7098  7098 D AppCompatDelegate: Checking for metadata for AppLocalesMetadataHolderService : Service not found
05-27 18:16:43.961  7098  7098 D nativeloader: Load /data/app/~~sWDLQGqH5Xbz1m-W7wvIGw==/com.smartservicehub-9zVoBYxA7GWKFLbzCUbTeg==/base.apk!/lib/x86_64/libhermes.so using ns clns-7 from class loader (caller=/data/app/~~sWDLQGqH5Xbz1m-W7wvIGw==/com.smartservicehub-9zVoBYxA7GWKFLbzCUbTeg==/base.apk): ok
05-27 18:16:43.964  7098  7098 D nativeloader: Load /data/app/~~sWDLQGqH5Xbz1m-W7wvIGw==/com.smartservicehub-9zVoBYxA7GWKFLbzCUbTeg==/base.apk!/lib/x86_64/libhermestooling.so using ns clns-7 from class loader (caller=/data/app/~~sWDLQGqH5Xbz1m-W7wvIGw==/com.smartservicehub-9zVoBYxA7GWKFLbzCUbTeg==/base.apk): ok
05-27 18:16:43.964  7098  7098 D jni_lib_merge: Entering merged library JNI_OnLoad.
05-27 18:16:43.965  7098  7098 D jni_lib_merge: Preparing 4 pre-merged libs (including stub)
05-27 18:16:43.965  7098  7098 D jni_lib_merge: Preparing to register libhermes_executor_so.  onload_func: 0x798b11492750
05-27 18:16:43.965  7098  7098 D jni_lib_merge: Preparing to register libhermesinstancejni_so.  onload_func: 0x798b114cb100
05-27 18:16:43.965  7098  7098 D jni_lib_merge: Preparing to register libjsijniprofiler_so.  onload_func: 0x798b114cd180
05-27 18:16:43.965  7098  7098 D jni_lib_merge: About to register 3 actual methods.
05-27 18:16:44.217  7098  7098 W unknown:BridgelessReact: ReactHost{0}.startSurface(surfaceId = 0): Schedule
05-27 18:16:44.219  7098  7098 W unknown:BridgelessReact: ReactHost{0}.attachSurface(surfaceId = 0)
05-27 18:16:44.221  7098  7120 W unknown:BridgelessReact: ReactHost{0}.getOrCreateReactInstanceTask()
05-27 18:16:44.221  7098  7120 W unknown:BridgelessReact: ReactHost{0}.getOrCreateReactInstanceTask(): Start
05-27 18:16:44.221  7098  7120 W unknown:BridgelessReact: ReactHost{0}.getJSBundleLoader()
05-27 18:16:44.221  7098  7120 W unknown:BridgelessReact: ReactHost{0}.isMetroRunning()
05-27 18:16:44.229  7098  7098 D CompatChangeReporter: Compat change id reported: 309578419; UID 10157; state: ENABLED
05-27 18:16:44.241   392  7124 I resolv  : GetAddrInfoHandler::run: {100 100 100 983140 10157 0}
05-27 18:16:44.241   392  7123 I resolv  : GetAddrInfoHandler::run: {100 100 100 983140 10157 0}
05-27 18:16:44.247  7098  7122 D TrafficStats: tagSocket(86) with statsTag=0xffffffff, statsUid=-1
05-27 18:16:44.249  7098  7121 D TrafficStats: tagSocket(84) with statsTag=0xffffffff, statsUid=-1
05-27 18:16:44.257  7098  7098 E TransactionExecutor: Failed to execute the transaction: tId:-277148129 ClientTransaction{
05-27 18:16:44.257  7098  7098 E TransactionExecutor: tId:-277148129   transactionItems=[
05-27 18:16:44.257  7098  7098 E TransactionExecutor: tId:-277148129     LaunchActivityItem{activityToken=android.os.BinderProxy@5e5fbee,intent=Intent { act=android.intent.action.MAIN cat=[android.intent.category.LAUNCHER] flg=0x10200000 cmp=com.smartservicehub/.MainActivity bnds=[648,928][864,1243] },ident=27014257,info=ActivityInfo{4c65f10 com.smartservicehub.MainActivity},curConfig={1.0 310mcc260mnc [en_US] ldltr sw411dp w411dp h914dp 420dpi nrml long port finger qwerty/v/v dpad/v winConfig={ mBounds=Rect(0, 0 - 1080, 2400) mAppBounds=Rect(0, 0 - 1080, 2400) mMaxBounds=Rect(0, 0 - 1080, 2400) mDisplayRotation=ROTATION_0 mWindowingMode=fullscreen mActivityType=undefined mAlwaysOnTop=undefined mRotation=ROTATION_0} as.3 s.205 fontWeightAdjustment=0},overrideConfig={1.0 310mcc260mnc [en_US] ldltr sw411dp w411dp h914dp 420dpi nrml long port finger qwerty/v/v dpad/v winConfig={ mBounds=Rect(0, 0 - 1080, 2400) mAppBounds=Rect(0, 0 - 1080, 2400) mMaxBounds=Rect(0, 0 - 1080, 2400) mDisplayRotation=ROTATION_0 mWindowingMode=fullscreen mActivityType=standard mAlwaysOnTop=undefined mRotation=ROTATION_0} as.3 s.2 fontWeightAdjustment=0},deviceId=0,referrer=null,procState=2,state=null,persistentState=null,pendingResults=null,pendingNewIntents=null,sceneTransitionInfo=null,profilerInfo=null,assistToken=android.os.BinderProxy@3e85a0d,shareableActivityToken=android.os.BinderProxy@86c7dc2,activityWindowInfo=ActivityWindowInfo{isEmbedded=false, taskBounds=Rect(0, 0 - 1080, 2400), taskFragmentBounds=Rect(0, 0 - 1080, 2400)}}
05-27 18:16:44.257  7098  7098 E TransactionExecutor: tId:-277148129     ResumeActivityItem{mActivityToken=android.os.BinderProxy@5e5fbee,procState=-1,updateProcState=false,isForward=true,shouldSendCompatFakeFocus=false}
05-27 18:16:44.257  7098  7098 E TransactionExecutor: tId:-277148129     Target activity: com.smartservicehub.MainActivity
05-27 18:16:44.257  7098  7098 E TransactionExecutor: tId:-277148129   ]
05-27 18:16:44.257  7098  7098 E TransactionExecutor: tId:-277148129 }
05-27 18:16:44.257  7098  7098 D AndroidRuntime: Shutting down VM
05-27 18:16:44.258  7098  7098 E AndroidRuntime: FATAL EXCEPTION: main
05-27 18:16:44.258  7098  7098 E AndroidRuntime: Process: com.smartservicehub, PID: 7098
05-27 18:16:44.258  7098  7098 E AndroidRuntime: java.lang.RuntimeException: Unable to start activity ComponentInfo{com.smartservicehub/com.smartservicehub.MainActivity}: java.lang.IllegalStateException: You need to use a Theme.AppCompat theme (or descendant) with this activity.
05-27 18:16:44.258  7098  7098 E AndroidRuntime: 	at android.app.ActivityThread.performLaunchActivity(ActivityThread.java:4048)
05-27 18:16:44.258  7098  7098 E AndroidRuntime: 	at android.app.ActivityThread.handleLaunchActivity(ActivityThread.java:4235)
05-27 18:16:44.258  7098  7098 E AndroidRuntime: 	at android.app.servertransaction.LaunchActivityItem.execute(LaunchActivityItem.java:112)
05-27 18:16:44.258  7098  7098 E AndroidRuntime: 	at android.app.servertransaction.TransactionExecutor.executeNonLifecycleItem(TransactionExecutor.java:174)
05-27 18:16:44.258  7098  7098 E AndroidRuntime: 	at android.app.servertransaction.TransactionExecutor.executeTransactionItems(TransactionExecutor.java:109)
05-27 18:16:44.258  7098  7098 E AndroidRuntime: 	at android.app.servertransaction.TransactionExecutor.execute(TransactionExecutor.java:81)
05-27 18:16:44.258  7098  7098 E AndroidRuntime: 	at android.app.ActivityThread$H.handleMessage(ActivityThread.java:2636)
05-27 18:16:44.258  7098  7098 E AndroidRuntime: 	at android.os.Handler.dispatchMessage(Handler.java:107)
05-27 18:16:44.258  7098  7098 E AndroidRuntime: 	at android.os.Looper.loopOnce(Looper.java:232)
05-27 18:16:44.258  7098  7098 E AndroidRuntime: 	at android.os.Looper.loop(Looper.java:317)
05-27 18:16:44.258  7098  7098 E AndroidRuntime: 	at android.app.ActivityThread.main(ActivityThread.java:8705)
05-27 18:16:44.258  7098  7098 E AndroidRuntime: 	at java.lang.reflect.Method.invoke(Native Method)
05-27 18:16:44.258  7098  7098 E AndroidRuntime: 	at com.android.internal.os.RuntimeInit$MethodAndArgsCaller.run(RuntimeInit.java:580)
05-27 18:16:44.258  7098  7098 E AndroidRuntime: 	at com.android.internal.os.ZygoteInit.main(ZygoteInit.java:886)
05-27 18:16:44.258  7098  7098 E AndroidRuntime: Caused by: java.lang.IllegalStateException: You need to use a Theme.AppCompat theme (or descendant) with this activity.
05-27 18:16:44.258  7098  7098 E AndroidRuntime: 	at androidx.appcompat.app.AppCompatDelegateImpl.createSubDecor(AppCompatDelegateImpl.java:902)
05-27 18:16:44.258  7098  7098 E AndroidRuntime: 	at androidx.appcompat.app.AppCompatDelegateImpl.ensureSubDecor(AppCompatDelegateImpl.java:865)
05-27 18:16:44.258  7098  7098 E AndroidRuntime: 	at androidx.appcompat.app.AppCompatDelegateImpl.setContentView(AppCompatDelegateImpl.java:739)
05-27 18:16:44.258  7098  7098 E AndroidRuntime: 	at androidx.appcompat.app.AppCompatActivity.setContentView(AppCompatActivity.java:203)
05-27 18:16:44.258  7098  7098 E AndroidRuntime: 	at com.facebook.react.ReactActivityDelegate.loadApp(ReactActivityDelegate.java:157)
05-27 18:16:44.258  7098  7098 E AndroidRuntime: 	at com.facebook.react.ReactActivityDelegate.lambda$onCreate$0(ReactActivityDelegate.java:150)
05-27 18:16:44.258  7098  7098 E AndroidRuntime: 	at com.facebook.react.ReactActivityDelegate.$r8$lambda$HPdXfLmAU1y4Wc1XbwAHziPP2WA(Unknown Source:0)
05-27 18:16:44.258  7098  7098 E AndroidRuntime: 	at com.facebook.react.ReactActivityDelegate$$ExternalSyntheticLambda0.run(D8$$SyntheticClass:0)
05-27 18:16:44.258  7098  7098 E AndroidRuntime: 	at com.facebook.systrace.Systrace.traceSection(Systrace.kt:39)
05-27 18:16:44.258  7098  7098 E AndroidRuntime: 	at com.facebook.react.ReactActivityDelegate.onCreate(ReactActivityDelegate.java:118)
05-27 18:16:44.258  7098  7098 E AndroidRuntime: 	at com.facebook.react.ReactActivity.onCreate(ReactActivity.java:47)
05-27 18:16:44.258  7098  7098 E AndroidRuntime: 	at com.smartservicehub.MainActivity.onCreate(MainActivity.kt:12)
05-27 18:16:44.258  7098  7098 E AndroidRuntime: 	at android.app.Activity.performCreate(Activity.java:9002)
05-27 18:16:44.258  7098  7098 E AndroidRuntime: 	at android.app.Activity.performCreate(Activity.java:8980)
05-27 18:16:44.258  7098  7098 E AndroidRuntime: 	at android.app.Instrumentation.callActivityOnCreate(Instrumentation.java:1526)
05-27 18:16:44.258  7098  7098 E AndroidRuntime: 	at android.app.ActivityThread.performLaunchActivity(ActivityThread.java:4030)
05-27 18:16:44.258  7098  7098 E AndroidRuntime: 	... 13 more
05-27 18:16:44.262   639  1052 W ActivityTaskManager:   Force finishing activity com.smartservicehub/.MainActivity
05-27 18:16:44.262   903   945 V WindowManagerShell: Transition requested (#256): android.os.BinderProxy@a5e62ec TransitionRequestInfo { type = CLOSE, triggerTask = null, pipTask = null, remoteTransition = null, displayChange = null, flags = 16, debugId = 256 }
05-27 18:16:44.266  1183  1183 D VRI[QuickstepLauncher]: visibilityChanged oldVisibility=false newVisibility=true
05-27 18:16:44.267   639   666 I ActivityManager: Showing crash dialog for package com.smartservicehub u0
05-27 18:16:44.275   464   464 I BpBinder: onLastStrongRef automatically unlinking death recipients: 
05-27 18:16:44.282  1183  1183 D BaseDepthController: mSurface is not valid
05-27 18:16:44.287  1183  1183 D BaseDepthController: setSurface:
05-27 18:16:44.287  1183  1183 D BaseDepthController: 	mWaitingOnSurfaceValidity: true
05-27 18:16:44.287  1183  1183 D BaseDepthController: 	mSurface: Surface(name=com.android.launcher3/com.android.launcher3.uioverrides.QuickstepLauncher)/@0xc46be3c
05-27 18:16:44.295   639   666 D CoreBackPreview: Window{2a0d7b5 u0 Application Error: com.smartservicehub}: Setting back callback OnBackInvokedCallbackInfo{mCallback=android.window.WindowOnBackInvokedDispatcher$OnBackInvokedCallbackWrapper@feb3ca2, mPriority=0, mIsAnimationCallback=false}
05-27 18:16:44.304  7098  7121 W unknown:BridgelessReact: ReactHost{0}.isMetroRunning(): Async result = true
05-27 18:16:44.306  7098  7120 W unknown:BridgelessReact: ReactHost{0}.loadJSBundleFromMetro()
05-27 18:16:44.315  7098  7120 D CompatChangeReporter: Compat change id reported: 270674727; UID 10157; state: ENABLED
05-27 18:16:44.353  1183  1183 I TopTaskTracker: onTaskMovedToFront: (moved taskInfo to front) taskId=7, baseIntent=Intent { act=android.intent.action.MAIN cat=[android.intent.category.HOME] flg=0x10000100 cmp=com.android.launcher3/.uioverrides.QuickstepLauncher }
05-27 18:16:44.367  1183  1193 E FrameEvents: addRelease: Did not find frame.
05-27 18:16:44.721  7098  7121 W unknown:BridgelessReact: ReactHost{0}.loadJSBundleFromMetro(): Creating BundleLoader
05-27 18:16:44.723  7098  7120 W unknown:BridgelessReact: ReactHost{0}.getOrCreateReactContext(): Creating BridgelessReactContext
05-27 18:16:44.728  7098  7120 W unknown:BridgelessReact: ReactHost{0}.getOrCreateReactInstanceTask(): Creating ReactInstance
05-27 18:16:44.755  7098  7133 D TrafficStats: tagSocket(92) with statsTag=0xffffffff, statsUid=-1
05-27 18:16:44.764   639   668 W ActivityTaskManager: Activity top resumed state loss timeout for ActivityRecord{19c3471 u0 com.smartservicehub/.MainActivity t97 f}}
05-27 18:16:44.764   639   668 W ActivityTaskManager: Activity pause timeout for ActivityRecord{19c3471 u0 com.smartservicehub/.MainActivity t97 f}}
05-27 18:16:44.772  1183  1183 D StatsLog: LAUNCHER_ONRESUME
05-27 18:16:44.795   903  4065 V WindowManagerShell: onTransitionReady(transaction=2744484112967)
05-27 18:16:44.800   639   665 V WindowManager: Sent Transition (#256) createdAt=05-27 18:16:44.262 via request=TransitionRequestInfo { type = CLOSE, triggerTask = null, pipTask = null, remoteTransition = null, displayChange = null, flags = 16, debugId = 256 }
05-27 18:16:44.801   903   945 V WindowManagerShell: onTransitionReady (#256) android.os.BinderProxy@a5e62ec: {id=256 t=CLOSE f=0x10 trk=0 r=[0@Point(0, 0)] c=[{WCT{android.window.IWindowContainerToken$Stub$Proxy@b73d597} m=TO_FRONT f=SHOW_WALLPAPER|MOVE_TO_TOP leash=Surface(name=Task=1)/@0xadc36b5 sb=Rect(0, 0 - 1080, 2400) eb=Rect(0, 0 - 1080, 2400) d=0 taskParent=-1},{WCT{android.window.IWindowContainerToken$Stub$Proxy@5302384} m=CLOSE f=NONE leash=Surface(name=Task=97)/@0x344c1d8 sb=Rect(0, 0 - 1080, 2400) eb=Rect(0, 0 - 1080, 2400) d=0 taskParent=-1},{null m=TO_FRONT f=IS_WALLPAPER leash=Surface(name=WallpaperWindowToken{40e9598 token=android.os.Binder@463337b})/@0xc668931 sb=Rect(0, 0 - 1080, 2400) eb=Rect(0, 0 - 1080, 2400) d=0}]}
05-27 18:16:44.801   639   665 V WindowManager:     startWCT=WindowContainerTransaction { changes = {} hops = [] errorCallbackToken=null taskFragmentOrganizer=null }
05-27 18:16:44.802   639   665 V WindowManager:     info={id=256 t=CLOSE f=0x10 trk=0 r=[0@Point(0, 0)] c=[
05-27 18:16:44.802   639   665 V WindowManager:         {WCT{RemoteToken{154c72 Task{44cfd8e #1 type=home}}} m=TO_FRONT f=SHOW_WALLPAPER|MOVE_TO_TOP leash=Surface(name=Task=1)/@0x383cb91 sb=Rect(0, 0 - 1080, 2400) eb=Rect(0, 0 - 1080, 2400) d=0 taskParent=-1},
05-27 18:16:44.802   639   665 V WindowManager:         {WCT{RemoteToken{3312feb Task{7e2f256 #97 type=standard A=10157:com.smartservicehub}}} m=CLOSE f=NONE leash=Surface(name=Task=97)/@0xceafe65 sb=Rect(0, 0 - 1080, 2400) eb=Rect(0, 0 - 1080, 2400) d=0 taskParent=-1},
05-27 18:16:44.802   639   665 V WindowManager:         {null m=TO_FRONT f=IS_WALLPAPER leash=Surface(name=WallpaperWindowToken{40e9598 token=android.os.Binder@463337b})/@0xf1da354 sb=Rect(0, 0 - 1080, 2400) eb=Rect(0, 0 - 1080, 2400) d=0}
05-27 18:16:44.802   639   665 V WindowManager:     ]}
05-27 18:16:44.802   903   945 V WindowManagerShell: Playing animation for (#256) android.os.BinderProxy@a5e62ec@0
05-27 18:16:44.803   903   945 V WindowManagerShell:  try handler com.android.wm.shell.transition.DefaultMixedHandler@4ef87
05-27 18:16:44.803   903  1065 D EGL_emulation: app_time_stats: avg=269.64ms min=2.63ms max=2605.03ms count=10
05-27 18:16:44.805   903   945 V WindowManagerShell:  try handler com.android.wm.shell.keyguard.KeyguardTransitionHandler@c7f4eb4
05-27 18:16:44.805   903   945 V WindowManagerShell:  try handler com.android.wm.shell.pip.PipTransition@f678add
05-27 18:16:44.805   903   945 V WindowManagerShell:  try handler com.android.wm.shell.activityembedding.ActivityEmbeddingController@31ca220
05-27 18:16:44.805   903   945 V WindowManagerShell:  try handler com.android.wm.shell.recents.RecentsTransitionHandler@156f7d9
05-27 18:16:44.806   903   945 V ShellRecents: RecentsTransitionHandler.startAnimation: no controller found
05-27 18:16:44.806   903   945 V WindowManagerShell:  try handler com.android.wm.shell.splitscreen.StageCoordinator@c61d59e
05-27 18:16:44.806   903   945 V WindowManagerShell:  try handler com.android.wm.shell.transition.RemoteTransitionHandler@af2487f
05-27 18:16:44.806   903   945 V WindowManagerShell: Transition doesn't have explicit remote, search filters for match for {id=256 t=CLOSE f=0x10 trk=0 r=[0@Point(0, 0)] c=[{WCT{android.window.IWindowContainerToken$Stub$Proxy@b73d597} m=TO_FRONT f=SHOW_WALLPAPER|MOVE_TO_TOP leash=Surface(name=Task=1)/@0xadc36b5 sb=Rect(0, 0 - 1080, 2400) eb=Rect(0, 0 - 1080, 2400) d=0 taskParent=-1},{WCT{android.window.IWindowContainerToken$Stub$Proxy@5302384} m=CLOSE f=NONE leash=Surface(name=Task=97)/@0x344c1d8 sb=Rect(0, 0 - 1080, 2400) eb=Rect(0, 0 - 1080, 2400) d=0 taskParent=-1},{null m=TO_FRONT f=IS_WALLPAPER leash=Surface(name=WallpaperWindowToken{40e9598 token=android.os.Binder@463337b})/@0xc668931 sb=Rect(0, 0 - 1080, 2400) eb=Rect(0, 0 - 1080, 2400) d=0}]}
05-27 18:16:44.806   903   945 V WindowManagerShell:  Checking filter Pair{{types=[] flags=0x0] notFlags=0x100 checks=[{atype=home independent=true modes=[OPEN,TO_FRONT] flags=NONE mustBeTask=false order=TOP topActivity=ComponentInfo{com.android.launcher3/com.android.launcher3.uioverrides.QuickstepLauncher} launchCookie=null},{atype=standard independent=true modes=[CLOSE,TO_BACK] flags=NONE mustBeTask=false order=ANY topActivity=null launchCookie=null}]} RemoteTransition { remoteTransition = android.window.IRemoteTransition$Stub$Proxy@b9b1a9b, appThread = android.app.IApplicationThread$Stub$Proxy@207be38, debugName = QuickstepLaunchHome }}
05-27 18:16:44.806   903   945 D RemoteTransitionHandler: Found filterPair{{types=[] flags=0x0] notFlags=0x100 checks=[{atype=home independent=true modes=[OPEN,TO_FRONT] flags=NONE mustBeTask=false order=TOP topActivity=ComponentInfo{com.android.launcher3/com.android.launcher3.uioverrides.QuickstepLauncher} launchCookie=null},{atype=standard independent=true modes=[CLOSE,TO_BACK] flags=NONE mustBeTask=false order=ANY topActivity=null launchCookie=null}]} RemoteTransition { remoteTransition = android.window.IRemoteTransition$Stub$Proxy@b9b1a9b, appThread = android.app.IApplicationThread$Stub$Proxy@207be38, debugName = QuickstepLaunchHome }}
05-27 18:16:44.806   903   945 V WindowManagerShell:  Delegate animation for (#256) to RemoteTransition { remoteTransition = android.window.IRemoteTransition$Stub$Proxy@b9b1a9b, appThread = android.app.IApplicationThread$Stub$Proxy@207be38, debugName = QuickstepLaunchHome }
05-27 18:16:44.814   903   945 V WindowManagerShell:  animated by com.android.wm.shell.transition.RemoteTransitionHandler@af2487f
05-27 18:16:44.820   639  1042 W UserManagerService: Requested status bar icon for non-badged user 0
05-27 18:16:44.831  7098  7120 W ReactNativeJNI: Component property map contains multiple entries for 'borderColor'. Ensure all calls to convertRawProp use a consistent prefix, name and suffix.
05-27 18:16:44.831  7098  7120 W ReactNativeJNI: Component property map contains multiple entries for 'borderStyle'. Ensure all calls to convertRawProp use a consistent prefix, name and suffix.
05-27 18:16:44.836   392   392 I netd    : tetherGetStats() -> {[]} <3.29ms>
05-27 18:16:44.839  1183  1467 D EGL_emulation: app_time_stats: avg=34.37ms min=1.07ms max=974.46ms count=36
05-27 18:16:44.842   464   464 E SurfaceFlinger: Out of order buffers detected for RequestedLayerState{com.android.launcher3/com.android.launcher3.uioverrides.QuickstepLauncher#2917 parentId=1419} producedId=88 frameNumber=146 -> producedId=88 frameNumber=2
05-27 18:16:44.842   464   464 D SurfaceFlinger: TransactionTraceWriter: file=/data/misc/wmtrace/out_of_order_buffers_transactions_trace.winscope already exists
05-27 18:16:44.843   424   519 I RanchuHwc: logCompositionFallbackIfChanged: layer 679 CompositionType fallback from 2 to 1
05-27 18:16:44.844   424   519 I RanchuHwc: logCompositionFallbackIfChanged: layer 676 CompositionType fallback from 2 to 1
05-27 18:16:44.844   424   519 I RanchuHwc: logCompositionFallbackIfChanged: layer 677 CompositionType fallback from 3 to 1
05-27 18:16:44.844   424   519 I RanchuHwc: logCompositionFallbackIfChanged: layer 678 CompositionType fallback from 2 to 1
05-27 18:16:44.844  7098  7120 W unknown:BridgelessReact: ReactHost{0}.getOrCreateReactInstanceTask(): Loading JS Bundle
05-27 18:16:44.848  7098  7120 W unknown:BridgelessReact: ReactHost{0}.getOrCreateReactInstanceTask(): Calling DevSupportManagerBase.onNewReactContextCreated(reactContext)
05-27 18:16:44.858   464   464 E SurfaceFlinger: Out of order buffers detected for RequestedLayerState{com.android.launcher3/com.android.launcher3.uioverrides.QuickstepLauncher#2917 parentId=1419} producedId=88 frameNumber=146 -> producedId=88 frameNumber=3
05-27 18:16:44.858   464   464 D SurfaceFlinger: TransactionTraceWriter: file=/data/misc/wmtrace/out_of_order_buffers_transactions_trace.winscope already exists
05-27 18:16:44.860  1183  1190 W droid.launcher3: ApkAssets: Deleting an ApkAssets object '<empty> and /data/app/~~sWDLQGqH5Xbz1m-W7wvIGw==/com.smartservicehub-9zVoBYxA7GWKFLbzCUbTeg==/base.apk' with 1 weak references
05-27 18:16:44.863  7098  7120 W unknown:BridgelessReact: ReactHost{0}.startSurface(surfaceId = 0): Execute
05-27 18:16:44.866  1183  1190 W droid.launcher3: ApkAssets: Deleting an ApkAssets object '<empty> and /system_ext/priv-app/Settings/Settings.apk' with 1 weak references
05-27 18:16:44.891   464   464 E SurfaceFlinger: Out of order buffers detected for RequestedLayerState{com.android.launcher3/com.android.launcher3.uioverrides.QuickstepLauncher#2917 parentId=1419} producedId=88 frameNumber=146 -> producedId=88 frameNumber=4
05-27 18:16:44.891   464   464 D SurfaceFlinger: TransactionTraceWriter: file=/data/misc/wmtrace/out_of_order_buffers_transactions_trace.winscope already exists
05-27 18:16:44.909   464   464 E SurfaceFlinger: Out of order buffers detected for RequestedLayerState{com.android.launcher3/com.android.launcher3.uioverrides.QuickstepLauncher#2917 parentId=1419} producedId=88 frameNumber=146 -> producedId=88 frameNumber=5
05-27 18:16:44.909   464   464 D SurfaceFlinger: TransactionTraceWriter: file=/data/misc/wmtrace/out_of_order_buffers_transactions_trace.winscope already exists
05-27 18:16:44.925   464   464 E SurfaceFlinger: Out of order buffers detected for RequestedLayerState{com.android.launcher3/com.android.launcher3.uioverrides.QuickstepLauncher#2917 parentId=1419} producedId=88 frameNumber=146 -> producedId=88 frameNumber=6
05-27 18:16:44.925   464   464 D SurfaceFlinger: TransactionTraceWriter: file=/data/misc/wmtrace/out_of_order_buffers_transactions_trace.winscope already exists
05-27 18:16:44.942   464   464 E SurfaceFlinger: Out of order buffers detected for RequestedLayerState{com.android.launcher3/com.android.launcher3.uioverrides.QuickstepLauncher#2917 parentId=1419} producedId=88 frameNumber=146 -> producedId=88 frameNumber=7
05-27 18:16:44.942   464   464 D SurfaceFlinger: TransactionTraceWriter: file=/data/misc/wmtrace/out_of_order_buffers_transactions_trace.winscope already exists
05-27 18:16:44.960   464   464 E SurfaceFlinger: Out of order buffers detected for RequestedLayerState{com.android.launcher3/com.android.launcher3.uioverrides.QuickstepLauncher#2917 parentId=1419} producedId=88 frameNumber=146 -> producedId=88 frameNumber=8
05-27 18:16:44.960   464   464 D SurfaceFlinger: TransactionTraceWriter: file=/data/misc/wmtrace/out_of_order_buffers_transactions_trace.winscope already exists
05-27 18:16:44.976   464   464 E SurfaceFlinger: Out of order buffers detected for RequestedLayerState{com.android.launcher3/com.android.launcher3.uioverrides.QuickstepLauncher#2917 parentId=1419} producedId=88 frameNumber=146 -> producedId=88 frameNumber=9
05-27 18:16:44.976   464   464 D SurfaceFlinger: TransactionTraceWriter: file=/data/misc/wmtrace/out_of_order_buffers_transactions_trace.winscope already exists
05-27 18:16:44.993   464   464 E SurfaceFlinger: Out of order buffers detected for RequestedLayerState{com.android.launcher3/com.android.launcher3.uioverrides.QuickstepLauncher#2917 parentId=1419} producedId=88 frameNumber=146 -> producedId=88 frameNumber=10
05-27 18:16:44.993   464   464 D SurfaceFlinger: TransactionTraceWriter: file=/data/misc/wmtrace/out_of_order_buffers_transactions_trace.winscope already exists
05-27 18:16:45.009   464   464 E SurfaceFlinger: Out of order buffers detected for RequestedLayerState{com.android.launcher3/com.android.launcher3.uioverrides.QuickstepLauncher#2917 parentId=1419} producedId=88 frameNumber=146 -> producedId=88 frameNumber=11
05-27 18:16:45.009   464   464 D SurfaceFlinger: TransactionTraceWriter: file=/data/misc/wmtrace/out_of_order_buffers_transactions_trace.winscope already exists
05-27 18:16:45.026   464   464 E SurfaceFlinger: Out of order buffers detected for RequestedLayerState{com.android.launcher3/com.android.launcher3.uioverrides.QuickstepLauncher#2917 parentId=1419} producedId=88 frameNumber=146 -> producedId=88 frameNumber=12
05-27 18:16:45.026   464   464 D SurfaceFlinger: TransactionTraceWriter: file=/data/misc/wmtrace/out_of_order_buffers_transactions_trace.winscope already exists
05-27 18:16:45.042   464   464 E SurfaceFlinger: Out of order buffers detected for RequestedLayerState{com.android.launcher3/com.android.launcher3.uioverrides.QuickstepLauncher#2917 parentId=1419} producedId=88 frameNumber=146 -> producedId=88 frameNumber=13
05-27 18:16:45.042   464   464 D SurfaceFlinger: TransactionTraceWriter: file=/data/misc/wmtrace/out_of_order_buffers_transactions_trace.winscope already exists
05-27 18:16:45.059   464   464 E SurfaceFlinger: Out of order buffers detected for RequestedLayerState{com.android.launcher3/com.android.launcher3.uioverrides.QuickstepLauncher#2917 parentId=1419} producedId=88 frameNumber=146 -> producedId=88 frameNumber=14
05-27 18:16:45.059   464   464 D SurfaceFlinger: TransactionTraceWriter: file=/data/misc/wmtrace/out_of_order_buffers_transactions_trace.winscope already exists
05-27 18:16:45.076   464   464 E SurfaceFlinger: Out of order buffers detected for RequestedLayerState{com.android.launcher3/com.android.launcher3.uioverrides.QuickstepLauncher#2917 parentId=1419} producedId=88 frameNumber=146 -> producedId=88 frameNumber=15
05-27 18:16:45.077   464   464 D SurfaceFlinger: TransactionTraceWriter: file=/data/misc/wmtrace/out_of_order_buffers_transactions_trace.winscope already exists
05-27 18:16:45.092   464   464 E SurfaceFlinger: Out of order buffers detected for RequestedLayerState{com.android.launcher3/com.android.launcher3.uioverrides.QuickstepLauncher#2917 parentId=1419} producedId=88 frameNumber=146 -> producedId=88 frameNumber=16
05-27 18:16:45.092   464   464 D SurfaceFlinger: TransactionTraceWriter: file=/data/misc/wmtrace/out_of_order_buffers_transactions_trace.winscope already exists
05-27 18:16:45.109   464   464 E SurfaceFlinger: Out of order buffers detected for RequestedLayerState{com.android.launcher3/com.android.launcher3.uioverrides.QuickstepLauncher#2917 parentId=1419} producedId=88 frameNumber=146 -> producedId=88 frameNumber=17
05-27 18:16:45.109   464   464 D SurfaceFlinger: TransactionTraceWriter: file=/data/misc/wmtrace/out_of_order_buffers_transactions_trace.winscope already exists
05-27 18:16:45.125   464   464 E SurfaceFlinger: Out of order buffers detected for RequestedLayerState{com.android.launcher3/com.android.launcher3.uioverrides.QuickstepLauncher#2917 parentId=1419} producedId=88 frameNumber=146 -> producedId=88 frameNumber=18
05-27 18:16:45.125   464   464 D SurfaceFlinger: TransactionTraceWriter: file=/data/misc/wmtrace/out_of_order_buffers_transactions_trace.winscope already exists
05-27 18:16:45.142   464   464 E SurfaceFlinger: Out of order buffers detected for RequestedLayerState{com.android.launcher3/com.android.launcher3.uioverrides.QuickstepLauncher#2917 parentId=1419} producedId=88 frameNumber=146 -> producedId=88 frameNumber=19
05-27 18:16:45.142   464   464 D SurfaceFlinger: TransactionTraceWriter: file=/data/misc/wmtrace/out_of_order_buffers_transactions_trace.winscope already exists
05-27 18:16:45.143   903   945 V WindowManagerShell: Transition animation finished (aborted=false), notifying core (#256) android.os.BinderProxy@a5e62ec@0
05-27 18:16:45.147   639   665 V WindowManager: Finish Transition (#256): created at 05-27 18:16:44.262 collect-started=0.043ms request-sent=0.09ms started=3.901ms ready=505.453ms sent=508.228ms finished=884.191ms
05-27 18:16:45.148   903   945 V WindowManagerShell: Track 0 became idle
05-27 18:16:45.149   903   945 V WindowManagerShell: All active transition animations finished
05-27 18:16:45.153   639  1688 W UserManagerService: Requested status bar icon for non-badged user 0
05-27 18:16:45.154   639  1688 W UserManagerService: Requested status bar icon for non-badged user 0
05-27 18:16:45.159   464   464 E SurfaceFlinger: Out of order buffers detected for RequestedLayerState{com.android.launcher3/com.android.launcher3.uioverrides.QuickstepLauncher#2917 parentId=1419} producedId=88 frameNumber=146 -> producedId=88 frameNumber=20
05-27 18:16:45.159   464   464 D SurfaceFlinger: TransactionTraceWriter: file=/data/misc/wmtrace/out_of_order_buffers_transactions_trace.winscope already exists
05-27 18:16:45.176   464   464 E SurfaceFlinger: Out of order buffers detected for RequestedLayerState{com.android.launcher3/com.android.launcher3.uioverrides.QuickstepLauncher#2917 parentId=1419} producedId=88 frameNumber=146 -> producedId=88 frameNumber=21
05-27 18:16:45.176   464   464 D SurfaceFlinger: TransactionTraceWriter: file=/data/misc/wmtrace/out_of_order_buffers_transactions_trace.winscope already exists
05-27 18:16:45.184  1183  1183 W FrameTracker: Missed App frame:UNKNOWN: 24, 401397, 0, CUJ=J<LAUNCHER_APP_CLOSE_TO_HOME>
05-27 18:16:45.184  1183  1183 W FrameTracker: Missed SF frame:UNKNOWN: 24, 401397, 0, CUJ=J<LAUNCHER_APP_CLOSE_TO_HOME>
05-27 18:16:45.184  1183  1183 W FrameTracker: Missing HWUI jank callback for vsyncId: 401397, CUJ=J<LAUNCHER_APP_CLOSE_TO_HOME>
05-27 18:16:45.184  1183  1183 W FrameTracker: Missed App frame:UNKNOWN: 88, 401412, 0, CUJ=J<LAUNCHER_APP_CLOSE_TO_HOME>
05-27 18:16:45.184  1183  1183 W FrameTracker: Missed SF frame:UNKNOWN: 88, 401412, 0, CUJ=J<LAUNCHER_APP_CLOSE_TO_HOME>
05-27 18:16:45.184  1183  1183 W FrameTracker: Missing HWUI jank callback for vsyncId: 401412, CUJ=J<LAUNCHER_APP_CLOSE_TO_HOME>
05-27 18:16:45.184  1183  1183 W FrameTracker: Missed SF frame:UNKNOWN: 80, 401427, 33979858, CUJ=J<LAUNCHER_APP_CLOSE_TO_HOME>
05-27 18:16:45.185  1183  1183 W FrameTracker: Missed SF frame:UNKNOWN: 80, 401442, 34358592, CUJ=J<LAUNCHER_APP_CLOSE_TO_HOME>
05-27 18:16:45.185  1183  1183 W FrameTracker: Missed App frame:UNKNOWN: 88, 401457, 35540226, CUJ=J<LAUNCHER_APP_CLOSE_TO_HOME>
05-27 18:16:45.185  1183  1183 W FrameTracker: Missed SF frame:UNKNOWN: 88, 401457, 35540226, CUJ=J<LAUNCHER_APP_CLOSE_TO_HOME>
05-27 18:16:45.185  1183  1183 W FrameTracker: Missed SF frame:UNKNOWN: 80, 401465, 35074360, CUJ=J<LAUNCHER_APP_CLOSE_TO_HOME>
05-27 18:16:45.185  1183  1183 W FrameTracker: Missed SF frame:UNKNOWN: 80, 401473, 35309694, CUJ=J<LAUNCHER_APP_CLOSE_TO_HOME>
05-27 18:16:45.186  1183  1183 W FrameTracker: Missed SF frame:UNKNOWN: 80, 401481, 34483028, CUJ=J<LAUNCHER_APP_CLOSE_TO_HOME>
05-27 18:16:45.186  1183  1183 W FrameTracker: Missed App frame:UNKNOWN: 88, 401489, 35008562, CUJ=J<LAUNCHER_APP_CLOSE_TO_HOME>
05-27 18:16:45.186  1183  1183 W FrameTracker: Missed SF frame:UNKNOWN: 88, 401489, 35008562, CUJ=J<LAUNCHER_APP_CLOSE_TO_HOME>
05-27 18:16:45.186  1183  1183 W FrameTracker: Missed SF frame:UNKNOWN: 80, 401497, 34494696, CUJ=J<LAUNCHER_APP_CLOSE_TO_HOME>
05-27 18:16:45.186  1183  1183 W FrameTracker: Missed App frame:UNKNOWN: 88, 401505, 35232330, CUJ=J<LAUNCHER_APP_CLOSE_TO_HOME>
05-27 18:16:45.186  1183  1183 W FrameTracker: Missed SF frame:UNKNOWN: 88, 401505, 35232330, CUJ=J<LAUNCHER_APP_CLOSE_TO_HOME>
05-27 18:16:45.186  1183  1183 W FrameTracker: Missed App frame:UNKNOWN: 88, 401513, 35774764, CUJ=J<LAUNCHER_APP_CLOSE_TO_HOME>
05-27 18:16:45.186  1183  1183 W FrameTracker: Missed SF frame:UNKNOWN: 88, 401513, 35774764, CUJ=J<LAUNCHER_APP_CLOSE_TO_HOME>
05-27 18:16:45.187  1183  1183 W FrameTracker: Missed SF frame:UNKNOWN: 80, 401521, 34753898, CUJ=J<LAUNCHER_APP_CLOSE_TO_HOME>
05-27 18:16:45.187  1183  1183 W FrameTracker: Missed SF frame:UNKNOWN: 80, 401529, 34822532, CUJ=J<LAUNCHER_APP_CLOSE_TO_HOME>
05-27 18:16:45.188  1183  1183 W FrameTracker: Missed SF frame:UNKNOWN: 80, 401537, 34545066, CUJ=J<LAUNCHER_APP_CLOSE_TO_HOME>
05-27 18:16:45.188  1183  1183 W FrameTracker: Missed SF frame:UNKNOWN: 80, 401545, 26945800, CUJ=J<LAUNCHER_APP_CLOSE_TO_HOME>
05-27 18:16:45.189  1183  1183 W FrameTracker: Missed SF frame:UNKNOWN: 80, 401553, 30629834, CUJ=J<LAUNCHER_APP_CLOSE_TO_HOME>
05-27 18:16:45.189  1183  1183 W FrameTracker: Missed SF frame:UNKNOWN: 80, 401561, 25615068, CUJ=J<LAUNCHER_APP_CLOSE_TO_HOME>
05-27 18:16:45.189  1183  1201 V PerfettoTrigger: Not triggering com.android.telemetry.interaction-jank-monitor-9 - not enough time since last trigger
05-27 18:16:45.192   464   464 E SurfaceFlinger: Out of order buffers detected for RequestedLayerState{com.android.launcher3/com.android.launcher3.uioverrides.QuickstepLauncher#2917 parentId=1419} producedId=88 frameNumber=146 -> producedId=88 frameNumber=22
05-27 18:16:45.192   464   464 D SurfaceFlinger: TransactionTraceWriter: file=/data/misc/wmtrace/out_of_order_buffers_transactions_trace.winscope already exists
05-27 18:16:45.208   464   464 E SurfaceFlinger: Out of order buffers detected for RequestedLayerState{com.android.launcher3/com.android.launcher3.uioverrides.QuickstepLauncher#2917 parentId=1419} producedId=88 frameNumber=146 -> producedId=88 frameNumber=23
05-27 18:16:45.208   464   464 D SurfaceFlinger: TransactionTraceWriter: file=/data/misc/wmtrace/out_of_order_buffers_transactions_trace.winscope already exists
05-27 18:16:45.226   464   464 E SurfaceFlinger: Out of order buffers detected for RequestedLayerState{com.android.launcher3/com.android.launcher3.uioverrides.QuickstepLauncher#2917 parentId=1419} producedId=88 frameNumber=146 -> producedId=88 frameNumber=24
05-27 18:16:45.226   464   464 D SurfaceFlinger: TransactionTraceWriter: file=/data/misc/wmtrace/out_of_order_buffers_transactions_trace.winscope already exists
05-27 18:16:45.241   464   464 E SurfaceFlinger: Out of order buffers detected for RequestedLayerState{com.android.launcher3/com.android.launcher3.uioverrides.QuickstepLauncher#2917 parentId=1419} producedId=88 frameNumber=146 -> producedId=88 frameNumber=25
05-27 18:16:45.241   464   464 D SurfaceFlinger: TransactionTraceWriter: file=/data/misc/wmtrace/out_of_order_buffers_transactions_trace.winscope already exists
05-27 18:16:45.258   464   464 E SurfaceFlinger: Out of order buffers detected for RequestedLayerState{com.android.launcher3/com.android.launcher3.uioverrides.QuickstepLauncher#2917 parentId=1419} producedId=88 frameNumber=146 -> producedId=88 frameNumber=26
05-27 18:16:45.258   464   464 D SurfaceFlinger: TransactionTraceWriter: file=/data/misc/wmtrace/out_of_order_buffers_transactions_trace.winscope already exists
05-27 18:16:45.270   639   654 I system_server: NativeAlloc concurrent mark compact GC freed 2822KB AllocSpace bytes, 4(80KB) LOS objects, 49% free, 21MB/42MB, paused 2.557ms,3.321ms total 112.389ms
05-27 18:16:45.276   464   464 E SurfaceFlinger: Out of order buffers detected for RequestedLayerState{com.android.launcher3/com.android.launcher3.uioverrides.QuickstepLauncher#2917 parentId=1419} producedId=88 frameNumber=146 -> producedId=88 frameNumber=27
05-27 18:16:45.276   464   464 D SurfaceFlinger: TransactionTraceWriter: file=/data/misc/wmtrace/out_of_order_buffers_transactions_trace.winscope already exists
05-27 18:16:45.293   464   464 E SurfaceFlinger: Out of order buffers detected for RequestedLayerState{com.android.launcher3/com.android.launcher3.uioverrides.QuickstepLauncher#2917 parentId=1419} producedId=88 frameNumber=146 -> producedId=88 frameNumber=28
05-27 18:16:45.293   464   464 D SurfaceFlinger: TransactionTraceWriter: file=/data/misc/wmtrace/out_of_order_buffers_transactions_trace.winscope already exists
05-27 18:16:45.308   464   464 E SurfaceFlinger: Out of order buffers detected for RequestedLayerState{com.android.launcher3/com.android.launcher3.uioverrides.QuickstepLauncher#2917 parentId=1419} producedId=88 frameNumber=146 -> producedId=88 frameNumber=29
05-27 18:16:45.309   464   464 D SurfaceFlinger: TransactionTraceWriter: file=/data/misc/wmtrace/out_of_order_buffers_transactions_trace.winscope already exists
05-27 18:16:45.325   464   464 E SurfaceFlinger: Out of order buffers detected for RequestedLayerState{com.android.launcher3/com.android.launcher3.uioverrides.QuickstepLauncher#2917 parentId=1419} producedId=88 frameNumber=146 -> producedId=88 frameNumber=30
05-27 18:16:45.325   464   464 D SurfaceFlinger: TransactionTraceWriter: file=/data/misc/wmtrace/out_of_order_buffers_transactions_trace.winscope already exists
05-27 18:16:45.342   464   464 E SurfaceFlinger: Out of order buffers detected for RequestedLayerState{com.android.launcher3/com.android.launcher3.uioverrides.QuickstepLauncher#2917 parentId=1419} producedId=88 frameNumber=146 -> producedId=88 frameNumber=31
05-27 18:16:45.342   464   464 D SurfaceFlinger: TransactionTraceWriter: file=/data/misc/wmtrace/out_of_order_buffers_transactions_trace.winscope already exists
05-27 18:16:45.358   464   464 E SurfaceFlinger: Out of order buffers detected for RequestedLayerState{com.android.launcher3/com.android.launcher3.uioverrides.QuickstepLauncher#2917 parentId=1419} producedId=88 frameNumber=146 -> producedId=88 frameNumber=32
05-27 18:16:45.359   464   464 D SurfaceFlinger: TransactionTraceWriter: file=/data/misc/wmtrace/out_of_order_buffers_transactions_trace.winscope already exists
05-27 18:16:45.375   464   464 E SurfaceFlinger: Out of order buffers detected for RequestedLayerState{com.android.launcher3/com.android.launcher3.uioverrides.QuickstepLauncher#2917 parentId=1419} producedId=88 frameNumber=146 -> producedId=88 frameNumber=33
05-27 18:16:45.375   464   464 D SurfaceFlinger: TransactionTraceWriter: file=/data/misc/wmtrace/out_of_order_buffers_transactions_trace.winscope already exists
05-27 18:16:45.393   464   464 E SurfaceFlinger: Out of order buffers detected for RequestedLayerState{com.android.launcher3/com.android.launcher3.uioverrides.QuickstepLauncher#2917 parentId=1419} producedId=88 frameNumber=146 -> producedId=88 frameNumber=34
05-27 18:16:45.393   464   464 D SurfaceFlinger: TransactionTraceWriter: file=/data/misc/wmtrace/out_of_order_buffers_transactions_trace.winscope already exists
