05-27 18:16:37.738   639  1664 I ActivityTaskManager: START u0 {act=android.intent.action.MAIN cat=[android.intent.category.LAUNCHER] flg=0x10200000 cmp=com.smartservicehub/.MainActivity bnds=[648,928][864,1243]} with LAUNCH_SINGLE_TASK from uid 10120 (BAL_ALLOW_VISIBLE_WINDOW) result code=0
05-27 18:16:37.739   903   945 V WindowManagerShell: Transition requested (#253): android.os.BinderProxy@1aca15b TransitionRequestInfo { type = OPEN, triggerTask = TaskInfo{userId=0 taskId=96 displayId=0 isRunning=true baseIntent=Intent { act=android.intent.action.MAIN cat=[android.intent.category.LAUNCHER] flg=0x10200000 cmp=com.smartservicehub/.MainActivity } baseActivity=ComponentInfo{com.smartservicehub/com.smartservicehub.MainActivity} topActivity=ComponentInfo{com.smartservicehub/com.smartservicehub.MainActivity} origActivity=null realActivity=ComponentInfo{com.smartservicehub/com.smartservicehub.MainActivity} numActivities=1 lastActiveTime=8978228 supportsMultiWindow=true resizeMode=1 isResizeable=true minWidth=-1 minHeight=-1 defaultMinSize=220 token=WCT{android.window.IWindowContainerToken$Stub$Proxy@70c9df8} topActivityType=1 pictureInPictureParams=null shouldDockBigOverlays=false launchIntoPipHostTaskId=-1 lastParentTaskIdBeforePip=-1 displayCutoutSafeInsets=Rect(0, 132 - 0, 0) topActivityInfo=ActivityInfo{e5102d1 com.smartservicehub.MainActivity} launchCookies=[android.os.BinderProxy@6001136] positionInParent=Point(0, 0) parentTaskId=-1 isFocused=false isVisible=false isVisibleRequested=false isSleeping=false locusId=null displayAreaFeatureId=1 isTopActivityTransparent=false appCompatTaskInfo=AppCompatTaskInfo { topActivityInSizeCompat=false topActivityEligibleForLetterboxEducation= falseisLetterboxEducationEnabled= false isLetterboxDoubleTapEnabled= false topActivityEligibleForUserAspectRatioButton= false topActivityBoundsLetterboxed= false isFromLetterboxDoubleTap= false topActivityLetterboxVerticalPosition= -1 topActivityLetterboxHorizontalPosition= -1 topActivityLetterboxWidth=1080 topActivityLetterboxHeight=2400 isUserFullscreenOverrideEnabled=false isSystemFullscreenOverrideEnabled=false cameraCompatTaskInfo=CameraCompatTaskInfo { cameraCompatControlState=hidden freeformCameraCompatMode=inactive}}}, pipTask = null, remoteTransition = RemoteTransition { remoteTransition = android.window.IRemoteTransition$Stub$Proxy@909f837, appThread = android.app.IApplicationThread$Stub$Proxy@469a1a4, debugName = QuickstepLaunch }, displayChange = null, flags = 0, debugId = 253 }
05-27 18:16:37.739   903   945 V WindowManagerShell: RemoteTransition directly requested for (#253) android.os.BinderProxy@1aca15b: RemoteTransition { remoteTransition = android.window.IRemoteTransition$Stub$Proxy@909f837, appThread = android.app.IApplicationThread$Stub$Proxy@469a1a4, debugName = QuickstepLaunch }
05-27 18:16:37.739  1183  1183 D StatsLog: LAUNCHER_APP_LAUNCH_TAP
05-27 18:16:37.748  1183  1183 W SplitSelectStateCtor: Missing session instanceIds
05-27 18:16:37.748  1183  1183 D StatsLog: LAUNCHER_SPLIT_SELECTION_EXIT_INTERRUPTED
05-27 18:16:37.750   639   668 V GrammaticalInflectionUtils: AttributionSource: AttributionSource { uid = 10157, packageName = null, attributionTag = null, token = android.os.Binder@1e22126, deviceId = 0, next = null } does not have READ_SYSTEM_GRAMMATICAL_GENDER permission.
05-27 18:16:37.752   639   774 I ImeTracker: com.android.launcher3:c87d98e2: onRequestHide at ORIGIN_SERVER reason HIDE_SAME_WINDOW_FOCUSED_WITHOUT_EDITOR fromUser false
05-27 18:16:37.752   639   774 I ImeTracker: com.android.launcher3:c87d98e2: onCancelled at PHASE_SERVER_SHOULD_HIDE
05-27 18:16:37.758   464   464 E SurfaceFlinger: Out of order buffers detected for RequestedLayerState{com.android.launcher3/com.android.launcher3.uioverrides.QuickstepLauncher#2762 parentId=1419} producedId=86 frameNumber=76 -> producedId=86 frameNumber=2
05-27 18:16:37.758   464   464 D SurfaceFlinger: TransactionTraceWriter: file=/data/misc/wmtrace/out_of_order_buffers_transactions_trace.winscope already exists
05-27 18:16:37.758   393   393 D Zygote  : Forked child process 7064
05-27 18:16:37.759   639   680 I ActivityManager: Start proc 7064:com.smartservicehub/u0a157 for next-top-activity {com.smartservicehub/com.smartservicehub.MainActivity}
05-27 18:16:37.760  1183  1183 I TopTaskTracker: onTaskMovedToFront: (moved taskInfo to front) taskId=96, baseIntent=Intent { act=android.intent.action.MAIN cat=[android.intent.category.LAUNCHER] flg=0x10200000 cmp=com.smartservicehub/.MainActivity }
05-27 18:16:37.764   639  1661 D CoreBackPreview: Window{3a6366c u0 Splash Screen com.smartservicehub}: Setting back callback OnBackInvokedCallbackInfo{mCallback=android.window.IOnBackInvokedCallback$Stub$Proxy@418bf96, mPriority=0, mIsAnimationCallback=false}
05-27 18:16:37.775   464   464 E SurfaceFlinger: Out of order buffers detected for RequestedLayerState{com.android.launcher3/com.android.launcher3.uioverrides.QuickstepLauncher#2762 parentId=1419} producedId=86 frameNumber=76 -> producedId=86 frameNumber=3
05-27 18:16:37.775   464   464 D SurfaceFlinger: TransactionTraceWriter: file=/data/misc/wmtrace/out_of_order_buffers_transactions_trace.winscope already exists
05-27 18:16:37.777   424   519 I RanchuHwc: logCompositionFallbackIfChanged: layer 670 CompositionType fallback from 2 to 1
05-27 18:16:37.802  7064  7064 I smartservicehub: Late-enabling -Xcheck:jni
05-27 18:16:37.813   464   464 E SurfaceFlinger: Out of order buffers detected for RequestedLayerState{com.android.launcher3/com.android.launcher3.uioverrides.QuickstepLauncher#2762 parentId=1419} producedId=86 frameNumber=76 -> producedId=86 frameNumber=4
05-27 18:16:37.813   464   464 D SurfaceFlinger: TransactionTraceWriter: file=/data/misc/wmtrace/out_of_order_buffers_transactions_trace.winscope already exists
05-27 18:16:37.817  1183  1467 D EGL_emulation: app_time_stats: avg=32.22ms min=4.83ms max=636.73ms count=36
05-27 18:16:37.824   903  1393 V WindowManagerShell: onTransitionReady(transaction=2744484112822)
05-27 18:16:37.824   903   945 V WindowManagerShell: onTransitionReady (#253) android.os.BinderProxy@1aca15b: {id=253 t=OPEN f=0x0 trk=0 r=[0@Point(0, 0)] c=[{WCT{android.window.IWindowContainerToken$Stub$Proxy@3df7528} m=OPEN f=NONE leash=Surface(name=Task=96)/@0x91d813c sb=Rect(0, 0 - 1080, 2400) eb=Rect(0, 0 - 1080, 2400) d=0 taskParent=-1},{WCT{android.window.IWindowContainerToken$Stub$Proxy@c74241} m=TO_BACK f=SHOW_WALLPAPER leash=Surface(name=Task=1)/@0xf587ec5 sb=Rect(0, 0 - 1080, 2400) eb=Rect(0, 0 - 1080, 2400) d=0 taskParent=-1}]}
05-27 18:16:37.824   903   945 V WindowManagerShell: Transition (#253) android.os.BinderProxy@1aca15b@0 ready while (#252) android.os.BinderProxy@61f654f@0 is still animating. Notify the animating transition in case they can be merged
05-27 18:16:37.824   903   945 V WindowManagerShell:    Merge into remote: RemoteTransition { remoteTransition = android.window.IRemoteTransition$Stub$Proxy@b9b1a9b, appThread = android.app.IApplicationThread$Stub$Proxy@207be38, debugName = QuickstepLaunchHome }
05-27 18:16:37.829  7064  7064 I smartservicehub: Using CollectorTypeCMC GC.
05-27 18:16:37.829  7064  7064 W smartservicehub: Unexpected CPU variant for x86: x86_64.
05-27 18:16:37.829  7064  7064 W smartservicehub: Known variants: atom, sandybridge, silvermont, goldmont, goldmont-plus, goldmont-without-sha-xsaves, tremont, kabylake, default
05-27 18:16:37.833   639   665 V WindowManager: Sent Transition (#253) createdAt=05-27 18:16:37.730 via request=TransitionRequestInfo { type = OPEN, triggerTask = TaskInfo{userId=0 taskId=96 displayId=0 isRunning=true baseIntent=Intent { act=android.intent.action.MAIN cat=[android.intent.category.LAUNCHER] flg=0x10200000 cmp=com.smartservicehub/.MainActivity } baseActivity=ComponentInfo{com.smartservicehub/com.smartservicehub.MainActivity} topActivity=ComponentInfo{com.smartservicehub/com.smartservicehub.MainActivity} origActivity=null realActivity=ComponentInfo{com.smartservicehub/com.smartservicehub.MainActivity} numActivities=1 lastActiveTime=8978228 supportsMultiWindow=true resizeMode=1 isResizeable=true minWidth=-1 minHeight=-1 defaultMinSize=220 token=WCT{RemoteToken{cc86db3 Task{317f640 #96 type=standard A=10157:com.smartservicehub}}} topActivityType=1 pictureInPictureParams=null shouldDockBigOverlays=false launchIntoPipHostTaskId=-1 lastParentTaskIdBeforePip=-1 displayCutoutSafeInsets=Rect(0, 132 - 0, 0) topActivityInfo=ActivityInfo{e356f70 com.smartservicehub.MainActivity} launchCookies=[android.os.BinderProxy@554c2e9] positionInParent=Point(0, 0) parentTaskId=-1 isFocused=false isVisible=false isVisibleRequested=false isSleeping=false locusId=null displayAreaFeatureId=1 isTopActivityTransparent=false appCompatTaskInfo=AppCompatTaskInfo { topActivityInSizeCompat=false topActivityEligibleForLetterboxEducation= falseisLetterboxEducationEnabled= false isLetterboxDoubleTapEnabled= false topActivityEligibleForUserAspectRatioButton= false topActivityBoundsLetterboxed= false isFromLetterboxDoubleTap= false topActivityLetterboxVerticalPosition= -1 topActivityLetterboxHorizontalPosition= -1 topActivityLetterboxWidth=1080 topActivityLetterboxHeight=2400 isUserFullscreenOverrideEnabled=false isSystemFullscreenOverrideEnabled=false cameraCompatTaskInfo=CameraCompatTaskInfo { cameraCompatControlState=hidden freeformCameraCompatMode=inactive}}}, pipTask = null, remoteTransition = RemoteTransition { remoteTransition = android.window.IRemoteTransition$Stub$Proxy@1b02b6e, appThread = android.app.IApplicationThread$Stub$Proxy@a52320f, debugName = QuickstepLaunch }, displayChange = null, flags = 0, debugId = 253 }
05-27 18:16:37.833   639   665 V WindowManager:     startWCT=WindowContainerTransaction { changes = {} hops = [] errorCallbackToken=null taskFragmentOrganizer=null }
05-27 18:16:37.833   639   665 V WindowManager:     info={id=253 t=OPEN f=0x0 trk=0 r=[0@Point(0, 0)] c=[
05-27 18:16:37.833   639   665 V WindowManager:         {WCT{RemoteToken{cc86db3 Task{317f640 #96 type=standard A=10157:com.smartservicehub}}} m=OPEN f=NONE leash=Surface(name=Task=96)/@0xced7717 sb=Rect(0, 0 - 1080, 2400) eb=Rect(0, 0 - 1080, 2400) d=0 taskParent=-1},
05-27 18:16:37.833   639   665 V WindowManager:         {WCT{RemoteToken{154c72 Task{44cfd8e #1 type=home}}} m=TO_BACK f=SHOW_WALLPAPER leash=Surface(name=Task=1)/@0x383cb91 sb=Rect(0, 0 - 1080, 2400) eb=Rect(0, 0 - 1080, 2400) d=0 taskParent=-1}
05-27 18:16:37.833   639   665 V WindowManager:     ]}
05-27 18:16:37.833   903   945 V WindowManagerShell: Transition animation finished (aborted=false), notifying core (#252) android.os.BinderProxy@61f654f@0
05-27 18:16:37.838   903   980 W WindowOnBackDispatcher: sendCancelIfRunning: isInProgress=false callback=android.view.ViewRootImpl$$ExternalSyntheticLambda11@cad78ac
05-27 18:16:37.838   639  1664 D CoreBackPreview: Window{220a612 u0 Splash Screen com.smartservicehub EXITING}: Setting back callback null
05-27 18:16:37.840   639   665 V WindowManager: Finish Transition (#252): created at 05-27 18:16:37.624 collect-started=0.04ms request-sent=0.084ms started=6.312ms ready=39.815ms sent=74.1ms finished=215.712ms
05-27 18:16:37.841   639  1661 W InputManager-JNI: Input channel object '220a612 Splash Screen com.smartservicehub (client)' was disposed without first being removed with the input manager!
05-27 18:16:37.842   464   464 E SurfaceFlinger: Out of order buffers detected for RequestedLayerState{com.android.launcher3/com.android.launcher3.uioverrides.QuickstepLauncher#2762 parentId=1419} producedId=86 frameNumber=76 -> producedId=86 frameNumber=5
05-27 18:16:37.842   464   464 D SurfaceFlinger: TransactionTraceWriter: file=/data/misc/wmtrace/out_of_order_buffers_transactions_trace.winscope already exists
05-27 18:16:37.845   903   945 V WindowManagerShell: Playing animation for (#253) android.os.BinderProxy@1aca15b@0
05-27 18:16:37.845   903   945 V WindowManagerShell:  try firstHandler com.android.wm.shell.transition.DefaultMixedHandler@4ef87
05-27 18:16:37.845   903   945 V WindowManagerShell: Mixed transition for opening an intent with a remote transition and PIP #253
05-27 18:16:37.845   903   945 V WindowManagerShell:  Delegate animation for (#253) to RemoteTransition { remoteTransition = android.window.IRemoteTransition$Stub$Proxy@909f837, appThread = android.app.IApplicationThread$Stub$Proxy@469a1a4, debugName = QuickstepLaunch }
05-27 18:16:37.846   639  1664 W WindowManager: Failed looking up window session=Session{39a236a 903:u0a10121} callers=com.android.server.wm.WindowManagerService.removeClientToken:2058 com.android.server.wm.Session.remove:274 android.view.IWindowSession$Stub.onTransact:685 
05-27 18:16:37.846   903   945 V WindowManagerShell:  animated by firstHandler
05-27 18:16:37.852   639  1435 W UserManagerService: Requested status bar icon for non-badged user 0
05-27 18:16:37.854   473   489 I adbd    : jdwp connection from 7064
05-27 18:16:37.855   639  1338 W UserManagerService: Requested status bar icon for non-badged user 0
05-27 18:16:37.856  1183  1183 I TopTaskTracker: onTaskRemoved: taskId=95
05-27 18:16:37.858   464   464 E SurfaceFlinger: Out of order buffers detected for RequestedLayerState{com.android.launcher3/com.android.launcher3.uioverrides.QuickstepLauncher#2762 parentId=1419} producedId=86 frameNumber=76 -> producedId=86 frameNumber=6
05-27 18:16:37.859   464   464 D SurfaceFlinger: TransactionTraceWriter: file=/data/misc/wmtrace/out_of_order_buffers_transactions_trace.winscope already exists
05-27 18:16:37.859  1183  1183 D StateManager: cancelAnimation - with ongoing animation, partial trace:
05-27 18:16:37.859  1183  1183 D StateManager: 	at com.android.launcher3.statemanager.StateManager.setCurrentAnimation(StateManager.java:532)
05-27 18:16:37.859  1183  1183 D StateManager: 	at com.android.launcher3.QuickstepTransitionManager.composeIconLaunchAnimator(QuickstepTransitionManager.java:426)
05-27 18:16:37.859  1183  1183 D StateManager: 	at com.android.launcher3.QuickstepTransitionManager.-$$Nest$mcomposeIconLaunchAnimator(Unknown Source:0)
05-27 18:16:37.859   639  1661 W UserManagerService: Requested status bar icon for non-badged user 0
05-27 18:16:37.859  1183  1183 D StateManager: onStateTransitionEnd - state: AllApps
05-27 18:16:37.859  1183  1183 D RecentsView: reset - mEnableDrawingLiveTile: false, mRecentsAnimationController: null
05-27 18:16:37.860  1183  1183 D BaseDepthController: mSurface is null and mCurrentBlur is: 0
05-27 18:16:37.860  1183  1183 D BaseDepthController: mSurface is null and mCurrentBlur is: 0
05-27 18:16:37.860  1183  1183 D BaseDepthController: mSurface is null and mCurrentBlur is: 0
05-27 18:16:37.861  1183  1183 I TopTaskTracker: onTaskRemoved: taskId=95
05-27 18:16:37.869  7064  7064 D nativeloader: Load libframework-connectivity-tiramisu-jni.so using APEX ns com_android_tethering for caller /apex/com.android.tethering/javalib/framework-connectivity-t.jar: ok
05-27 18:16:37.876   464   464 E SurfaceFlinger: Out of order buffers detected for RequestedLayerState{com.android.launcher3/com.android.launcher3.uioverrides.QuickstepLauncher#2762 parentId=1419} producedId=86 frameNumber=76 -> producedId=86 frameNumber=7
05-27 18:16:37.876   464   464 D SurfaceFlinger: TransactionTraceWriter: file=/data/misc/wmtrace/out_of_order_buffers_transactions_trace.winscope already exists
05-27 18:16:37.885  1183  1183 D BaseDepthController: mSurface is null and mCurrentBlur is: 0
05-27 18:16:37.892   464   464 E SurfaceFlinger: Out of order buffers detected for RequestedLayerState{com.android.launcher3/com.android.launcher3.uioverrides.QuickstepLauncher#2762 parentId=1419} producedId=86 frameNumber=76 -> producedId=86 frameNumber=8
05-27 18:16:37.892   464   464 D SurfaceFlinger: TransactionTraceWriter: file=/data/misc/wmtrace/out_of_order_buffers_transactions_trace.winscope already exists
05-27 18:16:37.908  7064  7064 W ziparchive: Unable to open '/data/app/~~sWDLQGqH5Xbz1m-W7wvIGw==/com.smartservicehub-9zVoBYxA7GWKFLbzCUbTeg==/base.dm': No such file or directory
05-27 18:16:37.909  7064  7064 W ziparchive: Unable to open '/data/app/~~sWDLQGqH5Xbz1m-W7wvIGw==/com.smartservicehub-9zVoBYxA7GWKFLbzCUbTeg==/base.dm': No such file or directory
05-27 18:16:37.910   464   464 E SurfaceFlinger: Out of order buffers detected for RequestedLayerState{com.android.launcher3/com.android.launcher3.uioverrides.QuickstepLauncher#2762 parentId=1419} producedId=86 frameNumber=76 -> producedId=86 frameNumber=9
05-27 18:16:37.910   464   464 D SurfaceFlinger: TransactionTraceWriter: file=/data/misc/wmtrace/out_of_order_buffers_transactions_trace.winscope already exists
05-27 18:16:37.925   464   464 E SurfaceFlinger: Out of order buffers detected for RequestedLayerState{com.android.launcher3/com.android.launcher3.uioverrides.QuickstepLauncher#2762 parentId=1419} producedId=86 frameNumber=76 -> producedId=86 frameNumber=10
05-27 18:16:37.925   464   464 D SurfaceFlinger: TransactionTraceWriter: file=/data/misc/wmtrace/out_of_order_buffers_transactions_trace.winscope already exists
05-27 18:16:37.942   464   464 E SurfaceFlinger: Out of order buffers detected for RequestedLayerState{com.android.launcher3/com.android.launcher3.uioverrides.QuickstepLauncher#2762 parentId=1419} producedId=86 frameNumber=76 -> producedId=86 frameNumber=11
05-27 18:16:37.942   464   464 D SurfaceFlinger: TransactionTraceWriter: file=/data/misc/wmtrace/out_of_order_buffers_transactions_trace.winscope already exists
05-27 18:16:37.959   464   464 E SurfaceFlinger: Out of order buffers detected for RequestedLayerState{com.android.launcher3/com.android.launcher3.uioverrides.QuickstepLauncher#2762 parentId=1419} producedId=86 frameNumber=76 -> producedId=86 frameNumber=12
05-27 18:16:37.959   464   464 D SurfaceFlinger: TransactionTraceWriter: file=/data/misc/wmtrace/out_of_order_buffers_transactions_trace.winscope already exists
05-27 18:16:37.976   464   464 E SurfaceFlinger: Out of order buffers detected for RequestedLayerState{com.android.launcher3/com.android.launcher3.uioverrides.QuickstepLauncher#2762 parentId=1419} producedId=86 frameNumber=76 -> producedId=86 frameNumber=13
05-27 18:16:37.976   464   464 D SurfaceFlinger: TransactionTraceWriter: file=/data/misc/wmtrace/out_of_order_buffers_transactions_trace.winscope already exists
05-27 18:16:37.992   464   464 E SurfaceFlinger: Out of order buffers detected for RequestedLayerState{com.android.launcher3/com.android.launcher3.uioverrides.QuickstepLauncher#2762 parentId=1419} producedId=86 frameNumber=76 -> producedId=86 frameNumber=14
05-27 18:16:37.992   464   464 D SurfaceFlinger: TransactionTraceWriter: file=/data/misc/wmtrace/out_of_order_buffers_transactions_trace.winscope already exists
05-27 18:16:38.009   464   464 E SurfaceFlinger: Out of order buffers detected for RequestedLayerState{com.android.launcher3/com.android.launcher3.uioverrides.QuickstepLauncher#2762 parentId=1419} producedId=86 frameNumber=76 -> producedId=86 frameNumber=15
05-27 18:16:38.009   464   464 D SurfaceFlinger: TransactionTraceWriter: file=/data/misc/wmtrace/out_of_order_buffers_transactions_trace.winscope already exists
05-27 18:16:38.025   464   464 E SurfaceFlinger: Out of order buffers detected for RequestedLayerState{com.android.launcher3/com.android.launcher3.uioverrides.QuickstepLauncher#2762 parentId=1419} producedId=86 frameNumber=76 -> producedId=86 frameNumber=16
05-27 18:16:38.025   464   464 D SurfaceFlinger: TransactionTraceWriter: file=/data/misc/wmtrace/out_of_order_buffers_transactions_trace.winscope already exists
05-27 18:16:38.042   464   464 E SurfaceFlinger: Out of order buffers detected for RequestedLayerState{com.android.launcher3/com.android.launcher3.uioverrides.QuickstepLauncher#2762 parentId=1419} producedId=86 frameNumber=76 -> producedId=86 frameNumber=17
05-27 18:16:38.042   464   464 D SurfaceFlinger: TransactionTraceWriter: file=/data/misc/wmtrace/out_of_order_buffers_transactions_trace.winscope already exists
05-27 18:16:38.055  7064  7064 D nativeloader: Configuring clns-7 for other apk /data/app/~~sWDLQGqH5Xbz1m-W7wvIGw==/com.smartservicehub-9zVoBYxA7GWKFLbzCUbTeg==/base.apk. target_sdk_version=35, uses_libraries=, library_path=/data/app/~~sWDLQGqH5Xbz1m-W7wvIGw==/com.smartservicehub-9zVoBYxA7GWKFLbzCUbTeg==/lib/x86_64:/data/app/~~sWDLQGqH5Xbz1m-W7wvIGw==/com.smartservicehub-9zVoBYxA7GWKFLbzCUbTeg==/base.apk!/lib/x86_64, permitted_path=/data:/mnt/expand:/data/user/0/com.smartservicehub
05-27 18:16:38.059   464   464 E SurfaceFlinger: Out of order buffers detected for RequestedLayerState{com.android.launcher3/com.android.launcher3.uioverrides.QuickstepLauncher#2762 parentId=1419} producedId=86 frameNumber=76 -> producedId=86 frameNumber=18
05-27 18:16:38.059   464   464 D SurfaceFlinger: TransactionTraceWriter: file=/data/misc/wmtrace/out_of_order_buffers_transactions_trace.winscope already exists
05-27 18:16:38.064  7064  7064 D CompatChangeReporter: Compat change id reported: 202956589; UID 10157; state: ENABLED
05-27 18:16:38.074  7064  7064 V GraphicsEnvironment: Currently set values for:
05-27 18:16:38.074  7064  7064 V GraphicsEnvironment:   angle_gl_driver_selection_pkgs=[]
05-27 18:16:38.074  7064  7064 V GraphicsEnvironment:   angle_gl_driver_selection_values=[]
05-27 18:16:38.074  7064  7064 V GraphicsEnvironment: Global.Settings values are invalid: number of packages: 0, number of values: 0
05-27 18:16:38.075  7064  7064 V GraphicsEnvironment: Neither updatable production driver nor prerelease driver is supported.
05-27 18:16:38.076   464   464 E SurfaceFlinger: Out of order buffers detected for RequestedLayerState{com.android.launcher3/com.android.launcher3.uioverrides.QuickstepLauncher#2762 parentId=1419} producedId=86 frameNumber=76 -> producedId=86 frameNumber=19
05-27 18:16:38.076   464   464 D SurfaceFlinger: TransactionTraceWriter: file=/data/misc/wmtrace/out_of_order_buffers_transactions_trace.winscope already exists
05-27 18:16:38.092   464   464 E SurfaceFlinger: Out of order buffers detected for RequestedLayerState{com.android.launcher3/com.android.launcher3.uioverrides.QuickstepLauncher#2762 parentId=1419} producedId=86 frameNumber=76 -> producedId=86 frameNumber=20
05-27 18:16:38.092   464   464 D SurfaceFlinger: TransactionTraceWriter: file=/data/misc/wmtrace/out_of_order_buffers_transactions_trace.winscope already exists
05-27 18:16:38.109   464   464 E SurfaceFlinger: Out of order buffers detected for RequestedLayerState{com.android.launcher3/com.android.launcher3.uioverrides.QuickstepLauncher#2762 parentId=1419} producedId=86 frameNumber=76 -> producedId=86 frameNumber=21
05-27 18:16:38.109   464   464 D SurfaceFlinger: TransactionTraceWriter: file=/data/misc/wmtrace/out_of_order_buffers_transactions_trace.winscope already exists
05-27 18:16:38.120  7064  7064 D CompatChangeReporter: Compat change id reported: 279646685; UID 10157; state: ENABLED
05-27 18:16:38.125   464   464 E SurfaceFlinger: Out of order buffers detected for RequestedLayerState{com.android.launcher3/com.android.launcher3.uioverrides.QuickstepLauncher#2762 parentId=1419} producedId=86 frameNumber=76 -> producedId=86 frameNumber=22
05-27 18:16:38.126   464   464 D SurfaceFlinger: TransactionTraceWriter: file=/data/misc/wmtrace/out_of_order_buffers_transactions_trace.winscope already exists
05-27 18:16:38.127   639   668 W ActivityTaskManager: Activity top resumed state loss timeout for ActivityRecord{5d07c8 u0 com.smartservicehub/.MainActivity t-1 f}}
05-27 18:16:38.140  7064  7064 W SoLoader: Initializing SoLoader: 0
05-27 18:16:38.142   464   464 E SurfaceFlinger: Out of order buffers detected for RequestedLayerState{com.android.launcher3/com.android.launcher3.uioverrides.QuickstepLauncher#2762 parentId=1419} producedId=86 frameNumber=76 -> producedId=86 frameNumber=23
05-27 18:16:38.142   464   464 D SurfaceFlinger: TransactionTraceWriter: file=/data/misc/wmtrace/out_of_order_buffers_transactions_trace.winscope already exists
05-27 18:16:38.145  7064  7064 W SoLoader: Recording new base apk path: /data/app/~~sWDLQGqH5Xbz1m-W7wvIGw==/com.smartservicehub-9zVoBYxA7GWKFLbzCUbTeg==/base.apk
05-27 18:16:38.145  7064  7064 W SoLoader: Previously recorded 0 base apk paths.
05-27 18:16:38.151  7064  7064 D CompatChangeReporter: Compat change id reported: 312399441; UID 10157; state: ENABLED
05-27 18:16:38.151  7064  7064 I SoLoader: Preparing SO source: DirectorySoSource[root = /vendor/lib64 flags = 2]
05-27 18:16:38.152  7064  7064 I SoLoader: Preparing SO source: DirectorySoSource[root = /system/lib64 flags = 2]
05-27 18:16:38.152  7064  7064 I SoLoader: Preparing SO source: DirectApkSoSource[root = [/data/app/~~sWDLQGqH5Xbz1m-W7wvIGw==/com.smartservicehub-9zVoBYxA7GWKFLbzCUbTeg==/base.apk!/lib/x86_64]]
05-27 18:16:38.159   464   464 E SurfaceFlinger: Out of order buffers detected for RequestedLayerState{com.android.launcher3/com.android.launcher3.uioverrides.QuickstepLauncher#2762 parentId=1419} producedId=86 frameNumber=76 -> producedId=86 frameNumber=24
05-27 18:16:38.159   464   464 D SurfaceFlinger: TransactionTraceWriter: file=/data/misc/wmtrace/out_of_order_buffers_transactions_trace.winscope already exists
05-27 18:16:38.175   464   464 E SurfaceFlinger: Out of order buffers detected for RequestedLayerState{com.android.launcher3/com.android.launcher3.uioverrides.QuickstepLauncher#2762 parentId=1419} producedId=86 frameNumber=76 -> producedId=86 frameNumber=25
05-27 18:16:38.175   464   464 D SurfaceFlinger: TransactionTraceWriter: file=/data/misc/wmtrace/out_of_order_buffers_transactions_trace.winscope already exists
05-27 18:16:38.192   464   464 E SurfaceFlinger: Out of order buffers detected for RequestedLayerState{com.android.launcher3/com.android.launcher3.uioverrides.QuickstepLauncher#2762 parentId=1419} producedId=86 frameNumber=76 -> producedId=86 frameNumber=26
05-27 18:16:38.192   464   464 D SurfaceFlinger: TransactionTraceWriter: file=/data/misc/wmtrace/out_of_order_buffers_transactions_trace.winscope already exists
05-27 18:16:38.193  7064  7064 I SoLoader: Preparing SO source: ApplicationSoSource[DirectorySoSource[root = /data/app/~~sWDLQGqH5Xbz1m-W7wvIGw==/com.smartservicehub-9zVoBYxA7GWKFLbzCUbTeg==/lib/x86_64 flags = 0]]
05-27 18:16:38.194  7064  7064 I SoLoader: init finish: 4 SO sources prepared
05-27 18:16:38.196  7064  7064 W SoLoader: SoLoader initialized: 8
05-27 18:16:38.210   464   464 E SurfaceFlinger: Out of order buffers detected for RequestedLayerState{com.android.launcher3/com.android.launcher3.uioverrides.QuickstepLauncher#2762 parentId=1419} producedId=86 frameNumber=76 -> producedId=86 frameNumber=27
05-27 18:16:38.210   464   464 D SurfaceFlinger: TransactionTraceWriter: file=/data/misc/wmtrace/out_of_order_buffers_transactions_trace.winscope already exists
05-27 18:16:38.224   464   464 E SurfaceFlinger: Out of order buffers detected for RequestedLayerState{com.android.launcher3/com.android.launcher3.uioverrides.QuickstepLauncher#2762 parentId=1419} producedId=86 frameNumber=76 -> producedId=86 frameNumber=28
05-27 18:16:38.225   464   464 D SurfaceFlinger: TransactionTraceWriter: file=/data/misc/wmtrace/out_of_order_buffers_transactions_trace.winscope already exists
05-27 18:16:38.242   464   464 E SurfaceFlinger: Out of order buffers detected for RequestedLayerState{com.android.launcher3/com.android.launcher3.uioverrides.QuickstepLauncher#2762 parentId=1419} producedId=86 frameNumber=76 -> producedId=86 frameNumber=29
05-27 18:16:38.242   464   464 D SurfaceFlinger: TransactionTraceWriter: file=/data/misc/wmtrace/out_of_order_buffers_transactions_trace.winscope already exists
05-27 18:16:38.259   464   464 E SurfaceFlinger: Out of order buffers detected for RequestedLayerState{com.android.launcher3/com.android.launcher3.uioverrides.QuickstepLauncher#2762 parentId=1419} producedId=86 frameNumber=76 -> producedId=86 frameNumber=30
05-27 18:16:38.259   464   464 D SurfaceFlinger: TransactionTraceWriter: file=/data/misc/wmtrace/out_of_order_buffers_transactions_trace.winscope already exists
05-27 18:16:38.275   464   464 E SurfaceFlinger: Out of order buffers detected for RequestedLayerState{com.android.launcher3/com.android.launcher3.uioverrides.QuickstepLauncher#2762 parentId=1419} producedId=86 frameNumber=76 -> producedId=86 frameNumber=31
05-27 18:16:38.275   464   464 D SurfaceFlinger: TransactionTraceWriter: file=/data/misc/wmtrace/out_of_order_buffers_transactions_trace.winscope already exists
05-27 18:16:38.286  7064  7064 D nativeloader: Load /data/app/~~sWDLQGqH5Xbz1m-W7wvIGw==/com.smartservicehub-9zVoBYxA7GWKFLbzCUbTeg==/base.apk!/lib/x86_64/libc++_shared.so using ns clns-7 from class loader (caller=/data/app/~~sWDLQGqH5Xbz1m-W7wvIGw==/com.smartservicehub-9zVoBYxA7GWKFLbzCUbTeg==/base.apk): ok
05-27 18:16:38.291   464   464 E SurfaceFlinger: Out of order buffers detected for RequestedLayerState{com.android.launcher3/com.android.launcher3.uioverrides.QuickstepLauncher#2762 parentId=1419} producedId=86 frameNumber=76 -> producedId=86 frameNumber=32
05-27 18:16:38.292   464   464 D SurfaceFlinger: TransactionTraceWriter: file=/data/misc/wmtrace/out_of_order_buffers_transactions_trace.winscope already exists
05-27 18:16:38.308   464   464 E SurfaceFlinger: Out of order buffers detected for RequestedLayerState{com.android.launcher3/com.android.launcher3.uioverrides.QuickstepLauncher#2762 parentId=1419} producedId=86 frameNumber=76 -> producedId=86 frameNumber=33
05-27 18:16:38.308   464   464 D SurfaceFlinger: TransactionTraceWriter: file=/data/misc/wmtrace/out_of_order_buffers_transactions_trace.winscope already exists
05-27 18:16:38.323  7064  7064 D nativeloader: Load /data/app/~~sWDLQGqH5Xbz1m-W7wvIGw==/com.smartservicehub-9zVoBYxA7GWKFLbzCUbTeg==/base.apk!/lib/x86_64/libjsi.so using ns clns-7 from class loader (caller=/data/app/~~sWDLQGqH5Xbz1m-W7wvIGw==/com.smartservicehub-9zVoBYxA7GWKFLbzCUbTeg==/base.apk): ok
05-27 18:16:38.325   464   464 E SurfaceFlinger: Out of order buffers detected for RequestedLayerState{com.android.launcher3/com.android.launcher3.uioverrides.QuickstepLauncher#2762 parentId=1419} producedId=86 frameNumber=76 -> producedId=86 frameNumber=34
05-27 18:16:38.325   464   464 D SurfaceFlinger: TransactionTraceWriter: file=/data/misc/wmtrace/out_of_order_buffers_transactions_trace.winscope already exists
05-27 18:16:38.343   464   464 E SurfaceFlinger: Out of order buffers detected for RequestedLayerState{com.android.launcher3/com.android.launcher3.uioverrides.QuickstepLauncher#2762 parentId=1419} producedId=86 frameNumber=76 -> producedId=86 frameNumber=35
05-27 18:16:38.343   464   464 D SurfaceFlinger: TransactionTraceWriter: file=/data/misc/wmtrace/out_of_order_buffers_transactions_trace.winscope already exists
05-27 18:16:38.355  7064  7064 D nativeloader: Load /data/app/~~sWDLQGqH5Xbz1m-W7wvIGw==/com.smartservicehub-9zVoBYxA7GWKFLbzCUbTeg==/base.apk!/lib/x86_64/libfbjni.so using ns clns-7 from class loader (caller=/data/app/~~sWDLQGqH5Xbz1m-W7wvIGw==/com.smartservicehub-9zVoBYxA7GWKFLbzCUbTeg==/base.apk): ok
05-27 18:16:38.359   464   464 E SurfaceFlinger: Out of order buffers detected for RequestedLayerState{com.android.launcher3/com.android.launcher3.uioverrides.QuickstepLauncher#2762 parentId=1419} producedId=86 frameNumber=76 -> producedId=86 frameNumber=36
05-27 18:16:38.359   464   464 D SurfaceFlinger: TransactionTraceWriter: file=/data/misc/wmtrace/out_of_order_buffers_transactions_trace.winscope already exists
05-27 18:16:38.366  7064  7064 D nativeloader: Load /data/app/~~sWDLQGqH5Xbz1m-W7wvIGw==/com.smartservicehub-9zVoBYxA7GWKFLbzCUbTeg==/base.apk!/lib/x86_64/libreactnative.so using ns clns-7 from class loader (caller=/data/app/~~sWDLQGqH5Xbz1m-W7wvIGw==/com.smartservicehub-9zVoBYxA7GWKFLbzCUbTeg==/base.apk): ok
05-27 18:16:38.366  7064  7064 D jni_lib_merge: Entering merged library JNI_OnLoad.
05-27 18:16:38.366  7064  7064 D jni_lib_merge: Preparing 11 pre-merged libs (including stub)
05-27 18:16:38.367  7064  7064 D jni_lib_merge: Preparing to register libfabricjni_so.  onload_func: 0x798b14b082b0
05-27 18:16:38.367  7064  7064 D jni_lib_merge: Preparing to register libreact_devsupportjni_so.  onload_func: 0x798b14d61580
05-27 18:16:38.367  7064  7064 D jni_lib_merge: Preparing to register libreact_featureflagsjni_so.  onload_func: 0x798b14d6d9d0
05-27 18:16:38.367  7064  7064 D jni_lib_merge: Preparing to register libreact_newarchdefaults_so.  onload_func: 0x798b14de16f0
05-27 18:16:38.368  7064  7064 D jni_lib_merge: Preparing to register libreactnativeblob_so.  onload_func: 0x798b14ff3e00
05-27 18:16:38.368  7064  7064 D jni_lib_merge: Preparing to register libreactnativejni_so.  onload_func: 0x798b15050780
05-27 18:16:38.368  7064  7064 D jni_lib_merge: Preparing to register librninstance_so.  onload_func: 0x798b1509c420
05-27 18:16:38.368  7064  7064 D jni_lib_merge: Preparing to register libturbomodulejsijni_so.  onload_func: 0x798b151def80
05-27 18:16:38.368  7064  7064 D jni_lib_merge: Preparing to register libuimanagerjni_so.  onload_func: 0x798b151fa3b0
05-27 18:16:38.369  7064  7064 D jni_lib_merge: Preparing to register libyoga_so.  onload_func: 0x798b15208410
05-27 18:16:38.369  7064  7064 D jni_lib_merge: About to register 10 actual methods.
05-27 18:16:38.376   464   464 E SurfaceFlinger: Out of order buffers detected for RequestedLayerState{com.android.launcher3/com.android.launcher3.uioverrides.QuickstepLauncher#2762 parentId=1419} producedId=86 frameNumber=76 -> producedId=86 frameNumber=37
05-27 18:16:38.376   464   464 D SurfaceFlinger: TransactionTraceWriter: file=/data/misc/wmtrace/out_of_order_buffers_transactions_trace.winscope already exists
05-27 18:16:38.384   903   945 V WindowManagerShell: Transition animation finished (aborted=false), notifying core (#253) android.os.BinderProxy@1aca15b@0
05-27 18:16:38.386   639   665 V WindowManager: Finish Transition (#253): created at 05-27 18:16:37.730 collect-started=0.036ms request-sent=6.893ms started=9.13ms ready=91.199ms sent=92.75ms finished=654.999ms
05-27 18:16:38.390   903   945 V WindowManagerShell: Track 0 became idle
05-27 18:16:38.390   903   945 V WindowManagerShell: All active transition animations finished
05-27 18:16:38.391   464   464 E SurfaceFlinger: Out of order buffers detected for RequestedLayerState{com.android.launcher3/com.android.launcher3.uioverrides.QuickstepLauncher#2762 parentId=1419} producedId=86 frameNumber=76 -> producedId=86 frameNumber=38
05-27 18:16:38.392   464   464 D SurfaceFlinger: TransactionTraceWriter: file=/data/misc/wmtrace/out_of_order_buffers_transactions_trace.winscope already exists
05-27 18:16:38.395   639  1661 W UserManagerService: Requested status bar icon for non-badged user 0
05-27 18:16:38.396   639  1661 W UserManagerService: Requested status bar icon for non-badged user 0
05-27 18:16:38.402  1183  1183 D VRI[QuickstepLauncher]: visibilityChanged oldVisibility=true newVisibility=false
05-27 18:16:38.409   464   464 E SurfaceFlinger: Out of order buffers detected for RequestedLayerState{com.android.launcher3/com.android.launcher3.uioverrides.QuickstepLauncher#2762 parentId=1419} producedId=86 frameNumber=76 -> producedId=86 frameNumber=39
05-27 18:16:38.409   464   464 D SurfaceFlinger: TransactionTraceWriter: file=/data/misc/wmtrace/out_of_order_buffers_transactions_trace.winscope already exists
05-27 18:16:38.435  1183  1183 W FrameTracker: Missed SF frame:UNKNOWN: 80, 398685, 0, CUJ=J<LAUNCHER_APP_LAUNCH_FROM_ICON>
05-27 18:16:38.435  1183  1183 W FrameTracker: Missing HWUI jank callback for vsyncId: 398685, CUJ=J<LAUNCHER_APP_LAUNCH_FROM_ICON>
05-27 18:16:38.435  1183  1183 W FrameTracker: Missed SF frame:UNKNOWN: 80, 398700, 0, CUJ=J<LAUNCHER_APP_LAUNCH_FROM_ICON>
05-27 18:16:38.435  1183  1183 W FrameTracker: Missing HWUI jank callback for vsyncId: 398700, CUJ=J<LAUNCHER_APP_LAUNCH_FROM_ICON>
05-27 18:16:38.435  1183  1183 W FrameTracker: Missed SF frame:UNKNOWN: 80, 398708, 28697712, CUJ=J<LAUNCHER_APP_LAUNCH_FROM_ICON>
05-27 18:16:38.435  1183  1183 W FrameTracker: Missed SF frame:UNKNOWN: 80, 398716, 34653046, CUJ=J<LAUNCHER_APP_LAUNCH_FROM_ICON>
05-27 18:16:38.435  1183  1183 W FrameTracker: Missed SF frame:UNKNOWN: 80, 398724, 34878780, CUJ=J<LAUNCHER_APP_LAUNCH_FROM_ICON>
05-27 18:16:38.435  1183  1183 W FrameTracker: Missed SF frame:UNKNOWN: 80, 398732, 34380714, CUJ=J<LAUNCHER_APP_LAUNCH_FROM_ICON>
05-27 18:16:38.435  1183  1183 W FrameTracker: Missed App frame:UNKNOWN: 88, 398740, 34917848, CUJ=J<LAUNCHER_APP_LAUNCH_FROM_ICON>
05-27 18:16:38.435  1183  1183 W FrameTracker: Missed SF frame:UNKNOWN: 88, 398740, 34917848, CUJ=J<LAUNCHER_APP_LAUNCH_FROM_ICON>
05-27 18:16:38.435  1183  1183 W FrameTracker: Missed SF frame:UNKNOWN: 80, 398748, 27445582, CUJ=J<LAUNCHER_APP_LAUNCH_FROM_ICON>
05-27 18:16:38.435  1183  1183 W FrameTracker: Missed App frame:UNKNOWN: 88, 398756, 34334216, CUJ=J<LAUNCHER_APP_LAUNCH_FROM_ICON>
05-27 18:16:38.435  1183  1183 W FrameTracker: Missed SF frame:UNKNOWN: 88, 398756, 34334216, CUJ=J<LAUNCHER_APP_LAUNCH_FROM_ICON>
05-27 18:16:38.435  1183  1183 W FrameTracker: Missed SF frame:UNKNOWN: 80, 398764, 29353150, CUJ=J<LAUNCHER_APP_LAUNCH_FROM_ICON>
05-27 18:16:38.435  1183  1183 W FrameTracker: Missed SF frame:UNKNOWN: 80, 398772, 35351184, CUJ=J<LAUNCHER_APP_LAUNCH_FROM_ICON>
05-27 18:16:38.435  7064  7064 D nativeloader: Load /data/app/~~sWDLQGqH5Xbz1m-W7wvIGw==/com.smartservicehub-9zVoBYxA7GWKFLbzCUbTeg==/base.apk!/lib/x86_64/libreact_codegen_rnscreens.so using ns clns-7 from class loader (caller=/data/app/~~sWDLQGqH5Xbz1m-W7wvIGw==/com.smartservicehub-9zVoBYxA7GWKFLbzCUbTeg==/base.apk): ok
05-27 18:16:38.435  1183  1183 W FrameTracker: Missed SF frame:UNKNOWN: 80, 398780, 34655418, CUJ=J<LAUNCHER_APP_LAUNCH_FROM_ICON>
05-27 18:16:38.436  1183  1183 W FrameTracker: Missed SF frame:UNKNOWN: 80, 398788, 28242752, CUJ=J<LAUNCHER_APP_LAUNCH_FROM_ICON>
05-27 18:16:38.436  7064  7064 D jni_lib_merge: Entering merged library JNI_OnLoad.
05-27 18:16:38.436  1183  1183 W FrameTracker: Missed SF frame:UNKNOWN: 80, 398796, 34794286, CUJ=J<LAUNCHER_APP_LAUNCH_FROM_ICON>
05-27 18:16:38.436  7064  7064 D jni_lib_merge: Preparing 11 pre-merged libs (including stub)
05-27 18:16:38.436  1183  1183 W FrameTracker: Missed SF frame:UNKNOWN: 80, 398804, 29019820, CUJ=J<LAUNCHER_APP_LAUNCH_FROM_ICON>
05-27 18:16:38.436  7064  7064 D jni_lib_merge: Preparing to register libfabricjni_so.  onload_func: 0x798b14b082b0
05-27 18:16:38.436  7064  7064 D jni_lib_merge: Preparing to register libreact_devsupportjni_so.  onload_func: 0x798b14d61580
05-27 18:16:38.436  1183  1183 W FrameTracker: Missed SF frame:UNKNOWN: 80, 398819, 34663954, CUJ=J<LAUNCHER_APP_LAUNCH_FROM_ICON>
05-27 18:16:38.436  7064  7064 D jni_lib_merge: Preparing to register libreact_featureflagsjni_so.  onload_func: 0x798b14d6d9d0
05-27 18:16:38.436  7064  7064 D jni_lib_merge: Preparing to register libreact_newarchdefaults_so.  onload_func: 0x798b14de16f0
05-27 18:16:38.436  7064  7064 D jni_lib_merge: Preparing to register libreactnativeblob_so.  onload_func: 0x798b14ff3e00
05-27 18:16:38.436  7064  7064 D jni_lib_merge: Preparing to register libreactnativejni_so.  onload_func: 0x798b15050780
05-27 18:16:38.437  7064  7064 D jni_lib_merge: Preparing to register librninstance_so.  onload_func: 0x798b1509c420
05-27 18:16:38.437  7064  7064 D jni_lib_merge: Preparing to register libturbomodulejsijni_so.  onload_func: 0x798b151def80
05-27 18:16:38.437  7064  7064 D jni_lib_merge: Preparing to register libuimanagerjni_so.  onload_func: 0x798b151fa3b0
05-27 18:16:38.437  7064  7064 D jni_lib_merge: Preparing to register libyoga_so.  onload_func: 0x798b15208410
05-27 18:16:38.437  7064  7064 D jni_lib_merge: About to register 10 actual methods.
05-27 18:16:38.442  1183  1183 W FrameTracker: Missed SF frame:UNKNOWN: 80, 398827, 27551588, CUJ=J<LAUNCHER_APP_LAUNCH_FROM_ICON>
05-27 18:16:38.442  1183  1183 W FrameTracker: Missed SF frame:UNKNOWN: 80, 398835, 27482222, CUJ=J<LAUNCHER_APP_LAUNCH_FROM_ICON>
05-27 18:16:38.442  1183  1183 W FrameTracker: Missed SF frame:UNKNOWN: 80, 398843, 28054556, CUJ=J<LAUNCHER_APP_LAUNCH_FROM_ICON>
05-27 18:16:38.442  1183  1183 W FrameTracker: Missed SF frame:UNKNOWN: 80, 398851, 33834690, CUJ=J<LAUNCHER_APP_LAUNCH_FROM_ICON>
05-27 18:16:38.442  1183  1183 W FrameTracker: Missed App frame:UNKNOWN: 88, 398859, 35048524, CUJ=J<LAUNCHER_APP_LAUNCH_FROM_ICON>
05-27 18:16:38.442  1183  1183 W FrameTracker: Missed SF frame:UNKNOWN: 88, 398859, 35048524, CUJ=J<LAUNCHER_APP_LAUNCH_FROM_ICON>
05-27 18:16:38.442  1183  1183 W FrameTracker: Missed SF frame:UNKNOWN: 80, 398867, 34559358, CUJ=J<LAUNCHER_APP_LAUNCH_FROM_ICON>
05-27 18:16:38.443  1183  1183 W FrameTracker: Missed SF frame:UNKNOWN: 80, 398875, 26889192, CUJ=J<LAUNCHER_APP_LAUNCH_FROM_ICON>
05-27 18:16:38.443  1183  1183 W FrameTracker: Missed SF frame:UNKNOWN: 80, 398883, 34147426, CUJ=J<LAUNCHER_APP_LAUNCH_FROM_ICON>
05-27 18:16:38.443  1183  1183 W FrameTracker: Missed SF frame:UNKNOWN: 80, 398891, 28467960, CUJ=J<LAUNCHER_APP_LAUNCH_FROM_ICON>
05-27 18:16:38.443  1183  1183 W FrameTracker: Missed SF frame:UNKNOWN: 80, 398899, 33980494, CUJ=J<LAUNCHER_APP_LAUNCH_FROM_ICON>
05-27 18:16:38.443  1183  1183 W FrameTracker: Missed App frame:UNKNOWN: 88, 398907, 35369228, CUJ=J<LAUNCHER_APP_LAUNCH_FROM_ICON>
05-27 18:16:38.443  1183  1183 W FrameTracker: Missed SF frame:UNKNOWN: 88, 398907, 35369228, CUJ=J<LAUNCHER_APP_LAUNCH_FROM_ICON>
05-27 18:16:38.443  1183  1183 W FrameTracker: Missed SF frame:UNKNOWN: 80, 398915, 0, CUJ=J<LAUNCHER_APP_LAUNCH_FROM_ICON>
05-27 18:16:38.443  1183  1183 W FrameTracker: Missing HWUI jank callback for vsyncId: 398915, CUJ=J<LAUNCHER_APP_LAUNCH_FROM_ICON>
05-27 18:16:38.443  1183  1183 W FrameTracker: Missed SF frame:UNKNOWN: 80, 398923, 34818696, CUJ=J<LAUNCHER_APP_LAUNCH_FROM_ICON>
05-27 18:16:38.443  1183  1183 W FrameTracker: Missed SF frame:UNKNOWN: 80, 398931, 26940530, CUJ=J<LAUNCHER_APP_LAUNCH_FROM_ICON>
05-27 18:16:38.443  1183  1183 W FrameTracker: Missed SF frame:UNKNOWN: 80, 398939, 34775264, CUJ=J<LAUNCHER_APP_LAUNCH_FROM_ICON>
05-27 18:16:38.444  1183  1201 V PerfettoTrigger: Not triggering com.android.telemetry.interaction-jank-monitor-8 - not enough time since last trigger
05-27 18:16:38.468  1183  1183 D BaseDepthController: setSurface:
05-27 18:16:38.468  1183  1183 D BaseDepthController: 	mWaitingOnSurfaceValidity: false
05-27 18:16:38.468  1183  1183 D BaseDepthController: 	mSurface: null
05-27 18:16:38.469  1183  1183 D BaseDepthController: mSurface is null and mCurrentBlur is: 23
05-27 18:16:38.470  1183  1183 D StatsLog: LAUNCHER_ONSTOP
05-27 18:16:38.473  7064  7064 D nativeloader: Load /data/app/~~sWDLQGqH5Xbz1m-W7wvIGw==/com.smartservicehub-9zVoBYxA7GWKFLbzCUbTeg==/base.apk!/lib/x86_64/libreact_codegen_safeareacontext.so using ns clns-7 from class loader (caller=/data/app/~~sWDLQGqH5Xbz1m-W7wvIGw==/com.smartservicehub-9zVoBYxA7GWKFLbzCUbTeg==/base.apk): ok
05-27 18:16:38.477  7064  7064 D nativeloader: Load /data/app/~~sWDLQGqH5Xbz1m-W7wvIGw==/com.smartservicehub-9zVoBYxA7GWKFLbzCUbTeg==/base.apk!/lib/x86_64/libappmodules.so using ns clns-7 from class loader (caller=/data/app/~~sWDLQGqH5Xbz1m-W7wvIGw==/com.smartservicehub-9zVoBYxA7GWKFLbzCUbTeg==/base.apk): ok
05-27 18:16:38.484   639  1664 I AppsFilter: interaction: PackageSetting{e3ef783 com.smartservicehub/10157} -> PackageSetting{a209f33 com.android.launcher3/10120} BLOCKED
05-27 18:16:38.554   639   655 I BpBinder: onLastStrongRef automatically unlinking death recipients: 
05-27 18:16:38.573  7064  7064 D AppCompatDelegate: Checking for metadata for AppLocalesMetadataHolderService : Service not found
05-27 18:16:38.633  7064  7064 D nativeloader: Load /data/app/~~sWDLQGqH5Xbz1m-W7wvIGw==/com.smartservicehub-9zVoBYxA7GWKFLbzCUbTeg==/base.apk!/lib/x86_64/libhermes.so using ns clns-7 from class loader (caller=/data/app/~~sWDLQGqH5Xbz1m-W7wvIGw==/com.smartservicehub-9zVoBYxA7GWKFLbzCUbTeg==/base.apk): ok
05-27 18:16:38.636  7064  7064 D nativeloader: Load /data/app/~~sWDLQGqH5Xbz1m-W7wvIGw==/com.smartservicehub-9zVoBYxA7GWKFLbzCUbTeg==/base.apk!/lib/x86_64/libhermestooling.so using ns clns-7 from class loader (caller=/data/app/~~sWDLQGqH5Xbz1m-W7wvIGw==/com.smartservicehub-9zVoBYxA7GWKFLbzCUbTeg==/base.apk): ok
05-27 18:16:38.636  7064  7064 D jni_lib_merge: Entering merged library JNI_OnLoad.
05-27 18:16:38.636  7064  7064 D jni_lib_merge: Preparing 4 pre-merged libs (including stub)
05-27 18:16:38.636  7064  7064 D jni_lib_merge: Preparing to register libhermes_executor_so.  onload_func: 0x798b0d70e750
05-27 18:16:38.636  7064  7064 D jni_lib_merge: Preparing to register libhermesinstancejni_so.  onload_func: 0x798b0d747100
05-27 18:16:38.637  7064  7064 D jni_lib_merge: Preparing to register libjsijniprofiler_so.  onload_func: 0x798b0d749180
05-27 18:16:38.637  7064  7064 D jni_lib_merge: About to register 3 actual methods.
05-27 18:16:38.888  7064  7064 W unknown:BridgelessReact: ReactHost{0}.startSurface(surfaceId = 0): Schedule
05-27 18:16:38.888  7064  7064 W unknown:BridgelessReact: ReactHost{0}.attachSurface(surfaceId = 0)
05-27 18:16:38.892  7064  7087 W unknown:BridgelessReact: ReactHost{0}.getOrCreateReactInstanceTask()
05-27 18:16:38.892  7064  7087 W unknown:BridgelessReact: ReactHost{0}.getOrCreateReactInstanceTask(): Start
05-27 18:16:38.892  7064  7087 W unknown:BridgelessReact: ReactHost{0}.getJSBundleLoader()
05-27 18:16:38.893  7064  7087 W unknown:BridgelessReact: ReactHost{0}.isMetroRunning()
05-27 18:16:38.898  7064  7064 D CompatChangeReporter: Compat change id reported: 309578419; UID 10157; state: ENABLED
05-27 18:16:38.919   392  7090 I resolv  : GetAddrInfoHandler::run: {100 100 100 983140 10157 0}
05-27 18:16:38.919   392  7091 I resolv  : GetAddrInfoHandler::run: {100 100 100 983140 10157 0}
05-27 18:16:38.926  7064  7064 E TransactionExecutor: Failed to execute the transaction: tId:-1776276953 ClientTransaction{
05-27 18:16:38.926  7064  7064 E TransactionExecutor: tId:-1776276953   transactionItems=[
05-27 18:16:38.926  7064  7064 E TransactionExecutor: tId:-1776276953     LaunchActivityItem{activityToken=android.os.BinderProxy@5e5fbee,intent=Intent { act=android.intent.action.MAIN cat=[android.intent.category.LAUNCHER] flg=0x10200000 cmp=com.smartservicehub/.MainActivity bnds=[648,928][864,1243] },ident=137924035,info=ActivityInfo{86c7dc2 com.smartservicehub.MainActivity},curConfig={1.0 310mcc260mnc [en_US] ldltr sw411dp w411dp h914dp 420dpi nrml long port finger qwerty/v/v dpad/v winConfig={ mBounds=Rect(0, 0 - 1080, 2400) mAppBounds=Rect(0, 0 - 1080, 2400) mMaxBounds=Rect(0, 0 - 1080, 2400) mDisplayRotation=ROTATION_0 mWindowingMode=fullscreen mActivityType=undefined mAlwaysOnTop=undefined mRotation=ROTATION_0} as.3 s.205 fontWeightAdjustment=0},overrideConfig={1.0 310mcc260mnc [en_US] ldltr sw411dp w411dp h914dp 420dpi nrml long port finger qwerty/v/v dpad/v winConfig={ mBounds=Rect(0, 0 - 1080, 2400) mAppBounds=Rect(0, 0 - 1080, 2400) mMaxBounds=Rect(0, 0 - 1080, 2400) mDisplayRotation=ROTATION_0 mWindowingMode=fullscreen mActivityType=standard mAlwaysOnTop=undefined mRotation=ROTATION_0} as.3 s.2 fontWeightAdjustment=0},deviceId=0,referrer=null,procState=2,state=null,persistentState=null,pendingResults=null,pendingNewIntents=null,sceneTransitionInfo=null,profilerInfo=null,assistToken=android.os.BinderProxy@20b7f37,shareableActivityToken=android.os.BinderProxy@b321ca4,activityWindowInfo=ActivityWindowInfo{isEmbedded=false, taskBounds=Rect(0, 0 - 1080, 2400), taskFragmentBounds=Rect(0, 0 - 1080, 2400)}}
05-27 18:16:38.926  7064  7064 E TransactionExecutor: tId:-1776276953     ResumeActivityItem{mActivityToken=android.os.BinderProxy@5e5fbee,procState=-1,updateProcState=false,isForward=true,shouldSendCompatFakeFocus=false}
05-27 18:16:38.926  7064  7064 E TransactionExecutor: tId:-1776276953     Target activity: com.smartservicehub.MainActivity
05-27 18:16:38.926  7064  7064 E TransactionExecutor: tId:-1776276953   ]
05-27 18:16:38.926  7064  7064 E TransactionExecutor: tId:-1776276953 }
05-27 18:16:38.927  7064  7064 D AndroidRuntime: Shutting down VM
05-27 18:16:38.927  7064  7089 D TrafficStats: tagSocket(84) with statsTag=0xffffffff, statsUid=-1
05-27 18:16:38.929  7064  7064 E AndroidRuntime: FATAL EXCEPTION: main
05-27 18:16:38.929  7064  7064 E AndroidRuntime: Process: com.smartservicehub, PID: 7064
05-27 18:16:38.929  7064  7064 E AndroidRuntime: java.lang.RuntimeException: Unable to start activity ComponentInfo{com.smartservicehub/com.smartservicehub.MainActivity}: java.lang.IllegalStateException: You need to use a Theme.AppCompat theme (or descendant) with this activity.
05-27 18:16:38.929  7064  7064 E AndroidRuntime: 	at android.app.ActivityThread.performLaunchActivity(ActivityThread.java:4048)
05-27 18:16:38.929  7064  7064 E AndroidRuntime: 	at android.app.ActivityThread.handleLaunchActivity(ActivityThread.java:4235)
05-27 18:16:38.929  7064  7064 E AndroidRuntime: 	at android.app.servertransaction.LaunchActivityItem.execute(LaunchActivityItem.java:112)
05-27 18:16:38.929  7064  7064 E AndroidRuntime: 	at android.app.servertransaction.TransactionExecutor.executeNonLifecycleItem(TransactionExecutor.java:174)
05-27 18:16:38.929  7064  7064 E AndroidRuntime: 	at android.app.servertransaction.TransactionExecutor.executeTransactionItems(TransactionExecutor.java:109)
05-27 18:16:38.929  7064  7064 E AndroidRuntime: 	at android.app.servertransaction.TransactionExecutor.execute(TransactionExecutor.java:81)
05-27 18:16:38.929  7064  7064 E AndroidRuntime: 	at android.app.ActivityThread$H.handleMessage(ActivityThread.java:2636)
05-27 18:16:38.929  7064  7064 E AndroidRuntime: 	at android.os.Handler.dispatchMessage(Handler.java:107)
05-27 18:16:38.929  7064  7064 E AndroidRuntime: 	at android.os.Looper.loopOnce(Looper.java:232)
