05-27 18:16:45.409   464   464 E SurfaceFlinger: Out of order buffers detected for RequestedLayerState{com.android.launcher3/com.android.launcher3.uioverrides.QuickstepLauncher#2917 parentId=1419} producedId=88 frameNumber=146 -> producedId=88 frameNumber=35
05-27 18:16:45.409   464   464 D SurfaceFlinger: TransactionTraceWriter: file=/data/misc/wmtrace/out_of_order_buffers_transactions_trace.winscope already exists
05-27 18:16:45.425   464   464 E SurfaceFlinger: Out of order buffers detected for RequestedLayerState{com.android.launcher3/com.android.launcher3.uioverrides.QuickstepLauncher#2917 parentId=1419} producedId=88 frameNumber=146 -> producedId=88 frameNumber=36
05-27 18:16:45.425   464   464 D SurfaceFlinger: TransactionTraceWriter: file=/data/misc/wmtrace/out_of_order_buffers_transactions_trace.winscope already exists
05-27 18:16:45.477   392   392 I netd    : tetherGetStats() -> {[]} <0.80ms>
05-27 18:16:45.480   392   392 I netd    : bandwidthSetGlobalAlert(2097152) <0.18ms>
05-27 18:16:45.603   639  2402 D EGL_emulation: app_time_stats: avg=89.12ms min=1.57ms max=1038.09ms count=12
05-27 18:16:45.611   639   666 W WindowOnBackDispatcher: sendCancelIfRunning: isInProgress=false callback=android.view.ViewRootImpl$$ExternalSyntheticLambda11@201486d
05-27 18:16:45.614   460   481 D audioserver: logFgsApiBegin: FGS Logger Transaction failed, -129
05-27 18:16:45.615   639   666 D CoreBackPreview: Window{2a0d7b5 u0 Application Error: com.smartservicehub}: Setting back callback null
05-27 18:16:45.615   639  1688 W AS.PlaybackActivityMon: No piid assigned for invalid/internal port id 21
05-27 18:16:45.615   639  1052 I ActivityManager: Killing 7098:com.smartservicehub/u0a157 (adj 900): crash
05-27 18:16:45.620   639  2402 D HWUI    : endAllActiveAnimators on 0x798cd137d050 (RippleDrawable) with handle 0x798d713bf9f0
05-27 18:16:45.621   639  1052 W InputManager-JNI: Input channel object '4b3dde2 Splash Screen com.smartservicehub (client)' was disposed without first being removed with the input manager!
05-27 18:16:45.630  1183  1183 I TopTaskTracker: onTaskRemoved: taskId=97
05-27 18:16:45.631  1183  1183 I TopTaskTracker: onTaskRemoved: taskId=97
05-27 18:16:45.632   639   666 W InputManager-JNI: Input channel object '2a0d7b5 Application Error: com.smartservicehub (client)' was disposed without first being removed with the input manager!
05-27 18:16:45.635   393   393 I Zygote  : Process 7098 exited due to signal 9 (Killed)
05-27 18:16:45.636   639  1057 W WindowManager: Failed looking up window session=Session{39a236a 903:u0a10121} callers=com.android.server.wm.WindowManagerService.windowForClientLocked:6311 com.android.server.wm.WindowManagerService.relayoutWindowInner:2328 com.android.server.wm.WindowManagerService.relayoutWindow:2293 
05-27 18:16:45.636   473   473 I adbd    : Remote process closed the socket (on MSG_PEEK)
05-27 18:16:45.637   639  1052 V ActivityManager: Got obituary of 7098:com.smartservicehub
05-27 18:16:45.610     0     0 I binder  : undelivered TRANSACTION_COMPLETE
05-27 18:16:45.611     0     0 I binder  : undelivered transaction 1219189, process died.
05-27 18:16:45.638   639   666 D DisplayManagerService: Drop pending events for gone uid 10157
05-27 18:16:45.639   639   814 D InetDiagMessage: Destroyed 0 sockets, proto=IPPROTO_TCP, family=AF_INET, states=14
05-27 18:16:45.640   639   814 D InetDiagMessage: Destroyed 0 sockets, proto=IPPROTO_TCP, family=AF_INET6, states=14
05-27 18:16:45.640   639   814 D InetDiagMessage: Destroyed live tcp sockets for uids={10157} in 2ms
05-27 18:16:45.640   903   980 W WindowOnBackDispatcher: sendCancelIfRunning: isInProgress=false callback=android.view.ViewRootImpl$$ExternalSyntheticLambda11@bb13245
05-27 18:16:45.641   639   814 D InetDiagMessage: Destroyed 0 sockets, proto=IPPROTO_TCP, family=AF_INET, states=14
05-27 18:16:45.641   639  1042 W WindowManager: Failed looking up window session=Session{39a236a 903:u0a10121} callers=com.android.server.wm.WindowManagerService.removeClientToken:2058 com.android.server.wm.Session.remove:274 android.view.IWindowSession$Stub.onTransact:685 
05-27 18:16:45.643   639   814 D InetDiagMessage: Destroyed 0 sockets, proto=IPPROTO_TCP, family=AF_INET6, states=14
05-27 18:16:45.643   639   814 D InetDiagMessage: Destroyed live tcp sockets for uids={20157} in 2ms
05-27 18:16:45.646   639  1665 W WindowManager: Failed looking up window session=Session{39a236a 903:u0a10121} callers=com.android.server.wm.WindowManagerService.windowForClientLocked:6311 com.android.server.wm.Session.setOnBackInvokedCallbackInfo:1020 android.view.IWindowSession$Stub.onTransact:1199 
05-27 18:16:45.646   639  1665 I WindowManager: setOnBackInvokedCallback(): No window state for package:com.android.systemui
05-27 18:16:45.650   639   668 V WindowManager: Unknown focus tokens, dropping reportFocusChanged
05-27 18:16:45.650   639   681 I libprocessgroup: Removed cgroup /sys/fs/cgroup/uid_10157/pid_7098
05-27 18:16:45.666   639   774 I ImeTracker: com.android.launcher3:5d3576ec: onRequestHide at ORIGIN_SERVER reason HIDE_SAME_WINDOW_FOCUSED_WITHOUT_EDITOR fromUser false
05-27 18:16:45.667   639   774 I ImeTracker: com.android.launcher3:5d3576ec: onCancelled at PHASE_SERVER_SHOULD_HIDE
05-27 18:16:45.816   903  1065 D EGL_emulation: app_time_stats: avg=47.24ms min=2.72ms max=724.14ms count=19
05-27 18:16:45.850   460   557 D audioserver: logFgsApiEnd: FGS Logger Transaction failed, -129
05-27 18:16:46.604   639  1465 E TaskPersister: File error accessing recents directory (directory doesn't exist?).
05-27 18:16:48.718   401  2223 D android.hardware.audio@7.1-impl.ranchu: threadLoop: entering standby, frames: 39417152
05-27 18:16:57.643   639   876 D androidtc: Initializing SystemTextClassifier, type = System
05-27 18:16:57.647   903   903 I ClipboardListener: Clipboard overlay suppressed.
05-27 18:16:57.689   903   903 I ClipboardListener: Clipboard overlay suppressed.
05-27 18:16:59.557   639   689 W BatteryExternalStatsWorker: error reading Bluetooth stats: 9
05-27 18:16:59.568   639  1042 D TelephonyManager: requestModemActivityInfo: Sending result to app: ModemActivityInfo{ mTimestamp=9000059 mSleepTimeMs=0 mIdleTimeMs=9000035 mActivityStatsTechSpecificInfo=[{mRat=UNKNOWN,mFrequencyRange=UNKNOWN,mTxTimeMs[]=[0, 0, 0, 0, 0],mRxTimeMs=0}]}
05-27 18:16:59.621   392   392 I netd    : tetherGetStats() -> {[]} <0.50ms>
05-27 18:17:00.089   903  1065 D EGL_emulation: app_time_stats: avg=14273.05ms min=14273.05ms max=14273.05ms count=1
05-27 18:17:00.321  1183  1467 D EGL_emulation: app_time_stats: avg=436.78ms min=1.29ms max=14906.27ms count=36
05-27 18:17:00.343   464   464 E SurfaceFlinger: Out of order buffers detected for RequestedLayerState{com.android.launcher3/com.android.launcher3.uioverrides.QuickstepLauncher#2917 parentId=1419} producedId=88 frameNumber=146 -> producedId=88 frameNumber=37
05-27 18:17:00.343   464   464 D SurfaceFlinger: TransactionTraceWriter: file=/data/misc/wmtrace/out_of_order_buffers_transactions_trace.winscope already exists
05-27 18:17:04.587   639   876 D androidtc: Initializing SystemTextClassifier, type = System
05-27 18:17:04.592   903   903 I ClipboardListener: Clipboard overlay suppressed.
05-27 18:17:04.630   903   903 I ClipboardListener: Clipboard overlay suppressed.
05-27 18:17:13.211   639   876 D androidtc: Initializing SystemTextClassifier, type = System
05-27 18:17:13.219   903   903 I ClipboardListener: Clipboard overlay suppressed.
05-27 18:17:13.250   903   903 I ClipboardListener: Clipboard overlay suppressed.
05-27 18:17:15.231     0     0 I logd    : logdr: UID=2000 GID=2000 PID=7134 b tail=0 logMask=99 pid=0 start=0ns deadline=0ns
05-27 18:17:21.295   460   723 D audioserver: logFgsApiBegin: FGS Logger Transaction failed, -129
05-27 18:17:21.295   639   659 W OptProp : Cannot read opt property android.window.PROPERTY_COMPAT_ALLOW_ORIENTATION_OVERRIDE
05-27 18:17:21.296  1183  1467 D EGL_emulation: app_time_stats: avg=20975.06ms min=20975.06ms max=20975.06ms count=1
05-27 18:17:21.296   639   659 V GrammaticalInflectionUtils: AttributionSource: AttributionSource { uid = 10157, packageName = null, attributionTag = null, token = android.os.Binder@1e22126, deviceId = 0, next = null } does not have READ_SYSTEM_GRAMMATICAL_GENDER permission.
05-27 18:17:21.296   639  1042 W AS.PlaybackActivityMon: No piid assigned for invalid/internal port id 21
05-27 18:17:21.297   639   659 W OptProp : Cannot read opt property android.window.PROPERTY_COMPAT_ALLOW_RESIZEABLE_ACTIVITY_OVERRIDES
05-27 18:17:21.297   639   659 W OptProp : Cannot read opt property android.window.PROPERTY_COMPAT_ALLOW_MIN_ASPECT_RATIO_OVERRIDE
05-27 18:17:21.303   639   659 V SplashScreenExceptionList: SplashScreen checking exception for package com.smartservicehub (target sdk:35) -> false
05-27 18:17:21.305   639   659 I ActivityTaskManager: START u0 {act=android.intent.action.MAIN cat=[android.intent.category.LAUNCHER] flg=0x10200000 cmp=com.smartservicehub/.MainActivity bnds=[648,928][864,1243]} with LAUNCH_SINGLE_TASK from uid 10120 (BAL_ALLOW_VISIBLE_WINDOW) result code=0
05-27 18:17:21.306  1183  1183 D StatsLog: LAUNCHER_APP_LAUNCH_TAP
05-27 18:17:21.307   903   981 D SplashScreenView: Build android.window.SplashScreenView{295de14 V.E...... ......ID 0,0-0,0}
05-27 18:17:21.307   903   981 D SplashScreenView: Icon: view: android.widget.ImageView{af1d6bd V.ED..... ......I. 0,0-0,0 #1020504 android:id/splashscreen_icon_view} drawable: com.android.wm.shell.startingsurface.SplashscreenIconDrawableFactory$ImmobileIconDrawable@b9434b2 size: 420
05-27 18:17:21.307   903   981 D SplashScreenView: Branding: view: android.view.View{9d4dc03 G.ED..... ......I. 0,0-0,0 #1020503 android:id/splashscreen_branding_view} drawable: null size w: 0 h: 0
05-27 18:17:21.309   464   464 E SurfaceFlinger: Out of order buffers detected for RequestedLayerState{com.android.launcher3/com.android.launcher3.uioverrides.QuickstepLauncher#2917 parentId=1419} producedId=88 frameNumber=146 -> producedId=88 frameNumber=38
05-27 18:17:21.310   464   464 D SurfaceFlinger: TransactionTraceWriter: file=/data/misc/wmtrace/out_of_order_buffers_transactions_trace.winscope already exists
05-27 18:17:21.310   639   668 V GrammaticalInflectionUtils: AttributionSource: AttributionSource { uid = 10157, packageName = null, attributionTag = null, token = android.os.Binder@1e22126, deviceId = 0, next = null } does not have READ_SYSTEM_GRAMMATICAL_GENDER permission.
05-27 18:17:21.313   903   945 V WindowManagerShell: Transition requested (#257): android.os.BinderProxy@98ce9fe TransitionRequestInfo { type = OPEN, triggerTask = TaskInfo{userId=0 taskId=98 displayId=0 isRunning=true baseIntent=Intent { act=android.intent.action.MAIN cat=[android.intent.category.LAUNCHER] flg=0x10200000 cmp=com.smartservicehub/.MainActivity } baseActivity=ComponentInfo{com.smartservicehub/com.smartservicehub.MainActivity} topActivity=ComponentInfo{com.smartservicehub/com.smartservicehub.MainActivity} origActivity=null realActivity=ComponentInfo{com.smartservicehub/com.smartservicehub.MainActivity} numActivities=1 lastActiveTime=9021797 supportsMultiWindow=true resizeMode=1 isResizeable=true minWidth=-1 minHeight=-1 defaultMinSize=220 token=WCT{android.window.IWindowContainerToken$Stub$Proxy@8bf355f} topActivityType=1 pictureInPictureParams=null shouldDockBigOverlays=false launchIntoPipHostTaskId=-1 lastParentTaskIdBeforePip=-1 displayCutoutSafeInsets=Rect(0, 132 - 0, 0) topActivityInfo=ActivityInfo{226dbac com.smartservicehub.MainActivity} launchCookies=[android.os.BinderProxy@4822075] positionInParent=Point(0, 0) parentTaskId=-1 isFocused=false isVisible=false isVisibleRequested=false isSleeping=false locusId=null displayAreaFeatureId=1 isTopActivityTransparent=false appCompatTaskInfo=AppCompatTaskInfo { topActivityInSizeCompat=false topActivityEligibleForLetterboxEducation= falseisLetterboxEducationEnabled= false isLetterboxDoubleTapEnabled= false topActivityEligibleForUserAspectRatioButton= false topActivityBoundsLetterboxed= false isFromLetterboxDoubleTap= false topActivityLetterboxVerticalPosition= -1 topActivityLetterboxHorizontalPosition= -1 topActivityLetterboxWidth=1080 topActivityLetterboxHeight=2400 isUserFullscreenOverrideEnabled=false isSystemFullscreenOverrideEnabled=false cameraCompatTaskInfo=CameraCompatTaskInfo { cameraCompatControlState=hidden freeformCameraCompatMode=inactive}}}, pipTask = null, remoteTransition = RemoteTransition { remoteTransition = android.window.IRemoteTransition$Stub$Proxy@c9a80a, appThread = android.app.IApplicationThread$Stub$Proxy@8cbc87b, debugName = QuickstepLaunch }, displayChange = null, flags = 0, debugId = 257 }
05-27 18:17:21.314   903   945 V WindowManagerShell: RemoteTransition directly requested for (#257) android.os.BinderProxy@98ce9fe: RemoteTransition { remoteTransition = android.window.IRemoteTransition$Stub$Proxy@c9a80a, appThread = android.app.IApplicationThread$Stub$Proxy@8cbc87b, debugName = QuickstepLaunch }
05-27 18:17:21.322  1183  1183 W SplitSelectStateCtor: Missing session instanceIds
05-27 18:17:21.323  1183  1183 D StatsLog: LAUNCHER_SPLIT_SELECTION_EXIT_INTERRUPTED
05-27 18:17:21.326   464   464 I BpBinder: onLastStrongRef automatically unlinking death recipients: 
05-27 18:17:21.328   393   393 D Zygote  : Forked child process 7139
05-27 18:17:21.329   639   680 I ActivityManager: Start proc 7139:com.smartservicehub/u0a157 for next-top-activity {com.smartservicehub/com.smartservicehub.MainActivity}
05-27 18:17:21.329   639  1665 D CoreBackPreview: Window{6829f4b u0 Splash Screen com.smartservicehub}: Setting back callback OnBackInvokedCallbackInfo{mCallback=android.window.IOnBackInvokedCallback$Stub$Proxy@5f8dbe6, mPriority=0, mIsAnimationCallback=false}
05-27 18:17:21.337   392   392 I netd    : tetherGetStats() -> {[]} <0.65ms>
05-27 18:17:21.337  7139  7139 I smartservicehub: Late-enabling -Xcheck:jni
05-27 18:17:21.339  1183  1183 I TopTaskTracker: onTaskMovedToFront: (moved taskInfo to front) taskId=98, baseIntent=Intent { act=android.intent.action.MAIN cat=[android.intent.category.LAUNCHER] flg=0x10200000 cmp=com.smartservicehub/.MainActivity }
05-27 18:17:21.356  7139  7139 I smartservicehub: Using CollectorTypeCMC GC.
05-27 18:17:21.357  7139  7139 W smartservicehub: Unexpected CPU variant for x86: x86_64.
05-27 18:17:21.357  7139  7139 W smartservicehub: Known variants: atom, sandybridge, silvermont, goldmont, goldmont-plus, goldmont-without-sha-xsaves, tremont, kabylake, default
05-27 18:17:21.381   460   557 D AudioFlinger: mixer(0x752b0e7de8e0) throttle end: throttle time(33)
05-27 18:17:21.382   473   489 I adbd    : jdwp connection from 7139
05-27 18:17:21.392   464   464 E SurfaceFlinger: Out of order buffers detected for RequestedLayerState{com.android.launcher3/com.android.launcher3.uioverrides.QuickstepLauncher#2917 parentId=1419} producedId=88 frameNumber=146 -> producedId=88 frameNumber=39
05-27 18:17:21.392  7139  7139 D nativeloader: Load libframework-connectivity-tiramisu-jni.so using APEX ns com_android_tethering for caller /apex/com.android.tethering/javalib/framework-connectivity-t.jar: ok
05-27 18:17:21.392   464   464 D SurfaceFlinger: TransactionTraceWriter: file=/data/misc/wmtrace/out_of_order_buffers_transactions_trace.winscope already exists
05-27 18:17:21.441  7139  7139 W ziparchive: Unable to open '/data/app/~~sWDLQGqH5Xbz1m-W7wvIGw==/com.smartservicehub-9zVoBYxA7GWKFLbzCUbTeg==/base.dm': No such file or directory
05-27 18:17:21.441  7139  7139 W ziparchive: Unable to open '/data/app/~~sWDLQGqH5Xbz1m-W7wvIGw==/com.smartservicehub-9zVoBYxA7GWKFLbzCUbTeg==/base.dm': No such file or directory
05-27 18:17:21.442   464   464 E SurfaceFlinger: Out of order buffers detected for RequestedLayerState{com.android.launcher3/com.android.launcher3.uioverrides.QuickstepLauncher#2917 parentId=1419} producedId=88 frameNumber=146 -> producedId=88 frameNumber=40
05-27 18:17:21.442   464   464 D SurfaceFlinger: TransactionTraceWriter: file=/data/misc/wmtrace/out_of_order_buffers_transactions_trace.winscope already exists
05-27 18:17:21.459   460   557 D audioserver: logFgsApiEnd: FGS Logger Transaction failed, -129
05-27 18:17:21.467   903  1393 V WindowManagerShell: onTransitionReady(transaction=2744484113015)
05-27 18:17:21.467   903   945 V WindowManagerShell: onTransitionReady (#257) android.os.BinderProxy@98ce9fe: {id=257 t=OPEN f=0x0 trk=0 r=[0@Point(0, 0)] c=[{WCT{android.window.IWindowContainerToken$Stub$Proxy@9c5ceae} m=OPEN f=NONE leash=Surface(name=Task=98)/@0xa34cbf3 sb=Rect(0, 0 - 1080, 2400) eb=Rect(0, 0 - 1080, 2400) d=0 taskParent=-1},{WCT{android.window.IWindowContainerToken$Stub$Proxy@6c6344f} m=TO_BACK f=SHOW_WALLPAPER leash=Surface(name=Task=1)/@0xf9110b0 sb=Rect(0, 0 - 1080, 2400) eb=Rect(0, 0 - 1080, 2400) d=0 taskParent=-1}]}
05-27 18:17:21.468   903   945 V WindowManagerShell: Playing animation for (#257) android.os.BinderProxy@98ce9fe@0
05-27 18:17:21.469   639   665 V WindowManager: Sent Transition (#257) createdAt=05-27 18:17:21.297 via request=TransitionRequestInfo { type = OPEN, triggerTask = TaskInfo{userId=0 taskId=98 displayId=0 isRunning=true baseIntent=Intent { act=android.intent.action.MAIN cat=[android.intent.category.LAUNCHER] flg=0x10200000 cmp=com.smartservicehub/.MainActivity } baseActivity=ComponentInfo{com.smartservicehub/com.smartservicehub.MainActivity} topActivity=ComponentInfo{com.smartservicehub/com.smartservicehub.MainActivity} origActivity=null realActivity=ComponentInfo{com.smartservicehub/com.smartservicehub.MainActivity} numActivities=1 lastActiveTime=9021797 supportsMultiWindow=true resizeMode=1 isResizeable=true minWidth=-1 minHeight=-1 defaultMinSize=220 token=WCT{RemoteToken{f902940 Task{73ab90e #98 type=standard A=10157:com.smartservicehub}}} topActivityType=1 pictureInPictureParams=null shouldDockBigOverlays=false launchIntoPipHostTaskId=-1 lastParentTaskIdBeforePip=-1 displayCutoutSafeInsets=Rect(0, 132 - 0, 0) topActivityInfo=ActivityInfo{4734079 com.smartservicehub.MainActivity} launchCookies=[android.os.BinderProxy@94d81be] positionInParent=Point(0, 0) parentTaskId=-1 isFocused=false isVisible=false isVisibleRequested=false isSleeping=false locusId=null displayAreaFeatureId=1 isTopActivityTransparent=false appCompatTaskInfo=AppCompatTaskInfo { topActivityInSizeCompat=false topActivityEligibleForLetterboxEducation= falseisLetterboxEducationEnabled= false isLetterboxDoubleTapEnabled= false topActivityEligibleForUserAspectRatioButton= false topActivityBoundsLetterboxed= false isFromLetterboxDoubleTap= false topActivityLetterboxVerticalPosition= -1 topActivityLetterboxHorizontalPosition= -1 topActivityLetterboxWidth=1080 topActivityLetterboxHeight=2400 isUserFullscreenOverrideEnabled=false isSystemFullscreenOverrideEnabled=false cameraCompatTaskInfo=CameraCompatTaskInfo { cameraCompatControlState=hidden freeformCameraCompatMode=inactive}}}, pipTask = null, remoteTransition = RemoteTransition { remoteTransition = android.window.IRemoteTransition$Stub$Proxy@a7c521f, appThread = android.app.IApplicationThread$Stub$Proxy@aee996c, debugName = QuickstepLaunch }, displayChange = null, flags = 0, debugId = 257 }
05-27 18:17:21.470   639   665 V WindowManager:     startWCT=WindowContainerTransaction { changes = {} hops = [] errorCallbackToken=null taskFragmentOrganizer=null }
05-27 18:17:21.471   903   945 V WindowManagerShell:  try firstHandler com.android.wm.shell.transition.DefaultMixedHandler@4ef87
05-27 18:17:21.471   903   945 V WindowManagerShell: Mixed transition for opening an intent with a remote transition and PIP #257
05-27 18:17:21.471   903   945 V WindowManagerShell:  Delegate animation for (#257) to RemoteTransition { remoteTransition = android.window.IRemoteTransition$Stub$Proxy@c9a80a, appThread = android.app.IApplicationThread$Stub$Proxy@8cbc87b, debugName = QuickstepLaunch }
05-27 18:17:21.472   639   665 V WindowManager:     info={id=257 t=OPEN f=0x0 trk=0 r=[0@Point(0, 0)] c=[
05-27 18:17:21.472   639   665 V WindowManager:         {WCT{RemoteToken{f902940 Task{73ab90e #98 type=standard A=10157:com.smartservicehub}}} m=OPEN f=NONE leash=Surface(name=Task=98)/@0xc66d072 sb=Rect(0, 0 - 1080, 2400) eb=Rect(0, 0 - 1080, 2400) d=0 taskParent=-1},
05-27 18:17:21.472   639   665 V WindowManager:         {WCT{RemoteToken{154c72 Task{44cfd8e #1 type=home}}} m=TO_BACK f=SHOW_WALLPAPER leash=Surface(name=Task=1)/@0x383cb91 sb=Rect(0, 0 - 1080, 2400) eb=Rect(0, 0 - 1080, 2400) d=0 taskParent=-1}
05-27 18:17:21.472   639   665 V WindowManager:     ]}
05-27 18:17:21.475   464   464 E SurfaceFlinger: Out of order buffers detected for RequestedLayerState{com.android.launcher3/com.android.launcher3.uioverrides.QuickstepLauncher#2917 parentId=1419} producedId=88 frameNumber=146 -> producedId=88 frameNumber=41
05-27 18:17:21.475   464   464 D SurfaceFlinger: TransactionTraceWriter: file=/data/misc/wmtrace/out_of_order_buffers_transactions_trace.winscope already exists
05-27 18:17:21.478   903   945 V WindowManagerShell:  animated by firstHandler
05-27 18:17:21.484   639   658 W UserManagerService: Requested status bar icon for non-badged user 0
05-27 18:17:21.486  1183  1183 D BaseDepthController: mSurface is null and mCurrentBlur is: 0
05-27 18:17:21.486  1183  1183 D BaseDepthController: mSurface is null and mCurrentBlur is: 0
05-27 18:17:21.486  1183  1183 D BaseDepthController: mSurface is null and mCurrentBlur is: 0
05-27 18:17:21.492   464   464 E SurfaceFlinger: Out of order buffers detected for RequestedLayerState{com.android.launcher3/com.android.launcher3.uioverrides.QuickstepLauncher#2917 parentId=1419} producedId=88 frameNumber=146 -> producedId=88 frameNumber=42
05-27 18:17:21.492   464   464 D SurfaceFlinger: TransactionTraceWriter: file=/data/misc/wmtrace/out_of_order_buffers_transactions_trace.winscope already exists
05-27 18:17:21.501  1183  1183 D BaseDepthController: mSurface is null and mCurrentBlur is: 0
05-27 18:17:21.509   464   464 E SurfaceFlinger: Out of order buffers detected for RequestedLayerState{com.android.launcher3/com.android.launcher3.uioverrides.QuickstepLauncher#2917 parentId=1419} producedId=88 frameNumber=146 -> producedId=88 frameNumber=43
05-27 18:17:21.509   464   464 D SurfaceFlinger: TransactionTraceWriter: file=/data/misc/wmtrace/out_of_order_buffers_transactions_trace.winscope already exists
05-27 18:17:21.526   464   464 E SurfaceFlinger: Out of order buffers detected for RequestedLayerState{com.android.launcher3/com.android.launcher3.uioverrides.QuickstepLauncher#2917 parentId=1419} producedId=88 frameNumber=146 -> producedId=88 frameNumber=44
05-27 18:17:21.526   464   464 D SurfaceFlinger: TransactionTraceWriter: file=/data/misc/wmtrace/out_of_order_buffers_transactions_trace.winscope already exists
05-27 18:17:21.542   464   464 E SurfaceFlinger: Out of order buffers detected for RequestedLayerState{com.android.launcher3/com.android.launcher3.uioverrides.QuickstepLauncher#2917 parentId=1419} producedId=88 frameNumber=146 -> producedId=88 frameNumber=45
05-27 18:17:21.543   464   464 D SurfaceFlinger: TransactionTraceWriter: file=/data/misc/wmtrace/out_of_order_buffers_transactions_trace.winscope already exists
05-27 18:17:21.553  1183  1467 D EGL_emulation: app_time_stats: avg=1404.42ms min=4.45ms max=35738.74ms count=26
05-27 18:17:21.558   464   464 E SurfaceFlinger: Out of order buffers detected for RequestedLayerState{com.android.launcher3/com.android.launcher3.uioverrides.QuickstepLauncher#2917 parentId=1419} producedId=88 frameNumber=146 -> producedId=88 frameNumber=46
05-27 18:17:21.558   464   464 D SurfaceFlinger: TransactionTraceWriter: file=/data/misc/wmtrace/out_of_order_buffers_transactions_trace.winscope already exists
05-27 18:17:21.575   464   464 E SurfaceFlinger: Out of order buffers detected for RequestedLayerState{com.android.launcher3/com.android.launcher3.uioverrides.QuickstepLauncher#2917 parentId=1419} producedId=88 frameNumber=146 -> producedId=88 frameNumber=47
05-27 18:17:21.575   464   464 D SurfaceFlinger: TransactionTraceWriter: file=/data/misc/wmtrace/out_of_order_buffers_transactions_trace.winscope already exists
05-27 18:17:21.594   464   464 E SurfaceFlinger: Out of order buffers detected for RequestedLayerState{com.android.launcher3/com.android.launcher3.uioverrides.QuickstepLauncher#2917 parentId=1419} producedId=88 frameNumber=146 -> producedId=88 frameNumber=48
05-27 18:17:21.594   464   464 D SurfaceFlinger: TransactionTraceWriter: file=/data/misc/wmtrace/out_of_order_buffers_transactions_trace.winscope already exists
05-27 18:17:21.609   464   464 E SurfaceFlinger: Out of order buffers detected for RequestedLayerState{com.android.launcher3/com.android.launcher3.uioverrides.QuickstepLauncher#2917 parentId=1419} producedId=88 frameNumber=146 -> producedId=88 frameNumber=49
05-27 18:17:21.609   464   464 D SurfaceFlinger: TransactionTraceWriter: file=/data/misc/wmtrace/out_of_order_buffers_transactions_trace.winscope already exists
05-27 18:17:21.614  7139  7139 D nativeloader: Configuring clns-7 for other apk /data/app/~~sWDLQGqH5Xbz1m-W7wvIGw==/com.smartservicehub-9zVoBYxA7GWKFLbzCUbTeg==/base.apk. target_sdk_version=35, uses_libraries=, library_path=/data/app/~~sWDLQGqH5Xbz1m-W7wvIGw==/com.smartservicehub-9zVoBYxA7GWKFLbzCUbTeg==/lib/x86_64:/data/app/~~sWDLQGqH5Xbz1m-W7wvIGw==/com.smartservicehub-9zVoBYxA7GWKFLbzCUbTeg==/base.apk!/lib/x86_64, permitted_path=/data:/mnt/expand:/data/user/0/com.smartservicehub
05-27 18:17:21.621  7139  7139 D CompatChangeReporter: Compat change id reported: 202956589; UID 10157; state: ENABLED
05-27 18:17:21.627   464   464 E SurfaceFlinger: Out of order buffers detected for RequestedLayerState{com.android.launcher3/com.android.launcher3.uioverrides.QuickstepLauncher#2917 parentId=1419} producedId=88 frameNumber=146 -> producedId=88 frameNumber=50
05-27 18:17:21.627   464   464 D SurfaceFlinger: TransactionTraceWriter: file=/data/misc/wmtrace/out_of_order_buffers_transactions_trace.winscope already exists
05-27 18:17:21.636  7139  7139 V GraphicsEnvironment: Currently set values for:
05-27 18:17:21.637  7139  7139 V GraphicsEnvironment:   angle_gl_driver_selection_pkgs=[]
05-27 18:17:21.637  7139  7139 V GraphicsEnvironment:   angle_gl_driver_selection_values=[]
05-27 18:17:21.637  7139  7139 V GraphicsEnvironment: Global.Settings values are invalid: number of packages: 0, number of values: 0
05-27 18:17:21.638  7139  7139 V GraphicsEnvironment: Neither updatable production driver nor prerelease driver is supported.
05-27 18:17:21.643   464   464 E SurfaceFlinger: Out of order buffers detected for RequestedLayerState{com.android.launcher3/com.android.launcher3.uioverrides.QuickstepLauncher#2917 parentId=1419} producedId=88 frameNumber=146 -> producedId=88 frameNumber=51
05-27 18:17:21.643   464   464 D SurfaceFlinger: TransactionTraceWriter: file=/data/misc/wmtrace/out_of_order_buffers_transactions_trace.winscope already exists
05-27 18:17:21.659   464   464 E SurfaceFlinger: Out of order buffers detected for RequestedLayerState{com.android.launcher3/com.android.launcher3.uioverrides.QuickstepLauncher#2917 parentId=1419} producedId=88 frameNumber=146 -> producedId=88 frameNumber=52
05-27 18:17:21.659   464   464 D SurfaceFlinger: TransactionTraceWriter: file=/data/misc/wmtrace/out_of_order_buffers_transactions_trace.winscope already exists
05-27 18:17:21.676   464   464 E SurfaceFlinger: Out of order buffers detected for RequestedLayerState{com.android.launcher3/com.android.launcher3.uioverrides.QuickstepLauncher#2917 parentId=1419} producedId=88 frameNumber=146 -> producedId=88 frameNumber=53
05-27 18:17:21.676   464   464 D SurfaceFlinger: TransactionTraceWriter: file=/data/misc/wmtrace/out_of_order_buffers_transactions_trace.winscope already exists
05-27 18:17:21.693   464   464 E SurfaceFlinger: Out of order buffers detected for RequestedLayerState{com.android.launcher3/com.android.launcher3.uioverrides.QuickstepLauncher#2917 parentId=1419} producedId=88 frameNumber=146 -> producedId=88 frameNumber=54
05-27 18:17:21.693   464   464 D SurfaceFlinger: TransactionTraceWriter: file=/data/misc/wmtrace/out_of_order_buffers_transactions_trace.winscope already exists
05-27 18:17:21.709   464   464 E SurfaceFlinger: Out of order buffers detected for RequestedLayerState{com.android.launcher3/com.android.launcher3.uioverrides.QuickstepLauncher#2917 parentId=1419} producedId=88 frameNumber=146 -> producedId=88 frameNumber=55
05-27 18:17:21.709   464   464 D SurfaceFlinger: TransactionTraceWriter: file=/data/misc/wmtrace/out_of_order_buffers_transactions_trace.winscope already exists
05-27 18:17:21.720  7139  7139 D CompatChangeReporter: Compat change id reported: 279646685; UID 10157; state: ENABLED
05-27 18:17:21.726   464   464 E SurfaceFlinger: Out of order buffers detected for RequestedLayerState{com.android.launcher3/com.android.launcher3.uioverrides.QuickstepLauncher#2917 parentId=1419} producedId=88 frameNumber=146 -> producedId=88 frameNumber=56
05-27 18:17:21.726   464   464 D SurfaceFlinger: TransactionTraceWriter: file=/data/misc/wmtrace/out_of_order_buffers_transactions_trace.winscope already exists
05-27 18:17:21.743   464   464 E SurfaceFlinger: Out of order buffers detected for RequestedLayerState{com.android.launcher3/com.android.launcher3.uioverrides.QuickstepLauncher#2917 parentId=1419} producedId=88 frameNumber=146 -> producedId=88 frameNumber=57
05-27 18:17:21.743   464   464 D SurfaceFlinger: TransactionTraceWriter: file=/data/misc/wmtrace/out_of_order_buffers_transactions_trace.winscope already exists
05-27 18:17:21.756  7139  7139 W SoLoader: Initializing SoLoader: 0
05-27 18:17:21.758   464   464 E SurfaceFlinger: Out of order buffers detected for RequestedLayerState{com.android.launcher3/com.android.launcher3.uioverrides.QuickstepLauncher#2917 parentId=1419} producedId=88 frameNumber=146 -> producedId=88 frameNumber=58
05-27 18:17:21.758   464   464 D SurfaceFlinger: TransactionTraceWriter: file=/data/misc/wmtrace/out_of_order_buffers_transactions_trace.winscope already exists
05-27 18:17:21.763  7139  7139 W SoLoader: Recording new base apk path: /data/app/~~sWDLQGqH5Xbz1m-W7wvIGw==/com.smartservicehub-9zVoBYxA7GWKFLbzCUbTeg==/base.apk
05-27 18:17:21.763  7139  7139 W SoLoader: Previously recorded 0 base apk paths.
05-27 18:17:21.769  7139  7139 D CompatChangeReporter: Compat change id reported: 312399441; UID 10157; state: ENABLED
05-27 18:17:21.770  7139  7139 I SoLoader: Preparing SO source: DirectorySoSource[root = /vendor/lib64 flags = 2]
05-27 18:17:21.770  7139  7139 I SoLoader: Preparing SO source: DirectorySoSource[root = /system/lib64 flags = 2]
05-27 18:17:21.770  7139  7139 I SoLoader: Preparing SO source: DirectApkSoSource[root = [/data/app/~~sWDLQGqH5Xbz1m-W7wvIGw==/com.smartservicehub-9zVoBYxA7GWKFLbzCUbTeg==/base.apk!/lib/x86_64]]
05-27 18:17:21.776   464   464 E SurfaceFlinger: Out of order buffers detected for RequestedLayerState{com.android.launcher3/com.android.launcher3.uioverrides.QuickstepLauncher#2917 parentId=1419} producedId=88 frameNumber=146 -> producedId=88 frameNumber=59
05-27 18:17:21.776   464   464 D SurfaceFlinger: TransactionTraceWriter: file=/data/misc/wmtrace/out_of_order_buffers_transactions_trace.winscope already exists
05-27 18:17:21.791   464   464 E SurfaceFlinger: Out of order buffers detected for RequestedLayerState{com.android.launcher3/com.android.launcher3.uioverrides.QuickstepLauncher#2917 parentId=1419} producedId=88 frameNumber=146 -> producedId=88 frameNumber=60
05-27 18:17:21.791   464   464 D SurfaceFlinger: TransactionTraceWriter: file=/data/misc/wmtrace/out_of_order_buffers_transactions_trace.winscope already exists
05-27 18:17:21.808   464   464 E SurfaceFlinger: Out of order buffers detected for RequestedLayerState{com.android.launcher3/com.android.launcher3.uioverrides.QuickstepLauncher#2917 parentId=1419} producedId=88 frameNumber=146 -> producedId=88 frameNumber=61
05-27 18:17:21.808   464   464 D SurfaceFlinger: TransactionTraceWriter: file=/data/misc/wmtrace/out_of_order_buffers_transactions_trace.winscope already exists
05-27 18:17:21.825   464   464 E SurfaceFlinger: Out of order buffers detected for RequestedLayerState{com.android.launcher3/com.android.launcher3.uioverrides.QuickstepLauncher#2917 parentId=1419} producedId=88 frameNumber=146 -> producedId=88 frameNumber=62
05-27 18:17:21.825   464   464 D SurfaceFlinger: TransactionTraceWriter: file=/data/misc/wmtrace/out_of_order_buffers_transactions_trace.winscope already exists
05-27 18:17:21.827  7139  7139 I SoLoader: Preparing SO source: ApplicationSoSource[DirectorySoSource[root = /data/app/~~sWDLQGqH5Xbz1m-W7wvIGw==/com.smartservicehub-9zVoBYxA7GWKFLbzCUbTeg==/lib/x86_64 flags = 0]]
05-27 18:17:21.827  7139  7139 I SoLoader: init finish: 4 SO sources prepared
05-27 18:17:21.829  7139  7139 W SoLoader: SoLoader initialized: 8
05-27 18:17:21.843   464   464 E SurfaceFlinger: Out of order buffers detected for RequestedLayerState{com.android.launcher3/com.android.launcher3.uioverrides.QuickstepLauncher#2917 parentId=1419} producedId=88 frameNumber=146 -> producedId=88 frameNumber=63
05-27 18:17:21.843   464   464 D SurfaceFlinger: TransactionTraceWriter: file=/data/misc/wmtrace/out_of_order_buffers_transactions_trace.winscope already exists
05-27 18:17:21.860   464   464 E SurfaceFlinger: Out of order buffers detected for RequestedLayerState{com.android.launcher3/com.android.launcher3.uioverrides.QuickstepLauncher#2917 parentId=1419} producedId=88 frameNumber=146 -> producedId=88 frameNumber=64
05-27 18:17:21.860   464   464 D SurfaceFlinger: TransactionTraceWriter: file=/data/misc/wmtrace/out_of_order_buffers_transactions_trace.winscope already exists
05-27 18:17:21.875   464   464 E SurfaceFlinger: Out of order buffers detected for RequestedLayerState{com.android.launcher3/com.android.launcher3.uioverrides.QuickstepLauncher#2917 parentId=1419} producedId=88 frameNumber=146 -> producedId=88 frameNumber=65
05-27 18:17:21.875   464   464 D SurfaceFlinger: TransactionTraceWriter: file=/data/misc/wmtrace/out_of_order_buffers_transactions_trace.winscope already exists
05-27 18:17:21.892   464   464 E SurfaceFlinger: Out of order buffers detected for RequestedLayerState{com.android.launcher3/com.android.launcher3.uioverrides.QuickstepLauncher#2917 parentId=1419} producedId=88 frameNumber=146 -> producedId=88 frameNumber=66
05-27 18:17:21.892   464   464 D SurfaceFlinger: TransactionTraceWriter: file=/data/misc/wmtrace/out_of_order_buffers_transactions_trace.winscope already exists
05-27 18:17:21.908   464   464 E SurfaceFlinger: Out of order buffers detected for RequestedLayerState{com.android.launcher3/com.android.launcher3.uioverrides.QuickstepLauncher#2917 parentId=1419} producedId=88 frameNumber=146 -> producedId=88 frameNumber=67
05-27 18:17:21.908   464   464 D SurfaceFlinger: TransactionTraceWriter: file=/data/misc/wmtrace/out_of_order_buffers_transactions_trace.winscope already exists
05-27 18:17:21.925  7139  7139 D nativeloader: Load /data/app/~~sWDLQGqH5Xbz1m-W7wvIGw==/com.smartservicehub-9zVoBYxA7GWKFLbzCUbTeg==/base.apk!/lib/x86_64/libc++_shared.so using ns clns-7 from class loader (caller=/data/app/~~sWDLQGqH5Xbz1m-W7wvIGw==/com.smartservicehub-9zVoBYxA7GWKFLbzCUbTeg==/base.apk): ok
05-27 18:17:21.925   464   464 E SurfaceFlinger: Out of order buffers detected for RequestedLayerState{com.android.launcher3/com.android.launcher3.uioverrides.QuickstepLauncher#2917 parentId=1419} producedId=88 frameNumber=146 -> producedId=88 frameNumber=68
05-27 18:17:21.925   464   464 D SurfaceFlinger: TransactionTraceWriter: file=/data/misc/wmtrace/out_of_order_buffers_transactions_trace.winscope already exists
05-27 18:17:21.942   464   464 E SurfaceFlinger: Out of order buffers detected for RequestedLayerState{com.android.launcher3/com.android.launcher3.uioverrides.QuickstepLauncher#2917 parentId=1419} producedId=88 frameNumber=146 -> producedId=88 frameNumber=69
05-27 18:17:21.942   464   464 D SurfaceFlinger: TransactionTraceWriter: file=/data/misc/wmtrace/out_of_order_buffers_transactions_trace.winscope already exists
05-27 18:17:21.960   464   464 E SurfaceFlinger: Out of order buffers detected for RequestedLayerState{com.android.launcher3/com.android.launcher3.uioverrides.QuickstepLauncher#2917 parentId=1419} producedId=88 frameNumber=146 -> producedId=88 frameNumber=70
05-27 18:17:21.960   464   464 D SurfaceFlinger: TransactionTraceWriter: file=/data/misc/wmtrace/out_of_order_buffers_transactions_trace.winscope already exists
05-27 18:17:21.971  7139  7139 D nativeloader: Load /data/app/~~sWDLQGqH5Xbz1m-W7wvIGw==/com.smartservicehub-9zVoBYxA7GWKFLbzCUbTeg==/base.apk!/lib/x86_64/libjsi.so using ns clns-7 from class loader (caller=/data/app/~~sWDLQGqH5Xbz1m-W7wvIGw==/com.smartservicehub-9zVoBYxA7GWKFLbzCUbTeg==/base.apk): ok
05-27 18:17:21.974   464   464 E SurfaceFlinger: Out of order buffers detected for RequestedLayerState{com.android.launcher3/com.android.launcher3.uioverrides.QuickstepLauncher#2917 parentId=1419} producedId=88 frameNumber=146 -> producedId=88 frameNumber=71
05-27 18:17:21.975   464   464 D SurfaceFlinger: TransactionTraceWriter: file=/data/misc/wmtrace/out_of_order_buffers_transactions_trace.winscope already exists
05-27 18:17:21.993   464   464 E SurfaceFlinger: Out of order buffers detected for RequestedLayerState{com.android.launcher3/com.android.launcher3.uioverrides.QuickstepLauncher#2917 parentId=1419} producedId=88 frameNumber=146 -> producedId=88 frameNumber=72
05-27 18:17:21.993   464   464 D SurfaceFlinger: TransactionTraceWriter: file=/data/misc/wmtrace/out_of_order_buffers_transactions_trace.winscope already exists
05-27 18:17:21.996   903   945 V WindowManagerShell: Transition animation finished (aborted=false), notifying core (#257) android.os.BinderProxy@98ce9fe@0
05-27 18:17:22.000   639   665 V WindowManager: Finish Transition (#257): created at 05-27 18:17:21.297 collect-started=0.411ms request-sent=7.415ms started=25.06ms ready=164.579ms sent=169.433ms finished=702.325ms
05-27 18:17:22.002   903   945 V WindowManagerShell: Track 0 became idle
05-27 18:17:22.002   903   945 V WindowManagerShell: All active transition animations finished
05-27 18:17:22.004  7139  7139 D nativeloader: Load /data/app/~~sWDLQGqH5Xbz1m-W7wvIGw==/com.smartservicehub-9zVoBYxA7GWKFLbzCUbTeg==/base.apk!/lib/x86_64/libfbjni.so using ns clns-7 from class loader (caller=/data/app/~~sWDLQGqH5Xbz1m-W7wvIGw==/com.smartservicehub-9zVoBYxA7GWKFLbzCUbTeg==/base.apk): ok
05-27 18:17:22.008   639   659 W UserManagerService: Requested status bar icon for non-badged user 0
05-27 18:17:22.010   464   464 E SurfaceFlinger: Out of order buffers detected for RequestedLayerState{com.android.launcher3/com.android.launcher3.uioverrides.QuickstepLauncher#2917 parentId=1419} producedId=88 frameNumber=146 -> producedId=88 frameNumber=73
05-27 18:17:22.010   464   464 D SurfaceFlinger: TransactionTraceWriter: file=/data/misc/wmtrace/out_of_order_buffers_transactions_trace.winscope already exists
05-27 18:17:22.010  1183  1183 D VRI[QuickstepLauncher]: visibilityChanged oldVisibility=true newVisibility=false
05-27 18:17:22.017   639   659 W UserManagerService: Requested status bar icon for non-badged user 0
05-27 18:17:22.025  7139  7139 D nativeloader: Load /data/app/~~sWDLQGqH5Xbz1m-W7wvIGw==/com.smartservicehub-9zVoBYxA7GWKFLbzCUbTeg==/base.apk!/lib/x86_64/libreactnative.so using ns clns-7 from class loader (caller=/data/app/~~sWDLQGqH5Xbz1m-W7wvIGw==/com.smartservicehub-9zVoBYxA7GWKFLbzCUbTeg==/base.apk): ok
05-27 18:17:22.025  7139  7139 D jni_lib_merge: Entering merged library JNI_OnLoad.
05-27 18:17:22.025  7139  7139 D jni_lib_merge: Preparing 11 pre-merged libs (including stub)
05-27 18:17:22.025  7139  7139 D jni_lib_merge: Preparing to register libfabricjni_so.  onload_func: 0x798b121202b0
05-27 18:17:22.025  7139  7139 D jni_lib_merge: Preparing to register libreact_devsupportjni_so.  onload_func: 0x798b12379580
05-27 18:17:22.025  7139  7139 D jni_lib_merge: Preparing to register libreact_featureflagsjni_so.  onload_func: 0x798b123859d0
05-27 18:17:22.026  7139  7139 D jni_lib_merge: Preparing to register libreact_newarchdefaults_so.  onload_func: 0x798b123f96f0
05-27 18:17:22.026  7139  7139 D jni_lib_merge: Preparing to register libreactnativeblob_so.  onload_func: 0x798b1260be00
05-27 18:17:22.026  7139  7139 D jni_lib_merge: Preparing to register libreactnativejni_so.  onload_func: 0x798b12668780
05-27 18:17:22.026  7139  7139 D jni_lib_merge: Preparing to register librninstance_so.  onload_func: 0x798b126b4420
05-27 18:17:22.026  7139  7139 D jni_lib_merge: Preparing to register libturbomodulejsijni_so.  onload_func: 0x798b127f6f80
05-27 18:17:22.026  7139  7139 D jni_lib_merge: Preparing to register libuimanagerjni_so.  onload_func: 0x798b128123b0
05-27 18:17:22.026  7139  7139 D jni_lib_merge: Preparing to register libyoga_so.  onload_func: 0x798b12820410
05-27 18:17:22.026  7139  7139 D jni_lib_merge: About to register 10 actual methods.
05-27 18:17:22.069  1183  1183 W FrameTracker: Missed SF frame:UNKNOWN: 80, 402208, 0, CUJ=J<LAUNCHER_APP_LAUNCH_FROM_ICON>
05-27 18:17:22.069  1183  1183 W FrameTracker: Missing HWUI jank callback for vsyncId: 402208, CUJ=J<LAUNCHER_APP_LAUNCH_FROM_ICON>
05-27 18:17:22.069  1183  1183 W FrameTracker: Missed SF frame:UNKNOWN: 80, 402223, 0, CUJ=J<LAUNCHER_APP_LAUNCH_FROM_ICON>
05-27 18:17:22.069  1183  1183 W FrameTracker: Missing HWUI jank callback for vsyncId: 402223, CUJ=J<LAUNCHER_APP_LAUNCH_FROM_ICON>
05-27 18:17:22.069  1183  1183 W FrameTracker: Missed SF frame:UNKNOWN: 80, 402238, 47193590, CUJ=J<LAUNCHER_APP_LAUNCH_FROM_ICON>
05-27 18:17:22.069  1183  1183 W FrameTracker: Missed SF frame:UNKNOWN: 80, 402247, 33935358, CUJ=J<LAUNCHER_APP_LAUNCH_FROM_ICON>
05-27 18:17:22.069  1183  1183 W FrameTracker: Missed SF frame:UNKNOWN: 80, 402255, 34720892, CUJ=J<LAUNCHER_APP_LAUNCH_FROM_ICON>
05-27 18:17:22.069  1183  1183 W FrameTracker: Missed App frame:UNKNOWN: 88, 402263, 36371026, CUJ=J<LAUNCHER_APP_LAUNCH_FROM_ICON>
05-27 18:17:22.069  1183  1183 W FrameTracker: Missed SF frame:UNKNOWN: 88, 402263, 36371026, CUJ=J<LAUNCHER_APP_LAUNCH_FROM_ICON>
05-27 18:17:22.069  1183  1183 W FrameTracker: Missed SF frame:UNKNOWN: 80, 402271, 35224160, CUJ=J<LAUNCHER_APP_LAUNCH_FROM_ICON>
05-27 18:17:22.069  1183  1183 W FrameTracker: Missed SF frame:UNKNOWN: 80, 402279, 34890294, CUJ=J<LAUNCHER_APP_LAUNCH_FROM_ICON>
05-27 18:17:22.069  1183  1183 W FrameTracker: Missed SF frame:UNKNOWN: 80, 402287, 32898828, CUJ=J<LAUNCHER_APP_LAUNCH_FROM_ICON>
05-27 18:17:22.069  1183  1183 W FrameTracker: Missed SF frame:UNKNOWN: 80, 402295, 35521262, CUJ=J<LAUNCHER_APP_LAUNCH_FROM_ICON>
05-27 18:17:22.069  1183  1183 W FrameTracker: Missed SF frame:UNKNOWN: 80, 402303, 33824196, CUJ=J<LAUNCHER_APP_LAUNCH_FROM_ICON>
05-27 18:17:22.070  1183  1183 W FrameTracker: Missed SF frame:UNKNOWN: 80, 402311, 35092130, CUJ=J<LAUNCHER_APP_LAUNCH_FROM_ICON>
05-27 18:17:22.070  1183  1183 W FrameTracker: Missed SF frame:UNKNOWN: 80, 402326, 28042364, CUJ=J<LAUNCHER_APP_LAUNCH_FROM_ICON>
05-27 18:17:22.070  1183  1183 W FrameTracker: Missed SF frame:UNKNOWN: 80, 402334, 26683698, CUJ=J<LAUNCHER_APP_LAUNCH_FROM_ICON>
05-27 18:17:22.070  1183  1183 W FrameTracker: Missing HWUI jank callback for vsyncId: 402342, CUJ=J<LAUNCHER_APP_LAUNCH_FROM_ICON>
05-27 18:17:22.070  1183  1183 W FrameTracker: Missed SF frame:PREDICTION_ERROR, 402358, 8087500, CUJ=J<LAUNCHER_APP_LAUNCH_FROM_ICON>
05-27 18:17:22.070  1183  1183 W FrameTracker: Missing HWUI jank callback for vsyncId: 402469, CUJ=J<LAUNCHER_APP_LAUNCH_FROM_ICON>
05-27 18:17:22.071  1183  1201 V PerfettoTrigger: Not triggering com.android.telemetry.interaction-jank-monitor-8 - not enough time since last trigger
05-27 18:17:22.094  7139  7139 D nativeloader: Load /data/app/~~sWDLQGqH5Xbz1m-W7wvIGw==/com.smartservicehub-9zVoBYxA7GWKFLbzCUbTeg==/base.apk!/lib/x86_64/libreact_codegen_rnscreens.so using ns clns-7 from class loader (caller=/data/app/~~sWDLQGqH5Xbz1m-W7wvIGw==/com.smartservicehub-9zVoBYxA7GWKFLbzCUbTeg==/base.apk): ok
05-27 18:17:22.094  7139  7139 D jni_lib_merge: Entering merged library JNI_OnLoad.
05-27 18:17:22.094  7139  7139 D jni_lib_merge: Preparing 11 pre-merged libs (including stub)
05-27 18:17:22.095  7139  7139 D jni_lib_merge: Preparing to register libfabricjni_so.  onload_func: 0x798b121202b0
05-27 18:17:22.095  7139  7139 D jni_lib_merge: Preparing to register libreact_devsupportjni_so.  onload_func: 0x798b12379580
05-27 18:17:22.095  7139  7139 D jni_lib_merge: Preparing to register libreact_featureflagsjni_so.  onload_func: 0x798b123859d0
05-27 18:17:22.095  7139  7139 D jni_lib_merge: Preparing to register libreact_newarchdefaults_so.  onload_func: 0x798b123f96f0
05-27 18:17:22.095  7139  7139 D jni_lib_merge: Preparing to register libreactnativeblob_so.  onload_func: 0x798b1260be00
05-27 18:17:22.095  7139  7139 D jni_lib_merge: Preparing to register libreactnativejni_so.  onload_func: 0x798b12668780
05-27 18:17:22.095  7139  7139 D jni_lib_merge: Preparing to register librninstance_so.  onload_func: 0x798b126b4420
05-27 18:17:22.095  7139  7139 D jni_lib_merge: Preparing to register libturbomodulejsijni_so.  onload_func: 0x798b127f6f80
05-27 18:17:22.095  7139  7139 D jni_lib_merge: Preparing to register libuimanagerjni_so.  onload_func: 0x798b128123b0
05-27 18:17:22.096  7139  7139 D jni_lib_merge: Preparing to register libyoga_so.  onload_func: 0x798b12820410
05-27 18:17:22.096  7139  7139 D jni_lib_merge: About to register 10 actual methods.
05-27 18:17:22.127  7139  7139 D nativeloader: Load /data/app/~~sWDLQGqH5Xbz1m-W7wvIGw==/com.smartservicehub-9zVoBYxA7GWKFLbzCUbTeg==/base.apk!/lib/x86_64/libreact_codegen_safeareacontext.so using ns clns-7 from class loader (caller=/data/app/~~sWDLQGqH5Xbz1m-W7wvIGw==/com.smartservicehub-9zVoBYxA7GWKFLbzCUbTeg==/base.apk): ok
05-27 18:17:22.133  7139  7139 D nativeloader: Load /data/app/~~sWDLQGqH5Xbz1m-W7wvIGw==/com.smartservicehub-9zVoBYxA7GWKFLbzCUbTeg==/base.apk!/lib/x86_64/libappmodules.so using ns clns-7 from class loader (caller=/data/app/~~sWDLQGqH5Xbz1m-W7wvIGw==/com.smartservicehub-9zVoBYxA7GWKFLbzCUbTeg==/base.apk): ok
05-27 18:17:22.135   639   659 I AppsFilter: interaction: PackageSetting{e3ef783 com.smartservicehub/10157} -> PackageSetting{a209f33 com.android.launcher3/10120} BLOCKED
05-27 18:17:22.211  7139  7139 D AppCompatDelegate: Checking for metadata for AppLocalesMetadataHolderService : Service not found
05-27 18:17:22.269  7139  7139 D nativeloader: Load /data/app/~~sWDLQGqH5Xbz1m-W7wvIGw==/com.smartservicehub-9zVoBYxA7GWKFLbzCUbTeg==/base.apk!/lib/x86_64/libhermes.so using ns clns-7 from class loader (caller=/data/app/~~sWDLQGqH5Xbz1m-W7wvIGw==/com.smartservicehub-9zVoBYxA7GWKFLbzCUbTeg==/base.apk): ok
05-27 18:17:22.273  7139  7139 D nativeloader: Load /data/app/~~sWDLQGqH5Xbz1m-W7wvIGw==/com.smartservicehub-9zVoBYxA7GWKFLbzCUbTeg==/base.apk!/lib/x86_64/libhermestooling.so using ns clns-7 from class loader (caller=/data/app/~~sWDLQGqH5Xbz1m-W7wvIGw==/com.smartservicehub-9zVoBYxA7GWKFLbzCUbTeg==/base.apk): ok
05-27 18:17:22.273  7139  7139 D jni_lib_merge: Entering merged library JNI_OnLoad.
05-27 18:17:22.273  7139  7139 D jni_lib_merge: Preparing 4 pre-merged libs (including stub)
05-27 18:17:22.273  7139  7139 D jni_lib_merge: Preparing to register libhermes_executor_so.  onload_func: 0x798b0a372750
05-27 18:17:22.273  7139  7139 D jni_lib_merge: Preparing to register libhermesinstancejni_so.  onload_func: 0x798b0a3ab100
05-27 18:17:22.273  7139  7139 D jni_lib_merge: Preparing to register libjsijniprofiler_so.  onload_func: 0x798b0a3ad180
05-27 18:17:22.273  7139  7139 D jni_lib_merge: About to register 3 actual methods.
05-27 18:17:22.523  7139  7139 W unknown:BridgelessReact: ReactHost{0}.startSurface(surfaceId = 0): Schedule
05-27 18:17:22.524  7139  7139 W unknown:BridgelessReact: ReactHost{0}.attachSurface(surfaceId = 0)
05-27 18:17:22.527  7139  7162 W unknown:BridgelessReact: ReactHost{0}.getOrCreateReactInstanceTask()
05-27 18:17:22.528  7139  7162 W unknown:BridgelessReact: ReactHost{0}.getOrCreateReactInstanceTask(): Start
05-27 18:17:22.529  7139  7162 W unknown:BridgelessReact: ReactHost{0}.getJSBundleLoader()
05-27 18:17:22.529  7139  7162 W unknown:BridgelessReact: ReactHost{0}.isMetroRunning()
05-27 18:17:22.533  7139  7139 D CompatChangeReporter: Compat change id reported: 309578419; UID 10157; state: ENABLED
05-27 18:17:22.545   392  7165 I resolv  : GetAddrInfoHandler::run: {100 100 100 983140 10157 0}
05-27 18:17:22.545   392  7166 I resolv  : GetAddrInfoHandler::run: {100 100 100 983140 10157 0}
05-27 18:17:22.552  7139  7164 D TrafficStats: tagSocket(86) with statsTag=0xffffffff, statsUid=-1
05-27 18:17:22.553  7139  7163 D TrafficStats: tagSocket(84) with statsTag=0xffffffff, statsUid=-1
05-27 18:17:22.566  7139  7139 E TransactionExecutor: Failed to execute the transaction: tId:-2109280945 ClientTransaction{
05-27 18:17:22.566  7139  7139 E TransactionExecutor: tId:-2109280945   transactionItems=[
